Archive member included because of file (symbol)

./../Platform/BSP/debug/libBSP_efm32_debug.a(BSP_LED.o)
                              C:/Users/Seb/XDK-Workspace/AirQualityDrone_XDK_Github/testUart/debug/objects/source/SystemStartup.o (BSP_LED_Connect)
./../Platform/BSP/debug/libBSP_efm32_debug.a(BSP_Board.o)
                              C:/Users/Seb/XDK-Workspace/AirQualityDrone_XDK_Github/testUart/debug/objects/source/SystemStartup.o (BSP_Board_OSTickInitialize)
./../Platform/BSP/debug/libBSP_efm32_debug.a(BSP_USB.o)
                              ./../Platform/BSP/debug/libBSP_efm32_debug.a(BSP_Board.o) (USB_init)
./../Platform/BSP/debug/libBSP_efm32_debug.a(BSP_DMA.o)
                              ./../Platform/BSP/debug/libBSP_efm32_debug.a(BSP_Board.o) (BSP_DMA_Initialize)
./../Platform/BSP/debug/libBSP_efm32_debug.a(BSP_IrqHandler.o)
                              ./../Platform/BSP/debug/libBSP_efm32_debug.a(BSP_Board.o) (IrqHandler_SysTickDummyHandler)
./../Platform/BSP/debug/libBSP_efm32_debug.a(BSP_ExtensionPort.o)
                              ./../Platform/BSP/debug/libBSP_efm32_debug.a(BSP_IrqHandler.o) (BSP_ExtensionPort_I2cIsr)
./../Platform/BSP/debug/libBSP_efm32_debug.a(BSP_WiFi_cc3100mod.o)
                              ./../Platform/BSP/debug/libBSP_efm32_debug.a(BSP_IrqHandler.o) (WiFi_CC3100MOD_SPIRxISR)
./../Platform/BSP/debug/libBSP_efm32_debug.a(BSP_BT_EM9301.o)
                              ./../Platform/BSP/debug/libBSP_efm32_debug.a(BSP_IrqHandler.o) (BT_EM9301_UART_TxISR)
./../Platform/BSP/debug/libBSP_efm32_debug.a(BSP_SensorNode.o)
                              ./../Platform/BSP/debug/libBSP_efm32_debug.a(BSP_IrqHandler.o) (SensorNode_I2CISR)
./../Platform/BSP/debug/libBSP_efm32_debug.a(BSP_SDCard.o)
                              ./../Platform/BSP/debug/libBSP_efm32_debug.a(BSP_IrqHandler.o) (SDCard_SPIRxISR)
./../Libraries/FreeRTOS/debug/libFreeRTOS_efm32_debug.a(tasks.o)
                              C:/Users/Seb/XDK-Workspace/AirQualityDrone_XDK_Github/testUart/debug/objects/testUart.o (vTaskDelay)
./../Libraries/FreeRTOS/debug/libFreeRTOS_efm32_debug.a(timers.o)
                              ./../Libraries/FreeRTOS/debug/libFreeRTOS_efm32_debug.a(tasks.o) (xTimerCreateTimerTask)
./../Libraries/FreeRTOS/debug/libFreeRTOS_efm32_debug.a(heap_4.o)
                              ./../Libraries/FreeRTOS/debug/libFreeRTOS_efm32_debug.a(tasks.o) (pvPortMalloc)
./../Libraries/FreeRTOS/debug/libFreeRTOS_efm32_debug.a(port.o)
                              ./../Libraries/FreeRTOS/debug/libFreeRTOS_efm32_debug.a(tasks.o) (pxPortInitialiseStack)
./../Libraries/FreeRTOS/debug/libFreeRTOS_efm32_debug.a(list.o)
                              ./../Libraries/FreeRTOS/debug/libFreeRTOS_efm32_debug.a(tasks.o) (vListInitialise)
./../Libraries/FreeRTOS/debug/libFreeRTOS_efm32_debug.a(queue.o)
                              ./../Libraries/FreeRTOS/debug/libFreeRTOS_efm32_debug.a(timers.o) (xQueueGenericCreate)
./../Libraries/EMlib/debug/libEMLib_efm32_debug.a(em_adc.o)
                              C:/Users/Seb/XDK-Workspace/AirQualityDrone_XDK_Github/testUart/debug/objects/testUart.o (ADC_Init)
./../Libraries/EMlib/debug/libEMLib_efm32_debug.a(em_cmu.o)
                              ./../Platform/BSP/debug/libBSP_efm32_debug.a(BSP_Board.o) (CMU_ClockDivSet)
./../Libraries/EMlib/debug/libEMLib_efm32_debug.a(em_msc.o)
                              ./../Platform/BSP/debug/libBSP_efm32_debug.a(BSP_Board.o) (MSC_Init)
./../Libraries/EMlib/debug/libEMLib_efm32_debug.a(em_dma.o)
                              ./../Platform/BSP/debug/libBSP_efm32_debug.a(BSP_DMA.o) (DMA_Reset)
./../Libraries/EMlib/debug/libEMLib_efm32_debug.a(em_emu.o)
                              ./../Libraries/EMlib/debug/libEMLib_efm32_debug.a(em_cmu.o) (EMU_UpdateOscConfig)
./../Libraries/EMlib/debug/libEMLib_efm32_debug.a(em_gpio.o)
                              ./../Platform/BSP/debug/libBSP_efm32_debug.a(BSP_Board.o) (GPIO_DriveModeSet)
./../Libraries/EMlib/debug/libEMLib_efm32_debug.a(em_int.o)
                              C:/Users/Seb/XDK-Workspace/AirQualityDrone_XDK_Github/testUart/debug/objects/./../Libraries/EMlib/3rd-party/EMLib/usb/src/em_usbdint.o (INT_LockCnt)
./../Libraries/EMlib/debug/libEMLib_efm32_debug.a(em_i2c.o)
                              ./../Platform/BSP/debug/libBSP_efm32_debug.a(BSP_ExtensionPort.o) (I2C_Enable)
./../Libraries/EMlib/debug/libEMLib_efm32_debug.a(em_usart.o)
                              ./../Platform/BSP/debug/libBSP_efm32_debug.a(BSP_Board.o) (USART_BaudrateSyncSet)
./../Libraries/EMlib/debug/libEMLib_efm32_debug.a(em_system.o)
                              ./../Platform/BSP/debug/libBSP_efm32_debug.a(BSP_Board.o) (SYSTEM_ChipRevisionGet)
./../Libraries/EMlib/debug/libEMLib_efm32_debug.a(em_usbd.o)
                              C:/Users/Seb/XDK-Workspace/AirQualityDrone_XDK_Github/testUart/debug/objects/./../Libraries/EMlib/3rd-party/EMLib/usb/src/em_usbdint.o (dev)
[...]
Memory Configuration

Name             Origin             Length             Attributes
FLASH            0x00020200         0x000dfe00         xr
RAM              0x20000000         0x00020000         xrw
*default*        0x00000000         0xffffffff

Linker script and memory map

LOAD c:/xdk-workbench/xdk/armgcc/bin/../lib/gcc/arm-none-eabi/4.7.4/armv7-m/crti.o
LOAD c:/xdk-workbench/xdk/armgcc/bin/../lib/gcc/arm-none-eabi/4.7.4/armv7-m/crtbegin.o
LOAD c:/xdk-workbench/xdk/armgcc/bin/../lib/gcc/arm-none-eabi/4.7.4/../../../../arm-none-eabi/lib/armv7-m/crt0.o
LOAD C:/Users/Seb/XDK-Workspace/AirQualityDrone_XDK_Github/testUart/debug/objects/source/Assert.o
LOAD C:/Users/Seb/XDK-Workspace/AirQualityDrone_XDK_Github/testUart/debug/objects/source/RetargetStdio.o
LOAD C:/Users/Seb/XDK-Workspace/AirQualityDrone_XDK_Github/testUart/debug/objects/source/BleDeviceInfoService.o
LOAD C:/Users/Seb/XDK-Workspace/AirQualityDrone_XDK_Github/testUart/debug/objects/source/cJSON.o
LOAD C:/Users/Seb/XDK-Workspace/AirQualityDrone_XDK_Github/testUart/debug/objects/source/UsbResetUtility.o
LOAD C:/Users/Seb/XDK-Workspace/AirQualityDrone_XDK_Github/testUart/debug/objects/source/SensorHandle.o
LOAD C:/Users/Seb/XDK-Workspace/AirQualityDrone_XDK_Github/testUart/debug/objects/source/SystemStartup.o
LOAD C:/Users/Seb/XDK-Workspace/AirQualityDrone_XDK_Github/testUart/debug/objects/source/XdkVersion.o
LOAD C:/Users/Seb/XDK-Workspace/AirQualityDrone_XDK_Github/testUart/debug/objects/legacy/source/ServalPAL_WiFi.o
LOAD C:/Users/Seb/XDK-Workspace/AirQualityDrone_XDK_Github/testUart/debug/objects/./../Libraries/EMlib/3rd-party/EMLib/usb/src/em_usbdint.o
LOAD C:/Users/Seb/XDK-Workspace/AirQualityDrone_XDK_Github/testUart/debug/objects/Main.o
LOAD C:/Users/Seb/XDK-Workspace/AirQualityDrone_XDK_Github/testUart/debug/objects/testUart.o
LOAD C:/Users/Seb/XDK-Workspace/AirQualityDrone_XDK_Github/testUart/debug/objects/startup_efm32gg.o
START GROUP
LOAD ./../Platform/SensorUtils/debug/libSensorUtils_efm32_debug.a
LOAD ./../Platform/Sensors/debug/libSensors_efm32_debug.a
LOAD ./../Platform/BSP/debug/libBSP_efm32_debug.a
LOAD ./../Libraries/FreeRTOS/debug/libFreeRTOS_efm32_debug.a
LOAD ./../Libraries/EMlib/debug/libEMLib_efm32_debug.a
LOAD ./../Libraries/BSTLib/debug/libBSTLib_efm32_debug.a
LOAD ./../Libraries/WiFi/debug/libWiFi_efm32_debug.a
LOAD ./../Libraries/FATfs/debug/libFATfs_efm32_debug.a
LOAD ./../Platform/Essentials/release/libEssentials_efm32.a
LOAD ./../Platform/Utils/release/libUtils_efm32.a
LOAD ./../Platform/Drivers/release/libDrivers_efm32.a
LOAD ./../Platform/FOTA/release/libFOTA_efm32.a
LOAD ./../Platform/Wlan/release/libWlan_efm32.a
LOAD ./../Platform/BLE/release/libBLE_efm32.a
LOAD ./../Platform/SensorToolbox/release/libSensorToolbox_efm32.a
LOAD ./../Libraries/BLEStack/3rd-party/Alpwise/ALPW-BLESDKCM3/BLESW_AlertNotification/Libraries/BLESW_ANP_Server_CM3.a
LOAD ./../Libraries/BLEStack/3rd-party/Alpwise/ALPW-BLESDKCM3/BLESW_AlertNotification/Libraries/BLESW_ANP_Client_CM3.a
LOAD ./../Libraries/BLEStack/3rd-party/Alpwise/ALPW-BLESDKCM3/BLESW_ALPWDataExchange/Libraries/BLESW_ALPWDEP_Server_CM3.a
LOAD ./../Libraries/BLEStack/3rd-party/Alpwise/ALPW-BLESDKCM3/BLESW_ALPWDataExchange/Libraries/BLESW_ALPWDEP_Client_CM3.a
LOAD ./../Libraries/BLEStack/3rd-party/Alpwise/ALPW-BLESDKCM3/BLESW_AppleNotificationCenter/Libraries/BLESW_ANCP_Consumer_CM3.a
LOAD ./../Libraries/BLEStack/3rd-party/Alpwise/ALPW-BLESDKCM3/BLESW_BloodPressure/Libraries/BLESW_BLP_Sensor_CM3.a
LOAD ./../Libraries/BLEStack/3rd-party/Alpwise/ALPW-BLESDKCM3/BLESW_BloodPressure/Libraries/BLESW_BLP_Collector_CM3.a
LOAD ./../Libraries/BLEStack/3rd-party/Alpwise/ALPW-BLESDKCM3/BLESW_CoreStack/Libraries/BLESW_CPS_CM3.a
LOAD ./../Libraries/BLEStack/3rd-party/Alpwise/ALPW-BLESDKCM3/BLESW_CoreStack/Libraries/BLESW_CoreStack_CM3.a
LOAD ./../Libraries/BLEStack/3rd-party/Alpwise/ALPW-BLESDKCM3/BLESW_CoreStack/Libraries/BLESW_CSCS_CM3.a
LOAD ./../Libraries/BLEStack/3rd-party/Alpwise/ALPW-BLESDKCM3/BLESW_CoreStack/Libraries/BLESW_RTUS_CM3.a
LOAD ./../Libraries/BLEStack/3rd-party/Alpwise/ALPW-BLESDKCM3/BLESW_CoreStack/Libraries/BLESW_HRS_CM3.a
LOAD ./../Libraries/BLEStack/3rd-party/Alpwise/ALPW-BLESDKCM3/BLESW_CoreStack/Libraries/BLESW_CTS_CM3.a
LOAD ./../Libraries/BLEStack/3rd-party/Alpwise/ALPW-BLESDKCM3/BLESW_CoreStack/Libraries/BLESW_CoreStack_Monitor_CM3.a
LOAD ./../Libraries/BLEStack/3rd-party/Alpwise/ALPW-BLESDKCM3/BLESW_CoreStack/Libraries/BLESW_UDS_CM3.a
LOAD ./../Libraries/BLEStack/3rd-party/Alpwise/ALPW-BLESDKCM3/BLESW_CoreStack/Libraries/BLESW_NDCS_CM3.a
LOAD ./../Libraries/BLEStack/3rd-party/Alpwise/ALPW-BLESDKCM3/BLESW_CoreStack/Libraries/BLESW_TPS_CM3.a
LOAD ./../Libraries/BLEStack/3rd-party/Alpwise/ALPW-BLESDKCM3/BLESW_CoreStack/Libraries/BLESW_BLS_CM3.a
LOAD ./../Libraries/BLEStack/3rd-party/Alpwise/ALPW-BLESDKCM3/BLESW_CoreStack/Libraries/BLESW_LNS_CM3.a
LOAD ./../Libraries/BLEStack/3rd-party/Alpwise/ALPW-BLESDKCM3/BLESW_CoreStack/Libraries/BLESW_LLS_CM3.a
LOAD ./../Libraries/BLEStack/3rd-party/Alpwise/ALPW-BLESDKCM3/BLESW_CoreStack/Libraries/BLESW_WSS_CM3.a
LOAD ./../Libraries/BLEStack/3rd-party/Alpwise/ALPW-BLESDKCM3/BLESW_CoreStack/Libraries/BLESW_RSCS_CM3.a
LOAD ./../Libraries/BLEStack/3rd-party/Alpwise/ALPW-BLESDKCM3/BLESW_CoreStack/Libraries/BLESW_BAS_CM3.a
LOAD ./../Libraries/BLEStack/3rd-party/Alpwise/ALPW-BLESDKCM3/BLESW_CoreStack/Libraries/BLESW_IAS_CM3.a
LOAD ./../Libraries/BLEStack/3rd-party/Alpwise/ALPW-BLESDKCM3/BLESW_CoreStack/Libraries/BLESW_PASS_CM3.a
LOAD ./../Libraries/BLEStack/3rd-party/Alpwise/ALPW-BLESDKCM3/BLESW_CoreStack/Libraries/BLESW_HTS_CM3.a
LOAD ./../Libraries/BLEStack/3rd-party/Alpwise/ALPW-BLESDKCM3/BLESW_CoreStack/Libraries/BLESW_ALPWDES_CM3.a
LOAD ./../Libraries/BLEStack/3rd-party/Alpwise/ALPW-BLESDKCM3/BLESW_CoreStack/Libraries/BLESW_BCS_CM3.a
LOAD ./../Libraries/BLEStack/3rd-party/Alpwise/ALPW-BLESDKCM3/BLESW_CoreStack/Libraries/BLESW_ANS_CM3.a
LOAD ./../Libraries/BLEStack/3rd-party/Alpwise/ALPW-BLESDKCM3/BLESW_CoreStack/Libraries/BLESW_HIDS_CM3.a
LOAD ./../Libraries/BLEStack/3rd-party/Alpwise/ALPW-BLESDKCM3/BLESW_CoreStack/Libraries/BLESW_GLS_CM3.a
LOAD ./../Libraries/BLEStack/3rd-party/Alpwise/ALPW-BLESDKCM3/BLESW_CoreStack/Libraries/BLESW_NWAS_CM3.a
LOAD ./../Libraries/BLEStack/3rd-party/Alpwise/ALPW-BLESDKCM3/BLESW_CoreStack/Libraries/BLESW_DIS_CM3.a
LOAD ./../Libraries/BLEStack/3rd-party/Alpwise/ALPW-BLESDKCM3/BLESW_CyclingPower/Libraries/BLESW_CPP_Sensor_CM3.a
LOAD ./../Libraries/BLEStack/3rd-party/Alpwise/ALPW-BLESDKCM3/BLESW_CyclingPower/Libraries/BLESW_CPP_Collector_CM3.a
LOAD ./../Libraries/BLEStack/3rd-party/Alpwise/ALPW-BLESDKCM3/BLESW_CyclingSpeedAndCadence/Libraries/BLESW_CSCP_Sensor_CM3.a
LOAD ./../Libraries/BLEStack/3rd-party/Alpwise/ALPW-BLESDKCM3/BLESW_CyclingSpeedAndCadence/Libraries/BLESW_CSCP_Collector_CM3.a
LOAD ./../Libraries/BLEStack/3rd-party/Alpwise/ALPW-BLESDKCM3/BLESW_FindMe/Libraries/BLESW_FMP_Target_CM3.a
LOAD ./../Libraries/BLEStack/3rd-party/Alpwise/ALPW-BLESDKCM3/BLESW_FindMe/Libraries/BLESW_FMP_Locator_CM3.a
LOAD ./../Libraries/BLEStack/3rd-party/Alpwise/ALPW-BLESDKCM3/BLESW_Glucose/Libraries/BLESW_GLP_Sensor_CM3.a
LOAD ./../Libraries/BLEStack/3rd-party/Alpwise/ALPW-BLESDKCM3/BLESW_Glucose/Libraries/BLESW_GLP_Collector_CM3.a
LOAD ./../Libraries/BLEStack/3rd-party/Alpwise/ALPW-BLESDKCM3/BLESW_HealthThermometer/Libraries/BLESW_HTP_Thermometer_CM3.a
LOAD ./../Libraries/BLEStack/3rd-party/Alpwise/ALPW-BLESDKCM3/BLESW_HealthThermometer/Libraries/BLESW_HTP_Collector_CM3.a
LOAD ./../Libraries/BLEStack/3rd-party/Alpwise/ALPW-BLESDKCM3/BLESW_HeartRate/Libraries/BLESW_HRP_Sensor_CM3.a
LOAD ./../Libraries/BLEStack/3rd-party/Alpwise/ALPW-BLESDKCM3/BLESW_HeartRate/Libraries/BLESW_HRP_Collector_CM3.a
LOAD ./../Libraries/BLEStack/3rd-party/Alpwise/ALPW-BLESDKCM3/BLESW_HumanInterfaceDevice/Libraries/BLESW_HID_Device_CM3.a
LOAD ./../Libraries/BLEStack/3rd-party/Alpwise/ALPW-BLESDKCM3/BLESW_HumanInterfaceDevice/Libraries/BLESW_HID_Host_CM3.a
LOAD ./../Libraries/BLEStack/3rd-party/Alpwise/ALPW-BLESDKCM3/BLESW_iBeacon/Libraries/BLESW_IBN_Reporter_CM3.a
LOAD ./../Libraries/BLEStack/3rd-party/Alpwise/ALPW-BLESDKCM3/BLESW_LocationAndNavigation/Libraries/BLESW_LNP_Sensor_CM3.a
LOAD ./../Libraries/BLEStack/3rd-party/Alpwise/ALPW-BLESDKCM3/BLESW_LocationAndNavigation/Libraries/BLESW_LNP_Collector_CM3.a
LOAD ./../Libraries/BLEStack/3rd-party/Alpwise/ALPW-BLESDKCM3/BLESW_NetworkAvailability/Libraries/BLESW_NWAP_Monitor_CM3.a
LOAD ./../Libraries/BLEStack/3rd-party/Alpwise/ALPW-BLESDKCM3/BLESW_NetworkAvailability/Libraries/BLESW_NWAP_Reporter_CM3.a
LOAD ./../Libraries/BLEStack/3rd-party/Alpwise/ALPW-BLESDKCM3/BLESW_PhoneAlertStatus/Libraries/BLESW_PASP_Client_CM3.a
LOAD ./../Libraries/BLEStack/3rd-party/Alpwise/ALPW-BLESDKCM3/BLESW_PhoneAlertStatus/Libraries/BLESW_PASP_Server_CM3.a
LOAD ./../Libraries/BLEStack/3rd-party/Alpwise/ALPW-BLESDKCM3/BLESW_Proximity/Libraries/BLESW_PXP_Reporter_CM3.a
LOAD ./../Libraries/BLEStack/3rd-party/Alpwise/ALPW-BLESDKCM3/BLESW_Proximity/Libraries/BLESW_PXP_Monitor_CM3.a
LOAD ./../Libraries/BLEStack/3rd-party/Alpwise/ALPW-BLESDKCM3/BLESW_RunningSpeedAndCadence/Libraries/BLESW_RSCP_Sensor_CM3.a
LOAD ./../Libraries/BLEStack/3rd-party/Alpwise/ALPW-BLESDKCM3/BLESW_RunningSpeedAndCadence/Libraries/BLESW_RSCP_Collector_CM3.a
LOAD ./../Libraries/BLEStack/3rd-party/Alpwise/ALPW-BLESDKCM3/BLESW_Time/Libraries/BLESW_TIP_Server_CM3.a
LOAD ./../Libraries/BLEStack/3rd-party/Alpwise/ALPW-BLESDKCM3/BLESW_Time/Libraries/BLESW_TIP_Client_CM3.a
LOAD ./../Libraries/EMlib/3rd-party/EMLib/CMSIS/Lib/GCC/libarm_cortexM3l_math.a
LOAD ./../Libraries/BSX/BSX4/Source/algo/algo_bsx/Lib/libalgobsxm3/libalgobsx.a
LOAD ./../Platform/LoRaDrivers/release/libLoRaDrivers_efm32.a
LOAD ./../Platform/ServalPAL/release/libServalPal_efm32.a
LOAD ./../Libraries/Escrypt_CycurTLS/release/libEscrypt_CycurTLS_efm32.a
END GROUP
START GROUP
LOAD c:/xdk-workbench/xdk/armgcc/bin/../lib/gcc/arm-none-eabi/4.7.4/armv7-m\libgcc.a
LOAD c:/xdk-workbench/xdk/armgcc/bin/../lib/gcc/arm-none-eabi/4.7.4/../../../../arm-none-eabi/lib/armv7-m\libc.a
LOAD c:/xdk-workbench/xdk/armgcc/bin/../lib/gcc/arm-none-eabi/4.7.4/../../../../arm-none-eabi/lib/armv7-m\libm.a
END GROUP
START GROUP
LOAD c:/xdk-workbench/xdk/armgcc/bin/../lib/gcc/arm-none-eabi/4.7.4/armv7-m\libgcc.a
LOAD c:/xdk-workbench/xdk/armgcc/bin/../lib/gcc/arm-none-eabi/4.7.4/../../../../arm-none-eabi/lib/armv7-m\libc.a
END GROUP
LOAD c:/xdk-workbench/xdk/armgcc/bin/../lib/gcc/arm-none-eabi/4.7.4/armv7-m/crtend.o
LOAD c:/xdk-workbench/xdk/armgcc/bin/../lib/gcc/arm-none-eabi/4.7.4/armv7-m/crtn.o

.text           0x00020200    0x1f39c
 *(.isr_vector)
 .isr_vector    0x00020200      0x100 C:/Users/Seb/XDK-Workspace/AirQualityDrone_XDK_Github/testUart/debug/objects/startup_efm32gg.o
                0x00020200                __isr_vector
 *(.text*)
 .text          0x00020300       0x54 c:/xdk-workbench/xdk/armgcc/bin/../lib/gcc/arm-none-eabi/4.7.4/armv7-m/crtbegin.o
 .text          0x00020354       0x70 c:/xdk-workbench/xdk/armgcc/bin/../lib/gcc/arm-none-eabi/4.7.4/../../../../arm-none-eabi/lib/armv7-m/crt0.o
                0x00020354                _start
                0x00020354                start
                0x00020354                _mainCRTStartup
 .text.Assert_Initialize
                0x000203c4       0x40 C:/Users/Seb/XDK-Workspace/AirQualityDrone_XDK_Github/testUart/debug/objects/source/Assert.o
                0x000203c4                Assert_Initialize
 .text.Assert_Dynamic
                0x00020404       0x2c C:/Users/Seb/XDK-Workspace/AirQualityDrone_XDK_Github/testUart/debug/objects/source/Assert.o
                0x00020404                Assert_Dynamic
 .text._close   0x00020430       0x18 C:/Users/Seb/XDK-Workspace/AirQualityDrone_XDK_Github/testUart/debug/objects/source/RetargetStdio.o
                0x00020430                _close
 .text._exit    0x00020448        0xc C:/Users/Seb/XDK-Workspace/AirQualityDrone_XDK_Github/testUart/debug/objects/source/RetargetStdio.o
                0x00020448                _exit
 .text._fstat   0x00020454       0x24 C:/Users/Seb/XDK-Workspace/AirQualityDrone_XDK_Github/testUart/debug/objects/source/RetargetStdio.o
                0x00020454                _fstat
 .text._isatty  0x00020478       0x18 C:/Users/Seb/XDK-Workspace/AirQualityDrone_XDK_Github/testUart/debug/objects/source/RetargetStdio.o
                0x00020478                _isatty
 .text._lseek   0x00020490       0x1c C:/Users/Seb/XDK-Workspace/AirQualityDrone_XDK_Github/testUart/debug/objects/source/RetargetStdio.o
                0x00020490                _lseek
 .text._read    0x000204ac       0x70 C:/Users/Seb/XDK-Workspace/AirQualityDrone_XDK_Github/testUart/debug/objects/source/RetargetStdio.o
                0x000204ac                _read
 .text._sbrk    0x0002051c       0xa0 C:/Users/Seb/XDK-Workspace/AirQualityDrone_XDK_Github/testUart/debug/objects/source/RetargetStdio.o
                0x0002051c                _sbrk
 .text._write   0x000205bc       0x20 C:/Users/Seb/XDK-Workspace/AirQualityDrone_XDK_Github/testUart/debug/objects/source/RetargetStdio.o
                0x000205bc                _write
 .text.NVIC_SystemReset
                0x000205dc       0x30 C:/Users/Seb/XDK-Workspace/AirQualityDrone_XDK_Github/testUart/debug/objects/source/UsbResetUtility.o
 .text.UsbResetUtility_SystemReset
                0x0002060c       0x10 C:/Users/Seb/XDK-Workspace/AirQualityDrone_XDK_Github/testUart/debug/objects/source/UsbResetUtility.o
 .text.UsbResetUtility_InteruptHandling
                0x0002061c       0x54 C:/Users/Seb/XDK-Workspace/AirQualityDrone_XDK_Github/testUart/debug/objects/source/UsbResetUtility.o
 .text.UsbResetUtility_Init
                0x00020670       0x40 C:/Users/Seb/XDK-Workspace/AirQualityDrone_XDK_Github/testUart/debug/objects/source/UsbResetUtility.o
                0x00020670                UsbResetUtility_Init
 .text.UsbResetUtility_UsbISRCallback
                0x000206b0      0x138 C:/Users/Seb/XDK-Workspace/AirQualityDrone_XDK_Github/testUart/debug/objects/source/UsbResetUtility.o
                0x000206b0                UsbResetUtility_UsbISRCallback
 .text.Retcode_GetPackage
                0x000207e8       0x1c C:/Users/Seb/XDK-Workspace/AirQualityDrone_XDK_Github/testUart/debug/objects/source/SystemStartup.o
 .text.Retcode_GetModuleId
                0x00020804       0x1c C:/Users/Seb/XDK-Workspace/AirQualityDrone_XDK_Github/testUart/debug/objects/source/SystemStartup.o
 .text.Retcode_GetSeverity
                0x00020820       0x24 C:/Users/Seb/XDK-Workspace/AirQualityDrone_XDK_Github/testUart/debug/objects/source/SystemStartup.o
 .text.Retcode_GetCode
                0x00020844       0x20 C:/Users/Seb/XDK-Workspace/AirQualityDrone_XDK_Github/testUart/debug/objects/source/SystemStartup.o
 .text.bleGetMacAddress
                0x00020864       0xec C:/Users/Seb/XDK-Workspace/AirQualityDrone_XDK_Github/testUart/debug/objects/source/SystemStartup.o
 .text.SysTickPreCallback
                0x00020950       0x14 C:/Users/Seb/XDK-Workspace/AirQualityDrone_XDK_Github/testUart/debug/objects/source/SystemStartup.o
 .text.DefaultErrorHandlingFunc
                0x00020964       0xf4 C:/Users/Seb/XDK-Workspace/AirQualityDrone_XDK_Github/testUart/debug/objects/source/SystemStartup.o
                0x00020964                DefaultErrorHandlingFunc
 .text.assertIndicationMapping
                0x00020a58       0x44 C:/Users/Seb/XDK-Workspace/AirQualityDrone_XDK_Github/testUart/debug/objects/source/SystemStartup.o
                0x00020a58                assertIndicationMapping
 .text.systemStartup
                0x00020a9c      0x154 C:/Users/Seb/XDK-Workspace/AirQualityDrone_XDK_Github/testUart/debug/objects/source/SystemStartup.o
                0x00020a9c                systemStartup
 .text.vApplicationStackOverflowHook
                0x00020bf0       0x5c C:/Users/Seb/XDK-Workspace/AirQualityDrone_XDK_Github/testUart/debug/objects/source/SystemStartup.o
                0x00020bf0                vApplicationStackOverflowHook
 .text.vApplicationMallocFailedHook
                0x00020c4c       0x14 C:/Users/Seb/XDK-Workspace/AirQualityDrone_XDK_Github/testUart/debug/objects/source/SystemStartup.o
                0x00020c4c                vApplicationMallocFailedHook
 .text.INT_Disable
                0x00020c60       0x40 C:/Users/Seb/XDK-Workspace/AirQualityDrone_XDK_Github/testUart/debug/objects/./../Libraries/EMlib/3rd-party/EMLib/usb/src/em_usbdint.o
 .text.INT_Enable
                0x00020ca0       0x54 C:/Users/Seb/XDK-Workspace/AirQualityDrone_XDK_Github/testUart/debug/objects/./../Libraries/EMlib/3rd-party/EMLib/usb/src/em_usbdint.o
 .text.USBHAL_FlushTxFifo
                0x00020cf4       0x4c C:/Users/Seb/XDK-Workspace/AirQualityDrone_XDK_Github/testUart/debug/objects/./../Libraries/EMlib/3rd-party/EMLib/usb/src/em_usbdint.o
 .text.USBHAL_GetCoreInts
                0x00020d40       0x40 C:/Users/Seb/XDK-Workspace/AirQualityDrone_XDK_Github/testUart/debug/objects/./../Libraries/EMlib/3rd-party/EMLib/usb/src/em_usbdint.o
 .text.USBDHAL_EnableInts
                0x00020d80       0x70 C:/Users/Seb/XDK-Workspace/AirQualityDrone_XDK_Github/testUart/debug/objects/./../Libraries/EMlib/3rd-party/EMLib/usb/src/em_usbdint.o
 .text.USBDHAL_Ep0Activate
                0x00020df0       0x70 C:/Users/Seb/XDK-Workspace/AirQualityDrone_XDK_Github/testUart/debug/objects/./../Libraries/EMlib/3rd-party/EMLib/usb/src/em_usbdint.o
 .text.USBDHAL_GetAllInEpInts
                0x00020e60       0x48 C:/Users/Seb/XDK-Workspace/AirQualityDrone_XDK_Github/testUart/debug/objects/./../Libraries/EMlib/3rd-party/EMLib/usb/src/em_usbdint.o
 .text.USBDHAL_GetAllOutEpInts
                0x00020ea8       0x44 C:/Users/Seb/XDK-Workspace/AirQualityDrone_XDK_Github/testUart/debug/objects/./../Libraries/EMlib/3rd-party/EMLib/usb/src/em_usbdint.o
 .text.USBDHAL_GetInEpInts
                0x00020eec       0x44 C:/Users/Seb/XDK-Workspace/AirQualityDrone_XDK_Github/testUart/debug/objects/./../Libraries/EMlib/3rd-party/EMLib/usb/src/em_usbdint.o
 .text.USBDHAL_GetOutEpInts
                0x00020f30       0x44 C:/Users/Seb/XDK-Workspace/AirQualityDrone_XDK_Github/testUart/debug/objects/./../Libraries/EMlib/3rd-party/EMLib/usb/src/em_usbdint.o
 .text.USBDHAL_StartEp0Setup
                0x00020f74       0x88 C:/Users/Seb/XDK-Workspace/AirQualityDrone_XDK_Github/testUart/debug/objects/./../Libraries/EMlib/3rd-party/EMLib/usb/src/em_usbdint.o
 .text.USBD_GetEpFromAddr
                0x00020ffc       0xa0 C:/Users/Seb/XDK-Workspace/AirQualityDrone_XDK_Github/testUart/debug/objects/./../Libraries/EMlib/3rd-party/EMLib/usb/src/em_usbdint.o
 .text.USB_IRQHandler
                0x0002109c      0x16c C:/Users/Seb/XDK-Workspace/AirQualityDrone_XDK_Github/testUart/debug/objects/./../Libraries/EMlib/3rd-party/EMLib/usb/src/em_usbdint.o
                0x0002109c                USB_IRQHandler
 .text.Handle_USB_GINTSTS_ENUMDONE
                0x00021208       0x3c C:/Users/Seb/XDK-Workspace/AirQualityDrone_XDK_Github/testUart/debug/objects/./../Libraries/EMlib/3rd-party/EMLib/usb/src/em_usbdint.o
 .text.Handle_USB_GINTSTS_IEPINT
                0x00021244      0x118 C:/Users/Seb/XDK-Workspace/AirQualityDrone_XDK_Github/testUart/debug/objects/./../Libraries/EMlib/3rd-party/EMLib/usb/src/em_usbdint.o
 .text.Handle_USB_GINTSTS_OEPINT
                0x0002135c      0x230 C:/Users/Seb/XDK-Workspace/AirQualityDrone_XDK_Github/testUart/debug/objects/./../Libraries/EMlib/3rd-party/EMLib/usb/src/em_usbdint.o
 .text.Handle_USB_GINTSTS_RESETDET
                0x0002158c       0x40 C:/Users/Seb/XDK-Workspace/AirQualityDrone_XDK_Github/testUart/debug/objects/./../Libraries/EMlib/3rd-party/EMLib/usb/src/em_usbdint.o
 .text.Handle_USB_GINTSTS_SOF
                0x000215cc       0x64 C:/Users/Seb/XDK-Workspace/AirQualityDrone_XDK_Github/testUart/debug/objects/./../Libraries/EMlib/3rd-party/EMLib/usb/src/em_usbdint.o
 .text.Handle_USB_GINTSTS_USBRST
                0x00021630      0x150 C:/Users/Seb/XDK-Workspace/AirQualityDrone_XDK_Github/testUart/debug/objects/./../Libraries/EMlib/3rd-party/EMLib/usb/src/em_usbdint.o
 .text.Handle_USB_GINTSTS_USBSUSP
                0x00021780       0x68 C:/Users/Seb/XDK-Workspace/AirQualityDrone_XDK_Github/testUart/debug/objects/./../Libraries/EMlib/3rd-party/EMLib/usb/src/em_usbdint.o
 .text.Handle_USB_GINTSTS_WKUPINT
                0x000217e8       0x30 C:/Users/Seb/XDK-Workspace/AirQualityDrone_XDK_Github/testUart/debug/objects/./../Libraries/EMlib/3rd-party/EMLib/usb/src/em_usbdint.o
 .text.main     0x00021818       0xa8 C:/Users/Seb/XDK-Workspace/AirQualityDrone_XDK_Github/testUart/debug/objects/Main.o
                0x00021818                main
 .text.ADC_DataScanGet
                0x000218c0       0x18 C:/Users/Seb/XDK-Workspace/AirQualityDrone_XDK_Github/testUart/debug/objects/testUart.o
 .text.ADC_Start
                0x000218d8       0x1c C:/Users/Seb/XDK-Workspace/AirQualityDrone_XDK_Github/testUart/debug/objects/testUart.o
 .text.initUART
                0x000218f4      0x148 C:/Users/Seb/XDK-Workspace/AirQualityDrone_XDK_Github/testUart/debug/objects/testUart.o
                0x000218f4                initUART
 .text.initUDP  0x00021a3c       0xc0 C:/Users/Seb/XDK-Workspace/AirQualityDrone_XDK_Github/testUart/debug/objects/testUart.o
 .text.scanAdcInit
                0x00021afc      0x12c C:/Users/Seb/XDK-Workspace/AirQualityDrone_XDK_Github/testUart/debug/objects/testUart.o
 .text.gpioInit
                0x00021c28       0x64 C:/Users/Seb/XDK-Workspace/AirQualityDrone_XDK_Github/testUart/debug/objects/testUart.o
                0x00021c28                gpioInit
 .text.startUart
                0x00021c8c       0x64 C:/Users/Seb/XDK-Workspace/AirQualityDrone_XDK_Github/testUart/debug/objects/testUart.o
                0x00021c8c                startUart
 .text.gpioTask
                0x00021cf0      0x244 C:/Users/Seb/XDK-Workspace/AirQualityDrone_XDK_Github/testUart/debug/objects/testUart.o
 .text.scanAdc  0x00021f34      0x244 C:/Users/Seb/XDK-Workspace/AirQualityDrone_XDK_Github/testUart/debug/objects/testUart.o
 .text.wifiUdpSend
                0x00022178      0x26c C:/Users/Seb/XDK-Workspace/AirQualityDrone_XDK_Github/testUart/debug/objects/testUart.o
 .text.readUART
                0x000223e4      0x14c C:/Users/Seb/XDK-Workspace/AirQualityDrone_XDK_Github/testUart/debug/objects/testUart.o
 .text.uartCallback
                0x00022530       0x1c C:/Users/Seb/XDK-Workspace/AirQualityDrone_XDK_Github/testUart/debug/objects/testUart.o
                0x00022530                uartCallback
 .text.WlanEventCallback
                0x0002254c      0x100 C:/Users/Seb/XDK-Workspace/AirQualityDrone_XDK_Github/testUart/debug/objects/testUart.o
 .text.PrintDeviceIP
                0x0002264c       0xbc C:/Users/Seb/XDK-Workspace/AirQualityDrone_XDK_Github/testUart/debug/objects/testUart.o
 .text.EnqueueDatatoWifi
                0x00022708       0x58 C:/Users/Seb/XDK-Workspace/AirQualityDrone_XDK_Github/testUart/debug/objects/testUart.o
 .text.wifiConnect
                0x00022760       0xa8 C:/Users/Seb/XDK-Workspace/AirQualityDrone_XDK_Github/testUart/debug/objects/testUart.o
 .text.appInitSystem
                0x00022808       0x80 C:/Users/Seb/XDK-Workspace/AirQualityDrone_XDK_Github/testUart/debug/objects/testUart.o
                0x00022808                appInitSystem
 .text          0x00022888       0x98 C:/Users/Seb/XDK-Workspace/AirQualityDrone_XDK_Github/testUart/debug/objects/startup_efm32gg.o
                0x00022888                Reset_Handler
                0x000228bc                Default_Handler
                0x000228be                NMI_Handler
                0x000228c0                HardFault_Handler
                0x000228c2                MemManage_Handler
                0x000228c4                BusFault_Handler
                0x000228c6                UsageFault_Handler
                0x000228ca                DebugMon_Handler
                0x000228d4                TIMER0_IRQHandler
                0x000228da                ACMP0_IRQHandler
                0x000228de                ADC0_IRQHandler
                0x000228e0                DAC0_IRQHandler
                0x000228e8                TIMER1_IRQHandler
                0x000228ea                TIMER2_IRQHandler
                0x000228ec                TIMER3_IRQHandler
                0x000228f2                LESENSE_IRQHandler
                0x00022900                LEUART0_IRQHandler
                0x00022902                LEUART1_IRQHandler
                0x00022904                LETIMER0_IRQHandler
                0x00022906                PCNT0_IRQHandler
                0x00022908                PCNT1_IRQHandler
                0x0002290a                PCNT2_IRQHandler
                0x0002290e                BURTC_IRQHandler
                0x00022910                CMU_IRQHandler
                0x00022912                VCMP_IRQHandler
                0x00022914                LCD_IRQHandler
                0x00022916                MSC_IRQHandler
                0x00022918                AES_IRQHandler
                0x0002291a                EBI_IRQHandler
                0x0002291c                EMU_IRQHandler
 .text.GPIO_PinOutClear
                0x00022920       0x4c ./../Platform/BSP/debug/libBSP_efm32_debug.a(BSP_LED.o)
 .text.GPIO_PinOutSet
                0x0002296c       0x4c ./../Platform/BSP/debug/libBSP_efm32_debug.a(BSP_LED.o)
 .text.GPIO_PinOutToggle
                0x000229b8       0x4c ./../Platform/BSP/debug/libBSP_efm32_debug.a(BSP_LED.o)
 .text.BSP_LED_Connect
                0x00022a04       0x48 ./../Platform/BSP/debug/libBSP_efm32_debug.a(BSP_LED.o)
                0x00022a04                BSP_LED_Connect
 .text.BSP_LED_EnableAll
                0x00022a4c       0x3c ./../Platform/BSP/debug/libBSP_efm32_debug.a(BSP_LED.o)
                0x00022a4c                BSP_LED_EnableAll
 .text.BSP_LED_Switch
                0x00022a88      0x15c ./../Platform/BSP/debug/libBSP_efm32_debug.a(BSP_LED.o)
                0x00022a88                BSP_LED_Switch
 .text.BSP_LED_SwitchAll
                0x00022be4       0xd0 ./../Platform/BSP/debug/libBSP_efm32_debug.a(BSP_LED.o)
                0x00022be4                BSP_LED_SwitchAll
 .text.NVIC_SetPriorityGrouping
                0x00022cb4       0x50 ./../Platform/BSP/debug/libBSP_efm32_debug.a(BSP_Board.o)
 .text.NVIC_EnableIRQ
                0x00022d04       0x38 ./../Platform/BSP/debug/libBSP_efm32_debug.a(BSP_Board.o)
 .text.NVIC_DisableIRQ
                0x00022d3c       0x3c ./../Platform/BSP/debug/libBSP_efm32_debug.a(BSP_Board.o)
 .text.NVIC_ClearPendingIRQ
                0x00022d78       0x3c ./../Platform/BSP/debug/libBSP_efm32_debug.a(BSP_Board.o)
 .text.NVIC_SetPriority
                0x00022db4       0x5c ./../Platform/BSP/debug/libBSP_efm32_debug.a(BSP_Board.o)
 .text.SysTick_Config
                0x00022e10       0x64 ./../Platform/BSP/debug/libBSP_efm32_debug.a(BSP_Board.o)
 .text.CHIP_Init
                0x00022e74       0x50 ./../Platform/BSP/debug/libBSP_efm32_debug.a(BSP_Board.o)
 .text.GPIO_PinOutClear
                0x00022ec4       0x4c ./../Platform/BSP/debug/libBSP_efm32_debug.a(BSP_Board.o)
 .text.GPIO_PinOutSet
                0x00022f10       0x4c ./../Platform/BSP/debug/libBSP_efm32_debug.a(BSP_Board.o)
 .text.INT_Disable
                0x00022f5c       0x40 ./../Platform/BSP/debug/libBSP_efm32_debug.a(BSP_Board.o)
 .text.INT_Enable
                0x00022f9c       0x54 ./../Platform/BSP/debug/libBSP_efm32_debug.a(BSP_Board.o)
 .text.BSP_Board_OSTickInitialize
                0x00022ff0       0x2c ./../Platform/BSP/debug/libBSP_efm32_debug.a(BSP_Board.o)
                0x00022ff0                BSP_Board_OSTickInitialize
 .text.BSP_Board_Initialize
                0x0002301c      0x150 ./../Platform/BSP/debug/libBSP_efm32_debug.a(BSP_Board.o)
                0x0002301c                BSP_Board_Initialize
 .text.BSP_Board_Delay
                0x0002316c       0x30 ./../Platform/BSP/debug/libBSP_efm32_debug.a(BSP_Board.o)
                0x0002316c                BSP_Board_Delay
 .text.BSP_Board_SetOStoBSPDelayFunc
                0x0002319c       0x20 ./../Platform/BSP/debug/libBSP_efm32_debug.a(BSP_Board.o)
                0x0002319c                BSP_Board_SetOStoBSPDelayFunc
 .text.Board_GPIOInterruptInit
                0x000231bc       0x30 ./../Platform/BSP/debug/libBSP_efm32_debug.a(BSP_Board.o)
                0x000231bc                Board_GPIOInterruptInit
 .text.Board_GPIOInterruptRegisterCallback
                0x000231ec       0x38 ./../Platform/BSP/debug/libBSP_efm32_debug.a(BSP_Board.o)
                0x000231ec                Board_GPIOInterruptRegisterCallback
 .text.Board_GPIOInterruptDispatch
                0x00023224       0x64 ./../Platform/BSP/debug/libBSP_efm32_debug.a(BSP_Board.o)
                0x00023224                Board_GPIOInterruptDispatch
 .text.Board_UART0_UART_Init
                0x00023288       0xcc ./../Platform/BSP/debug/libBSP_efm32_debug.a(BSP_Board.o)
                0x00023288                Board_UART0_UART_Init
 .text.Board_UART1_UART_Init
                0x00023354       0xcc ./../Platform/BSP/debug/libBSP_efm32_debug.a(BSP_Board.o)
                0x00023354                Board_UART1_UART_Init
 .text.Board_USART0_SPI_Init
                0x00023420       0xa8 ./../Platform/BSP/debug/libBSP_efm32_debug.a(BSP_Board.o)
                0x00023420                Board_USART0_SPI_Init
 .text.Board_USART1_SPI_Init
                0x000234c8       0x8c ./../Platform/BSP/debug/libBSP_efm32_debug.a(BSP_Board.o)
                0x000234c8                Board_USART1_SPI_Init
 .text.Board_GPIO_Init
                0x00023554       0x6c ./../Platform/BSP/debug/libBSP_efm32_debug.a(BSP_Board.o)
                0x00023554                Board_GPIO_Init
 .text.Board_WakeupPowerSupply2V5
                0x000235c0       0x50 ./../Platform/BSP/debug/libBSP_efm32_debug.a(BSP_Board.o)
                0x000235c0                Board_WakeupPowerSupply2V5
 .text.Board_SnoozePowerSupply2V5
                0x00023610       0x4c ./../Platform/BSP/debug/libBSP_efm32_debug.a(BSP_Board.o)
                0x00023610                Board_SnoozePowerSupply2V5
 .text.Board_EnablePowerSupply3V3
                0x0002365c       0x50 ./../Platform/BSP/debug/libBSP_efm32_debug.a(BSP_Board.o)
                0x0002365c                Board_EnablePowerSupply3V3
 .text.PowerSupply2V5UpdateRegister
                0x000236ac      0x268 ./../Platform/BSP/debug/libBSP_efm32_debug.a(BSP_Board.o)
                0x000236ac                PowerSupply2V5UpdateRegister
 .text.PowerSupply3V3UpdateRegister
                0x00023914       0x7c ./../Platform/BSP/debug/libBSP_efm32_debug.a(BSP_Board.o)
                0x00023914                PowerSupply3V3UpdateRegister
 .text.Board_ADC_Init
                0x00023990       0x78 ./../Platform/BSP/debug/libBSP_efm32_debug.a(BSP_Board.o)
                0x00023990                Board_ADC_Init
 .text.Board_I2C0_Init
                0x00023a08       0x54 ./../Platform/BSP/debug/libBSP_efm32_debug.a(BSP_Board.o)
                0x00023a08                Board_I2C0_Init
 .text.Board_I2C1_Init
                0x00023a5c       0x54 ./../Platform/BSP/debug/libBSP_efm32_debug.a(BSP_Board.o)
                0x00023a5c                Board_I2C1_Init
 .text.Board_USB_Init
                0x00023ab0       0x70 ./../Platform/BSP/debug/libBSP_efm32_debug.a(BSP_Board.o)
                0x00023ab0                Board_USB_Init
 .text.Board_IncTick
                0x00023b20       0x24 ./../Platform/BSP/debug/libBSP_efm32_debug.a(BSP_Board.o)
                0x00023b20                Board_IncTick
 .text.Board_GetTick
                0x00023b44       0x18 ./../Platform/BSP/debug/libBSP_efm32_debug.a(BSP_Board.o)
                0x00023b44                Board_GetTick
 .text.Board_Delay
                0x00023b5c       0x30 ./../Platform/BSP/debug/libBSP_efm32_debug.a(BSP_Board.o)
                0x00023b5c                Board_Delay
 .text.Board_RTC_Init
                0x00023b8c       0xa0 ./../Platform/BSP/debug/libBSP_efm32_debug.a(BSP_Board.o)
                0x00023b8c                Board_RTC_Init
 .text.Board_BURTC_Init
                0x00023c2c       0x28 ./../Platform/BSP/debug/libBSP_efm32_debug.a(BSP_Board.o)
                0x00023c2c                Board_BURTC_Init
 .text.BSP_Board_EnableSysTick
                0x00023c54       0x38 ./../Platform/BSP/debug/libBSP_efm32_debug.a(BSP_Board.o)
                0x00023c54                BSP_Board_EnableSysTick
 .text.USB_setSerialNumber
                0x00023c8c       0x7c ./../Platform/BSP/debug/libBSP_efm32_debug.a(BSP_USB.o)
 .text.USB_dataReceivedCallback
                0x00023d08       0x98 ./../Platform/BSP/debug/libBSP_efm32_debug.a(BSP_USB.o)
 .text.USB_dataTransferred
                0x00023da0       0x4c ./../Platform/BSP/debug/libBSP_efm32_debug.a(BSP_USB.o)
 .text.USB_stateChange
                0x00023dec       0x58 ./../Platform/BSP/debug/libBSP_efm32_debug.a(BSP_USB.o)
                0x00023dec                USB_stateChange
 .text.USB_setupCommand
                0x00023e44      0x108 ./../Platform/BSP/debug/libBSP_efm32_debug.a(BSP_USB.o)
                0x00023e44                USB_setupCommand
 .text.USB_init
                0x00023f4c       0xd0 ./../Platform/BSP/debug/libBSP_efm32_debug.a(BSP_USB.o)
                0x00023f4c                USB_init
 .text.USB_receiveByte
                0x0002401c       0xa0 ./../Platform/BSP/debug/libBSP_efm32_debug.a(BSP_USB.o)
                0x0002401c                USB_receiveByte
 .text.RETARGET_WriteChar
                0x000240bc       0x2c ./../Platform/BSP/debug/libBSP_efm32_debug.a(BSP_USB.o)
                0x000240bc                RETARGET_WriteChar
 .text.USB_transmitData
                0x000240e8       0xc4 ./../Platform/BSP/debug/libBSP_efm32_debug.a(BSP_USB.o)
                0x000240e8                USB_transmitData
 .text.RETARGET_ReadChar
                0x000241ac       0x24 ./../Platform/BSP/debug/libBSP_efm32_debug.a(BSP_USB.o)
                0x000241ac                RETARGET_ReadChar
 .text.USB_callBackMapping
                0x000241d0       0x38 ./../Platform/BSP/debug/libBSP_efm32_debug.a(BSP_USB.o)
                0x000241d0                USB_callBackMapping
 .text.NVIC_EnableIRQ
                0x00024208       0x38 ./../Platform/BSP/debug/libBSP_efm32_debug.a(BSP_DMA.o)
 .text.NVIC_ClearPendingIRQ
                0x00024240       0x3c ./../Platform/BSP/debug/libBSP_efm32_debug.a(BSP_DMA.o)
 .text.NVIC_SetPriority
                0x0002427c       0x5c ./../Platform/BSP/debug/libBSP_efm32_debug.a(BSP_DMA.o)
 .text.BSP_DMA_Initialize
                0x000242d8       0x88 ./../Platform/BSP/debug/libBSP_efm32_debug.a(BSP_DMA.o)
                0x000242d8                BSP_DMA_Initialize
 .text.BSP_DMA_Enable
                0x00024360       0x54 ./../Platform/BSP/debug/libBSP_efm32_debug.a(BSP_DMA.o)
                0x00024360                BSP_DMA_Enable
 .text.GPIO_IntClear
                0x000243b4       0x20 ./../Platform/BSP/debug/libBSP_efm32_debug.a(BSP_IrqHandler.o)
 .text.GPIO_IntGetEnabled
                0x000243d4       0x30 ./../Platform/BSP/debug/libBSP_efm32_debug.a(BSP_IrqHandler.o)
 .text.SysTick_Handler
                0x00024404       0x40 ./../Platform/BSP/debug/libBSP_efm32_debug.a(BSP_IrqHandler.o)
                0x00024404                SysTick_Handler
 .text.GPIO_EVEN_IRQHandler
                0x00024444       0x28 ./../Platform/BSP/debug/libBSP_efm32_debug.a(BSP_IrqHandler.o)
                0x00024444                GPIO_EVEN_IRQHandler
 .text.GPIO_ODD_IRQHandler
                0x0002446c       0x28 ./../Platform/BSP/debug/libBSP_efm32_debug.a(BSP_IrqHandler.o)
                0x0002446c                GPIO_ODD_IRQHandler
 .text.UART0_TX_IRQHandler
                0x00024494        0xc ./../Platform/BSP/debug/libBSP_efm32_debug.a(BSP_IrqHandler.o)
                0x00024494                UART0_TX_IRQHandler
 .text.UART0_RX_IRQHandler
                0x000244a0        0xc ./../Platform/BSP/debug/libBSP_efm32_debug.a(BSP_IrqHandler.o)
                0x000244a0                UART0_RX_IRQHandler
 .text.USART0_TX_IRQHandler
                0x000244ac        0xc ./../Platform/BSP/debug/libBSP_efm32_debug.a(BSP_IrqHandler.o)
                0x000244ac                USART0_TX_IRQHandler
 .text.USART0_RX_IRQHandler
                0x000244b8        0xc ./../Platform/BSP/debug/libBSP_efm32_debug.a(BSP_IrqHandler.o)
                0x000244b8                USART0_RX_IRQHandler
 .text.I2C0_IRQHandler
                0x000244c4        0xc ./../Platform/BSP/debug/libBSP_efm32_debug.a(BSP_IrqHandler.o)
                0x000244c4                I2C0_IRQHandler
 .text.I2C1_IRQHandler
                0x000244d0        0xc ./../Platform/BSP/debug/libBSP_efm32_debug.a(BSP_IrqHandler.o)
                0x000244d0                I2C1_IRQHandler
 .text.USART2_TX_IRQHandler
                0x000244dc        0xc ./../Platform/BSP/debug/libBSP_efm32_debug.a(BSP_IrqHandler.o)
                0x000244dc                USART2_TX_IRQHandler
 .text.USART2_RX_IRQHandler
                0x000244e8        0xc ./../Platform/BSP/debug/libBSP_efm32_debug.a(BSP_IrqHandler.o)
                0x000244e8                USART2_RX_IRQHandler
 .text.UART1_TX_IRQHandler
                0x000244f4        0xc ./../Platform/BSP/debug/libBSP_efm32_debug.a(BSP_IrqHandler.o)
                0x000244f4                UART1_TX_IRQHandler
 .text.UART1_RX_IRQHandler
                0x00024500        0xc ./../Platform/BSP/debug/libBSP_efm32_debug.a(BSP_IrqHandler.o)
                0x00024500                UART1_RX_IRQHandler
 .text.USART1_TX_IRQHandler
                0x0002450c        0xc ./../Platform/BSP/debug/libBSP_efm32_debug.a(BSP_IrqHandler.o)
                0x0002450c                USART1_TX_IRQHandler
 .text.USART1_RX_IRQHandler
                0x00024518        0xc ./../Platform/BSP/debug/libBSP_efm32_debug.a(BSP_IrqHandler.o)
                0x00024518                USART1_RX_IRQHandler
 .text.RTC_IRQHandler
                0x00024524        0xc ./../Platform/BSP/debug/libBSP_efm32_debug.a(BSP_IrqHandler.o)
                0x00024524                RTC_IRQHandler
 .text.IrqHandler_SysTickDummyHandler
                0x00024530       0x10 ./../Platform/BSP/debug/libBSP_efm32_debug.a(BSP_IrqHandler.o)
                0x00024530                IrqHandler_SysTickDummyHandler
 .text.NVIC_EnableIRQ
                0x00024540       0x38 ./../Platform/BSP/debug/libBSP_efm32_debug.a(BSP_ExtensionPort.o)
 .text.NVIC_ClearPendingIRQ
                0x00024578       0x3c ./../Platform/BSP/debug/libBSP_efm32_debug.a(BSP_ExtensionPort.o)
 .text.NVIC_SetPriority
                0x000245b4       0x5c ./../Platform/BSP/debug/libBSP_efm32_debug.a(BSP_ExtensionPort.o)
 .text.SetUartOwnership
                0x00024610       0x4c ./../Platform/BSP/debug/libBSP_efm32_debug.a(BSP_ExtensionPort.o)
 .text.IsUartPortAvailable
                0x0002465c       0x64 ./../Platform/BSP/debug/libBSP_efm32_debug.a(BSP_ExtensionPort.o)
 .text.BSP_ExtensionPort_SetGpioOwner
                0x000246c0       0x54 ./../Platform/BSP/debug/libBSP_efm32_debug.a(BSP_ExtensionPort.o)
                0x000246c0                BSP_ExtensionPort_SetGpioOwner
 .text.BSP_ExtensionPort_GetGpioOwner
                0x00024714       0x50 ./../Platform/BSP/debug/libBSP_efm32_debug.a(BSP_ExtensionPort.o)
                0x00024714                BSP_ExtensionPort_GetGpioOwner
 .text.BSP_ExtensionPort_I2cIsr
                0x00024764       0x5c ./../Platform/BSP/debug/libBSP_efm32_debug.a(BSP_ExtensionPort.o)
                0x00024764                BSP_ExtensionPort_I2cIsr
 .text.BSP_ExtensionPort_SpiRxIsr
                0x000247c0       0x5c ./../Platform/BSP/debug/libBSP_efm32_debug.a(BSP_ExtensionPort.o)
                0x000247c0                BSP_ExtensionPort_SpiRxIsr
 .text.BSP_ExtensionPort_SpiTxIsr
                0x0002481c       0x5c ./../Platform/BSP/debug/libBSP_efm32_debug.a(BSP_ExtensionPort.o)
                0x0002481c                BSP_ExtensionPort_SpiTxIsr
 .text.BSP_ExtensionPort_GetUartHandle
                0x00024878       0x20 ./../Platform/BSP/debug/libBSP_efm32_debug.a(BSP_ExtensionPort.o)
                0x00024878                BSP_ExtensionPort_GetUartHandle
 .text.BSP_ExtensionPort_ConnectUart
                0x00024898       0xd4 ./../Platform/BSP/debug/libBSP_efm32_debug.a(BSP_ExtensionPort.o)
                0x00024898                BSP_ExtensionPort_ConnectUart
 .text.BSP_ExtensionPort_SetUartConfig
                0x0002496c       0xc8 ./../Platform/BSP/debug/libBSP_efm32_debug.a(BSP_ExtensionPort.o)
                0x0002496c                BSP_ExtensionPort_SetUartConfig
 .text.BSP_ExtensionPort_EnableUart
                0x00024a34      0x230 ./../Platform/BSP/debug/libBSP_efm32_debug.a(BSP_ExtensionPort.o)
                0x00024a34                BSP_ExtensionPort_EnableUart
 .text.BSP_ExtensionPort_UARTRxIsr
                0x00024c64       0x5c ./../Platform/BSP/debug/libBSP_efm32_debug.a(BSP_ExtensionPort.o)
                0x00024c64                BSP_ExtensionPort_UARTRxIsr
 .text.BSP_ExtensionPort_UARTTxIsr
                0x00024cc0       0x5c ./../Platform/BSP/debug/libBSP_efm32_debug.a(BSP_ExtensionPort.o)
                0x00024cc0                BSP_ExtensionPort_UARTTxIsr
 .text.NVIC_EnableIRQ
                0x00024d1c       0x38 ./../Platform/BSP/debug/libBSP_efm32_debug.a(BSP_WiFi_cc3100mod.o)
 .text.NVIC_DisableIRQ
                0x00024d54       0x3c ./../Platform/BSP/debug/libBSP_efm32_debug.a(BSP_WiFi_cc3100mod.o)
 .text.NVIC_ClearPendingIRQ
                0x00024d90       0x3c ./../Platform/BSP/debug/libBSP_efm32_debug.a(BSP_WiFi_cc3100mod.o)
 .text.NVIC_SetPriority
                0x00024dcc       0x5c ./../Platform/BSP/debug/libBSP_efm32_debug.a(BSP_WiFi_cc3100mod.o)
 .text.GPIO_IntClear
                0x00024e28       0x20 ./../Platform/BSP/debug/libBSP_efm32_debug.a(BSP_WiFi_cc3100mod.o)
 .text.GPIO_IntDisable
                0x00024e48       0x34 ./../Platform/BSP/debug/libBSP_efm32_debug.a(BSP_WiFi_cc3100mod.o)
 .text.GPIO_IntEnable
                0x00024e7c       0x30 ./../Platform/BSP/debug/libBSP_efm32_debug.a(BSP_WiFi_cc3100mod.o)
 .text.GPIO_PinOutClear
                0x00024eac       0x4c ./../Platform/BSP/debug/libBSP_efm32_debug.a(BSP_WiFi_cc3100mod.o)
 .text.GPIO_PinOutSet
                0x00024ef8       0x4c ./../Platform/BSP/debug/libBSP_efm32_debug.a(BSP_WiFi_cc3100mod.o)
 .text.Board_GPIOInterruptUnregisterCallback
                0x00024f44       0x20 ./../Platform/BSP/debug/libBSP_efm32_debug.a(BSP_WiFi_cc3100mod.o)
 .text.BSP_WiFi_CC3100MOD_Connect
                0x00024f64      0x1e8 ./../Platform/BSP/debug/libBSP_efm32_debug.a(BSP_WiFi_cc3100mod.o)
                0x00024f64                BSP_WiFi_CC3100MOD_Connect
 .text.BSP_WiFi_CC3100MOD_Enable
                0x0002514c      0x1a4 ./../Platform/BSP/debug/libBSP_efm32_debug.a(BSP_WiFi_cc3100mod.o)
                0x0002514c                BSP_WiFi_CC3100MOD_Enable
 .text.BSP_WiFi_CC3100MOD_Disable
                0x000252f0       0xb0 ./../Platform/BSP/debug/libBSP_efm32_debug.a(BSP_WiFi_cc3100mod.o)
                0x000252f0                BSP_WiFi_CC3100MOD_Disable
 .text.BSP_WiFi_CC3100MOD_GetSPIHandle
                0x000253a0       0x14 ./../Platform/BSP/debug/libBSP_efm32_debug.a(BSP_WiFi_cc3100mod.o)
                0x000253a0                BSP_WiFi_CC3100MOD_GetSPIHandle
 .text.BSP_WiFi_CC3100MOD_SetCSLow
                0x000253b4       0x18 ./../Platform/BSP/debug/libBSP_efm32_debug.a(BSP_WiFi_cc3100mod.o)
                0x000253b4                BSP_WiFi_CC3100MOD_SetCSLow
 .text.BSP_WiFi_CC3100MOD_SetCSHigh
                0x000253cc       0x18 ./../Platform/BSP/debug/libBSP_efm32_debug.a(BSP_WiFi_cc3100mod.o)
                0x000253cc                BSP_WiFi_CC3100MOD_SetCSHigh
 .text.WiFi_CC3100MOD_SPIRxISR
                0x000253e4       0x28 ./../Platform/BSP/debug/libBSP_efm32_debug.a(BSP_WiFi_cc3100mod.o)
                0x000253e4                WiFi_CC3100MOD_SPIRxISR
 .text.WiFi_CC3100MOD_SPITxISR
                0x0002540c       0x28 ./../Platform/BSP/debug/libBSP_efm32_debug.a(BSP_WiFi_cc3100mod.o)
                0x0002540c                WiFi_CC3100MOD_SPITxISR
 .text.WiFi_CC3100MOD_SPI_RxDMAComplete
                0x00025434       0x38 ./../Platform/BSP/debug/libBSP_efm32_debug.a(BSP_WiFi_cc3100mod.o)
                0x00025434                WiFi_CC3100MOD_SPI_RxDMAComplete
 .text.WiFi_CC3100MOD_SPI_TxDMAComplete
                0x0002546c       0x38 ./../Platform/BSP/debug/libBSP_efm32_debug.a(BSP_WiFi_cc3100mod.o)
                0x0002546c                WiFi_CC3100MOD_SPI_TxDMAComplete
 .text.WiFi_INT_InterruptCallback
                0x000254a4       0x14 ./../Platform/BSP/debug/libBSP_efm32_debug.a(BSP_WiFi_cc3100mod.o)
 .text.BT_EM9301_UART_TxISR
                0x000254b8       0x28 ./../Platform/BSP/debug/libBSP_efm32_debug.a(BSP_BT_EM9301.o)
                0x000254b8                BT_EM9301_UART_TxISR
 .text.BT_EM9301_UART_RxISR
                0x000254e0       0x28 ./../Platform/BSP/debug/libBSP_efm32_debug.a(BSP_BT_EM9301.o)
                0x000254e0                BT_EM9301_UART_RxISR
 .text.SensorNode_I2CISR
                0x00025508       0x28 ./../Platform/BSP/debug/libBSP_efm32_debug.a(BSP_SensorNode.o)
                0x00025508                SensorNode_I2CISR
 .text.SDCard_SPIRxISR
                0x00025530       0x28 ./../Platform/BSP/debug/libBSP_efm32_debug.a(BSP_SDCard.o)
                0x00025530                SDCard_SPIRxISR
 .text.SDCard_SPITxISR
                0x00025558       0x28 ./../Platform/BSP/debug/libBSP_efm32_debug.a(BSP_SDCard.o)
                0x00025558                SDCard_SPITxISR
 .text.xTaskGenericCreate
                0x00025580      0x1d0 ./../Libraries/FreeRTOS/debug/libFreeRTOS_efm32_debug.a(tasks.o)
                0x00025580                xTaskGenericCreate
 .text.vTaskDelay
                0x00025750       0xac ./../Libraries/FreeRTOS/debug/libFreeRTOS_efm32_debug.a(tasks.o)
                0x00025750                vTaskDelay
 .text.vTaskStartScheduler
                0x000257fc       0xa0 ./../Libraries/FreeRTOS/debug/libFreeRTOS_efm32_debug.a(tasks.o)
                0x000257fc                vTaskStartScheduler
 .text.vTaskSuspendAll
                0x0002589c       0x24 ./../Libraries/FreeRTOS/debug/libFreeRTOS_efm32_debug.a(tasks.o)
                0x0002589c                vTaskSuspendAll
 .text.xTaskResumeAll
                0x000258c0      0x180 ./../Libraries/FreeRTOS/debug/libFreeRTOS_efm32_debug.a(tasks.o)
                0x000258c0                xTaskResumeAll
 .text.xTaskGetTickCount
                0x00025a40       0x20 ./../Libraries/FreeRTOS/debug/libFreeRTOS_efm32_debug.a(tasks.o)
                0x00025a40                xTaskGetTickCount
 .text.xTaskIncrementTick
                0x00025a60      0x20c ./../Libraries/FreeRTOS/debug/libFreeRTOS_efm32_debug.a(tasks.o)
                0x00025a60                xTaskIncrementTick
 .text.vTaskSwitchContext
                0x00025c6c      0x150 ./../Libraries/FreeRTOS/debug/libFreeRTOS_efm32_debug.a(tasks.o)
                0x00025c6c                vTaskSwitchContext
 .text.vTaskPlaceOnEventList
                0x00025dbc       0xc4 ./../Libraries/FreeRTOS/debug/libFreeRTOS_efm32_debug.a(tasks.o)
                0x00025dbc                vTaskPlaceOnEventList
 .text.vTaskPlaceOnEventListRestricted
                0x00025e80       0xc4 ./../Libraries/FreeRTOS/debug/libFreeRTOS_efm32_debug.a(tasks.o)
                0x00025e80                vTaskPlaceOnEventListRestricted
 .text.xTaskRemoveFromEventList
                0x00025f44       0xe8 ./../Libraries/FreeRTOS/debug/libFreeRTOS_efm32_debug.a(tasks.o)
                0x00025f44                xTaskRemoveFromEventList
 .text.vTaskSetTimeOutState
                0x0002602c       0x44 ./../Libraries/FreeRTOS/debug/libFreeRTOS_efm32_debug.a(tasks.o)
                0x0002602c                vTaskSetTimeOutState
 .text.xTaskCheckForTimeOut
                0x00026070       0xc4 ./../Libraries/FreeRTOS/debug/libFreeRTOS_efm32_debug.a(tasks.o)
                0x00026070                xTaskCheckForTimeOut
 .text.vTaskMissedYield
                0x00026134       0x18 ./../Libraries/FreeRTOS/debug/libFreeRTOS_efm32_debug.a(tasks.o)
                0x00026134                vTaskMissedYield
 .text.prvIdleTask
                0x0002614c       0x10 ./../Libraries/FreeRTOS/debug/libFreeRTOS_efm32_debug.a(tasks.o)
 .text.prvInitialiseTCBVariables
                0x0002615c       0xbc ./../Libraries/FreeRTOS/debug/libFreeRTOS_efm32_debug.a(tasks.o)
 .text.prvInitialiseTaskLists
                0x00026218       0xa4 ./../Libraries/FreeRTOS/debug/libFreeRTOS_efm32_debug.a(tasks.o)
 .text.prvCheckTasksWaitingTermination
                0x000262bc       0x9c ./../Libraries/FreeRTOS/debug/libFreeRTOS_efm32_debug.a(tasks.o)
 .text.prvAddCurrentTaskToDelayedList
                0x00026358       0x8c ./../Libraries/FreeRTOS/debug/libFreeRTOS_efm32_debug.a(tasks.o)
 .text.prvAllocateTCBAndStack
                0x000263e4       0x7c ./../Libraries/FreeRTOS/debug/libFreeRTOS_efm32_debug.a(tasks.o)
 .text.prvDeleteTCB
                0x00026460       0x20 ./../Libraries/FreeRTOS/debug/libFreeRTOS_efm32_debug.a(tasks.o)
 .text.prvResetNextTaskUnblockTime
                0x00026480       0x5c ./../Libraries/FreeRTOS/debug/libFreeRTOS_efm32_debug.a(tasks.o)
 .text.xTaskGetSchedulerState
                0x000264dc       0x48 ./../Libraries/FreeRTOS/debug/libFreeRTOS_efm32_debug.a(tasks.o)
                0x000264dc                xTaskGetSchedulerState
 .text.vTaskPriorityInherit
                0x00026524      0x144 ./../Libraries/FreeRTOS/debug/libFreeRTOS_efm32_debug.a(tasks.o)
                0x00026524                vTaskPriorityInherit
 .text.xTaskPriorityDisinherit
                0x00026668      0x13c ./../Libraries/FreeRTOS/debug/libFreeRTOS_efm32_debug.a(tasks.o)
                0x00026668                xTaskPriorityDisinherit
 .text.pvTaskIncrementMutexHeldCount
                0x000267a4       0x38 ./../Libraries/FreeRTOS/debug/libFreeRTOS_efm32_debug.a(tasks.o)
                0x000267a4                pvTaskIncrementMutexHeldCount
 .text.xTimerCreateTimerTask
                0x000267dc       0x78 ./../Libraries/FreeRTOS/debug/libFreeRTOS_efm32_debug.a(timers.o)
                0x000267dc                xTimerCreateTimerTask
 .text.xTimerCreate
                0x00026854       0x7c ./../Libraries/FreeRTOS/debug/libFreeRTOS_efm32_debug.a(timers.o)
                0x00026854                xTimerCreate
 .text.xTimerGenericCommand
                0x000268d0       0xac ./../Libraries/FreeRTOS/debug/libFreeRTOS_efm32_debug.a(timers.o)
                0x000268d0                xTimerGenericCommand
 .text.prvProcessExpiredTimer
                0x0002697c       0x88 ./../Libraries/FreeRTOS/debug/libFreeRTOS_efm32_debug.a(timers.o)
 .text.prvTimerTask
                0x00026a04       0x24 ./../Libraries/FreeRTOS/debug/libFreeRTOS_efm32_debug.a(timers.o)
 .text.prvProcessTimerOrBlockTask
                0x00026a28       0x78 ./../Libraries/FreeRTOS/debug/libFreeRTOS_efm32_debug.a(timers.o)
 .text.prvGetNextExpireTime
                0x00026aa0       0x54 ./../Libraries/FreeRTOS/debug/libFreeRTOS_efm32_debug.a(timers.o)
 .text.prvSampleTimeNow
                0x00026af4       0x4c ./../Libraries/FreeRTOS/debug/libFreeRTOS_efm32_debug.a(timers.o)
 .text.prvInsertTimerInActiveList
                0x00026b40       0x94 ./../Libraries/FreeRTOS/debug/libFreeRTOS_efm32_debug.a(timers.o)
 .text.prvProcessReceivedCommands
                0x00026bd4      0x174 ./../Libraries/FreeRTOS/debug/libFreeRTOS_efm32_debug.a(timers.o)
 .text.prvSwitchTimerLists
                0x00026d48       0xf0 ./../Libraries/FreeRTOS/debug/libFreeRTOS_efm32_debug.a(timers.o)
 .text.prvCheckForValidListAndQueue
                0x00026e38       0xb8 ./../Libraries/FreeRTOS/debug/libFreeRTOS_efm32_debug.a(timers.o)
 .text.xTimerPendFunctionCallFromISR
                0x00026ef0       0x4c ./../Libraries/FreeRTOS/debug/libFreeRTOS_efm32_debug.a(timers.o)
                0x00026ef0                xTimerPendFunctionCallFromISR
 .text.pvPortMalloc
                0x00026f3c      0x1e0 ./../Libraries/FreeRTOS/debug/libFreeRTOS_efm32_debug.a(heap_4.o)
                0x00026f3c                pvPortMalloc
 .text.vPortFree
                0x0002711c       0xcc ./../Libraries/FreeRTOS/debug/libFreeRTOS_efm32_debug.a(heap_4.o)
                0x0002711c                vPortFree
 .text.prvHeapInit
                0x000271e8       0xfc ./../Libraries/FreeRTOS/debug/libFreeRTOS_efm32_debug.a(heap_4.o)
 .text.prvInsertBlockIntoFreeList
                0x000272e4       0xbc ./../Libraries/FreeRTOS/debug/libFreeRTOS_efm32_debug.a(heap_4.o)
 .text.pxPortInitialiseStack
                0x000273a0       0x64 ./../Libraries/FreeRTOS/debug/libFreeRTOS_efm32_debug.a(port.o)
                0x000273a0                pxPortInitialiseStack
 .text.prvTaskExitError
                0x00027404       0x2c ./../Libraries/FreeRTOS/debug/libFreeRTOS_efm32_debug.a(port.o)
 .text.SVC_Handler
                0x00027430       0x24 ./../Libraries/FreeRTOS/debug/libFreeRTOS_efm32_debug.a(port.o)
                0x00027430                SVC_Handler
 .text.prvPortStartFirstTask
                0x00027454       0x20 ./../Libraries/FreeRTOS/debug/libFreeRTOS_efm32_debug.a(port.o)
 .text.xPortStartScheduler
                0x00027474      0x10c ./../Libraries/FreeRTOS/debug/libFreeRTOS_efm32_debug.a(port.o)
                0x00027474                xPortStartScheduler
 .text.vPortYield
                0x00027580       0x20 ./../Libraries/FreeRTOS/debug/libFreeRTOS_efm32_debug.a(port.o)
                0x00027580                vPortYield
 .text.vPortEnterCritical
                0x000275a0       0x58 ./../Libraries/FreeRTOS/debug/libFreeRTOS_efm32_debug.a(port.o)
                0x000275a0                vPortEnterCritical
 .text.vPortExitCritical
                0x000275f8       0x54 ./../Libraries/FreeRTOS/debug/libFreeRTOS_efm32_debug.a(port.o)
                0x000275f8                vPortExitCritical
 .text.ulPortSetInterruptMask
                0x0002764c       0x14 ./../Libraries/FreeRTOS/debug/libFreeRTOS_efm32_debug.a(port.o)
                0x0002764c                ulPortSetInterruptMask
 .text.vPortClearInterruptMask
                0x00027660        0x8 ./../Libraries/FreeRTOS/debug/libFreeRTOS_efm32_debug.a(port.o)
                0x00027660                vPortClearInterruptMask
 .text.PendSV_Handler
                0x00027668       0x44 ./../Libraries/FreeRTOS/debug/libFreeRTOS_efm32_debug.a(port.o)
                0x00027668                PendSV_Handler
 .text.xPortSysTickHandler
                0x000276ac       0x2c ./../Libraries/FreeRTOS/debug/libFreeRTOS_efm32_debug.a(port.o)
                0x000276ac                xPortSysTickHandler
 .text.vPortSetupTimerInterrupt
                0x000276d8       0x28 ./../Libraries/FreeRTOS/debug/libFreeRTOS_efm32_debug.a(port.o)
                0x000276d8                vPortSetupTimerInterrupt
 .text.vPortValidateInterruptPriority
                0x00027700       0x78 ./../Libraries/FreeRTOS/debug/libFreeRTOS_efm32_debug.a(port.o)
                0x00027700                vPortValidateInterruptPriority
 .text.vListInitialise
                0x00027778       0x40 ./../Libraries/FreeRTOS/debug/libFreeRTOS_efm32_debug.a(list.o)
                0x00027778                vListInitialise
 .text.vListInitialiseItem
                0x000277b8       0x1c ./../Libraries/FreeRTOS/debug/libFreeRTOS_efm32_debug.a(list.o)
                0x000277b8                vListInitialiseItem
 .text.vListInsertEnd
                0x000277d4       0x48 ./../Libraries/FreeRTOS/debug/libFreeRTOS_efm32_debug.a(list.o)
                0x000277d4                vListInsertEnd
 .text.vListInsert
                0x0002781c       0x74 ./../Libraries/FreeRTOS/debug/libFreeRTOS_efm32_debug.a(list.o)
                0x0002781c                vListInsert
 .text.uxListRemove
                0x00027890       0x58 ./../Libraries/FreeRTOS/debug/libFreeRTOS_efm32_debug.a(list.o)
                0x00027890                uxListRemove
 .text.xQueueGenericReset
                0x000278e8       0xc8 ./../Libraries/FreeRTOS/debug/libFreeRTOS_efm32_debug.a(queue.o)
                0x000278e8                xQueueGenericReset
 .text.xQueueGenericCreate
                0x000279b0       0xb8 ./../Libraries/FreeRTOS/debug/libFreeRTOS_efm32_debug.a(queue.o)
                0x000279b0                xQueueGenericCreate
 .text.xQueueCreateMutex
                0x00027a68       0xb8 ./../Libraries/FreeRTOS/debug/libFreeRTOS_efm32_debug.a(queue.o)
                0x00027a68                xQueueCreateMutex
 .text.xQueueGenericSend
                0x00027b20      0x1c8 ./../Libraries/FreeRTOS/debug/libFreeRTOS_efm32_debug.a(queue.o)
                0x00027b20                xQueueGenericSend
 .text.xQueueGenericSendFromISR
                0x00027ce8      0x110 ./../Libraries/FreeRTOS/debug/libFreeRTOS_efm32_debug.a(queue.o)
                0x00027ce8                xQueueGenericSendFromISR
 .text.xQueueGiveFromISR
                0x00027df8      0x108 ./../Libraries/FreeRTOS/debug/libFreeRTOS_efm32_debug.a(queue.o)
                0x00027df8                xQueueGiveFromISR
 .text.xQueueGenericReceive
                0x00027f00      0x1e0 ./../Libraries/FreeRTOS/debug/libFreeRTOS_efm32_debug.a(queue.o)
                0x00027f00                xQueueGenericReceive
 .text.vQueueDelete
                0x000280e0       0x38 ./../Libraries/FreeRTOS/debug/libFreeRTOS_efm32_debug.a(queue.o)
                0x000280e0                vQueueDelete
 .text.prvCopyDataToQueue
                0x00028118       0xe8 ./../Libraries/FreeRTOS/debug/libFreeRTOS_efm32_debug.a(queue.o)
 .text.prvCopyDataFromQueue
                0x00028200       0x50 ./../Libraries/FreeRTOS/debug/libFreeRTOS_efm32_debug.a(queue.o)
 .text.prvUnlockQueue
                0x00028250       0xc0 ./../Libraries/FreeRTOS/debug/libFreeRTOS_efm32_debug.a(queue.o)
 .text.prvIsQueueEmpty
                0x00028310       0x34 ./../Libraries/FreeRTOS/debug/libFreeRTOS_efm32_debug.a(queue.o)
 .text.prvIsQueueFull
                0x00028344       0x38 ./../Libraries/FreeRTOS/debug/libFreeRTOS_efm32_debug.a(queue.o)
 .text.vQueueAddToRegistry
                0x0002837c       0x64 ./../Libraries/FreeRTOS/debug/libFreeRTOS_efm32_debug.a(queue.o)
                0x0002837c                vQueueAddToRegistry
 .text.vQueueUnregisterQueue
                0x000283e0       0x54 ./../Libraries/FreeRTOS/debug/libFreeRTOS_efm32_debug.a(queue.o)
                0x000283e0                vQueueUnregisterQueue
 .text.vQueueWaitForMessageRestricted
                0x00028434       0x64 ./../Libraries/FreeRTOS/debug/libFreeRTOS_efm32_debug.a(queue.o)
                0x00028434                vQueueWaitForMessageRestricted
 .text.prvNotifyQueueSetContainer
                0x00028498       0xa8 ./../Libraries/FreeRTOS/debug/libFreeRTOS_efm32_debug.a(queue.o)
 .text.ADC_CalibrateLoadScan
                0x00028540      0x180 ./../Libraries/EMlib/debug/libEMLib_efm32_debug.a(em_adc.o)
 .text.ADC_Init
                0x000286c0       0x68 ./../Libraries/EMlib/debug/libEMLib_efm32_debug.a(em_adc.o)
                0x000286c0                ADC_Init
 .text.ADC_InitScan
                0x00028728       0x9c ./../Libraries/EMlib/debug/libEMLib_efm32_debug.a(em_adc.o)
                0x00028728                ADC_InitScan
 .text.ADC_PrescaleCalc
                0x000287c4       0x78 ./../Libraries/EMlib/debug/libEMLib_efm32_debug.a(em_adc.o)
                0x000287c4                ADC_PrescaleCalc
 .text.ADC_TimebaseCalc
                0x0002883c       0x74 ./../Libraries/EMlib/debug/libEMLib_efm32_debug.a(em_adc.o)
                0x0002883c                ADC_TimebaseCalc
 .text.BITBAND_Peripheral
                0x000288b0       0x30 ./../Libraries/EMlib/debug/libEMLib_efm32_debug.a(em_cmu.o)
 .text.CMU_MaxFreqHfle
                0x000288e0       0xb8 ./../Libraries/EMlib/debug/libEMLib_efm32_debug.a(em_cmu.o)
 .text.CMU_FlashWaitStateMax
                0x00028998       0x68 ./../Libraries/EMlib/debug/libEMLib_efm32_debug.a(em_cmu.o)
 .text.CMU_DivToLog2
                0x00028a00       0x38 ./../Libraries/EMlib/debug/libEMLib_efm32_debug.a(em_cmu.o)
 .text.CMU_FlashWaitStateControl
                0x00028a38       0xf4 ./../Libraries/EMlib/debug/libEMLib_efm32_debug.a(em_cmu.o)
 .text.CMU_USBCClkGet
                0x00028b2c       0x50 ./../Libraries/EMlib/debug/libEMLib_efm32_debug.a(em_cmu.o)
 .text.CMU_AUXClkGet
                0x00028b7c       0x9c ./../Libraries/EMlib/debug/libEMLib_efm32_debug.a(em_cmu.o)
 .text.CMU_DBGClkGet
                0x00028c18       0x64 ./../Libraries/EMlib/debug/libEMLib_efm32_debug.a(em_cmu.o)
 .text.CMU_LFClkGet
                0x00028c7c       0xd4 ./../Libraries/EMlib/debug/libEMLib_efm32_debug.a(em_cmu.o)
 .text.CMU_Sync
                0x00028d50       0x3c ./../Libraries/EMlib/debug/libEMLib_efm32_debug.a(em_cmu.o)
 .text.CMU_ClockDivSet
                0x00028d8c      0x298 ./../Libraries/EMlib/debug/libEMLib_efm32_debug.a(em_cmu.o)
                0x00028d8c                CMU_ClockDivSet
 .text.CMU_ClockEnable
                0x00029024      0x10c ./../Libraries/EMlib/debug/libEMLib_efm32_debug.a(em_cmu.o)
                0x00029024                CMU_ClockEnable
 .text.CMU_ClockFreqGet
                0x00029130      0x1e8 ./../Libraries/EMlib/debug/libEMLib_efm32_debug.a(em_cmu.o)
                0x00029130                CMU_ClockFreqGet
 .text.CMU_ClockSelectGet
                0x00029318      0x1a4 ./../Libraries/EMlib/debug/libEMLib_efm32_debug.a(em_cmu.o)
                0x00029318                CMU_ClockSelectGet
 .text.CMU_ClockSelectSet
                0x000294bc      0x38c ./../Libraries/EMlib/debug/libEMLib_efm32_debug.a(em_cmu.o)
                0x000294bc                CMU_ClockSelectSet
 .text.CMU_OscillatorEnable
                0x00029848       0xe8 ./../Libraries/EMlib/debug/libEMLib_efm32_debug.a(em_cmu.o)
                0x00029848                CMU_OscillatorEnable
 .text.MSC_Init
                0x00029930      0x108 ./../Libraries/EMlib/debug/libEMLib_efm32_debug.a(em_msc.o)
                0x00029930                MSC_Init
 .text.MSC_Deinit
                0x00029a38       0x30 ./../Libraries/EMlib/debug/libEMLib_efm32_debug.a(em_msc.o)
                0x00029a38                MSC_Deinit
 .text.NVIC_DisableIRQ
                0x00029a68       0x3c ./../Libraries/EMlib/debug/libEMLib_efm32_debug.a(em_dma.o)
 .text.BITBAND_Peripheral
                0x00029aa4       0x30 ./../Libraries/EMlib/debug/libEMLib_efm32_debug.a(em_dma.o)
 .text.DMA_Prepare
                0x00029ad4      0x138 ./../Libraries/EMlib/debug/libEMLib_efm32_debug.a(em_dma.o)
 .text.DMA_IRQHandler
                0x00029c0c      0x110 ./../Libraries/EMlib/debug/libEMLib_efm32_debug.a(em_dma.o)
                0x00029c0c                DMA_IRQHandler
 .text.DMA_ActivateBasic
                0x00029d1c       0x48 ./../Libraries/EMlib/debug/libEMLib_efm32_debug.a(em_dma.o)
                0x00029d1c                DMA_ActivateBasic
 .text.DMA_CfgChannel
                0x00029d64       0xc0 ./../Libraries/EMlib/debug/libEMLib_efm32_debug.a(em_dma.o)
                0x00029d64                DMA_CfgChannel
 .text.DMA_CfgDescr
                0x00029e24       0x84 ./../Libraries/EMlib/debug/libEMLib_efm32_debug.a(em_dma.o)
                0x00029e24                DMA_CfgDescr
 .text.DMA_Reset
                0x00029ea8       0xd4 ./../Libraries/EMlib/debug/libEMLib_efm32_debug.a(em_dma.o)
                0x00029ea8                DMA_Reset
 .text.EMU_UpdateOscConfig
                0x00029f7c       0x20 ./../Libraries/EMlib/debug/libEMLib_efm32_debug.a(em_emu.o)
                0x00029f7c                EMU_UpdateOscConfig
 .text.BITBAND_Peripheral
                0x00029f9c       0x30 ./../Libraries/EMlib/debug/libEMLib_efm32_debug.a(em_gpio.o)
 .text.GPIO_DriveModeSet
                0x00029fcc       0x60 ./../Libraries/EMlib/debug/libEMLib_efm32_debug.a(em_gpio.o)
                0x00029fcc                GPIO_DriveModeSet
 .text.GPIO_IntConfig
                0x0002a02c       0xf4 ./../Libraries/EMlib/debug/libEMLib_efm32_debug.a(em_gpio.o)
                0x0002a02c                GPIO_IntConfig
 .text.GPIO_PinModeSet
                0x0002a120      0x1b8 ./../Libraries/EMlib/debug/libEMLib_efm32_debug.a(em_gpio.o)
                0x0002a120                GPIO_PinModeSet
 .text.BITBAND_Peripheral
                0x0002a2d8       0x30 ./../Libraries/EMlib/debug/libEMLib_efm32_debug.a(em_i2c.o)
 .text.I2C_BusFreqSet
                0x0002a308       0x94 ./../Libraries/EMlib/debug/libEMLib_efm32_debug.a(em_i2c.o)
                0x0002a308                I2C_BusFreqSet
 .text.I2C_Init
                0x0002a39c       0x84 ./../Libraries/EMlib/debug/libEMLib_efm32_debug.a(em_i2c.o)
                0x0002a39c                I2C_Init
 .text.USART_BaudrateAsyncSet
                0x0002a420       0xd0 ./../Libraries/EMlib/debug/libEMLib_efm32_debug.a(em_usart.o)
                0x0002a420                USART_BaudrateAsyncSet
 .text.USART_BaudrateSyncSet
                0x0002a4f0       0x7c ./../Libraries/EMlib/debug/libEMLib_efm32_debug.a(em_usart.o)
                0x0002a4f0                USART_BaudrateSyncSet
 .text.USART_Enable
                0x0002a56c       0x7c ./../Libraries/EMlib/debug/libEMLib_efm32_debug.a(em_usart.o)
                0x0002a56c                USART_Enable
 .text.USART_InitAsync
                0x0002a5e8       0xbc ./../Libraries/EMlib/debug/libEMLib_efm32_debug.a(em_usart.o)
                0x0002a5e8                USART_InitAsync
 .text.USART_Reset
                0x0002a6a4       0xd8 ./../Libraries/EMlib/debug/libEMLib_efm32_debug.a(em_usart.o)
                0x0002a6a4                USART_Reset
 .text.USART_Tx
                0x0002a77c       0x2c ./../Libraries/EMlib/debug/libEMLib_efm32_debug.a(em_usart.o)
                0x0002a77c                USART_Tx
 .text.SYSTEM_ChipRevisionGet
                0x0002a7a8       0x94 ./../Libraries/EMlib/debug/libEMLib_efm32_debug.a(em_system.o)
                0x0002a7a8                SYSTEM_ChipRevisionGet
 .text.NVIC_EnableIRQ
                0x0002a83c       0x38 ./../Libraries/EMlib/debug/libEMLib_efm32_debug.a(em_usbd.o)
 .text.NVIC_ClearPendingIRQ
                0x0002a874       0x3c ./../Libraries/EMlib/debug/libEMLib_efm32_debug.a(em_usbd.o)
 .text.INT_Disable
                0x0002a8b0       0x40 ./../Libraries/EMlib/debug/libEMLib_efm32_debug.a(em_usbd.o)
 .text.INT_Enable
                0x0002a8f0       0x54 ./../Libraries/EMlib/debug/libEMLib_efm32_debug.a(em_usbd.o)
 .text.USBHAL_DisableGlobalInt
                0x0002a944       0x34 ./../Libraries/EMlib/debug/libEMLib_efm32_debug.a(em_usbd.o)
 .text.USBHAL_EnableGlobalInt
                0x0002a978       0x34 ./../Libraries/EMlib/debug/libEMLib_efm32_debug.a(em_usbd.o)
 .text.USBDHAL_EnableUsbResetAndSuspendInt
                0x0002a9ac       0x38 ./../Libraries/EMlib/debug/libEMLib_efm32_debug.a(em_usbd.o)
 .text.USBDHAL_EpIsStalled
                0x0002a9e4       0x3c ./../Libraries/EMlib/debug/libEMLib_efm32_debug.a(em_usbd.o)
 .text.USBDHAL_GetStallStatusEp
                0x0002aa20       0xc0 ./../Libraries/EMlib/debug/libEMLib_efm32_debug.a(em_usbd.o)
 .text.USBDHAL_SetEp0InDmaPtr
                0x0002aae0       0x28 ./../Libraries/EMlib/debug/libEMLib_efm32_debug.a(em_usbd.o)
 .text.USBDHAL_SetEp0OutDmaPtr
                0x0002ab08       0x28 ./../Libraries/EMlib/debug/libEMLib_efm32_debug.a(em_usbd.o)
 .text.USBDHAL_StartEp0In
                0x0002ab30       0x5c ./../Libraries/EMlib/debug/libEMLib_efm32_debug.a(em_usbd.o)
 .text.USBDHAL_StartEp0Out
                0x0002ab8c       0x5c ./../Libraries/EMlib/debug/libEMLib_efm32_debug.a(em_usbd.o)
 .text.USBDHAL_StartEpIn
                0x0002abe8       0xc8 ./../Libraries/EMlib/debug/libEMLib_efm32_debug.a(em_usbd.o)
 .text.USBDHAL_StartEpOut
                0x0002acb0       0xd4 ./../Libraries/EMlib/debug/libEMLib_efm32_debug.a(em_usbd.o)
 .text.USBD_ArmEp
                0x0002ad84       0x28 ./../Libraries/EMlib/debug/libEMLib_efm32_debug.a(em_usbd.o)
 .text.USBD_ArmEp0
                0x0002adac       0x88 ./../Libraries/EMlib/debug/libEMLib_efm32_debug.a(em_usbd.o)
 .text.USBD_ArmEpN
                0x0002ae34       0x28 ./../Libraries/EMlib/debug/libEMLib_efm32_debug.a(em_usbd.o)
 .text.USBD_GetEpFromAddr
                0x0002ae5c       0xa0 ./../Libraries/EMlib/debug/libEMLib_efm32_debug.a(em_usbd.o)
 .text.USBD_Disconnect
                0x0002aefc       0x14 ./../Libraries/EMlib/debug/libEMLib_efm32_debug.a(em_usbd.o)
                0x0002aefc                USBD_Disconnect
 .text.USBD_GetUsbState
                0x0002af10       0x1c ./../Libraries/EMlib/debug/libEMLib_efm32_debug.a(em_usbd.o)
                0x0002af10                USBD_GetUsbState
 .text.USBD_Init
                0x0002af2c      0x4fc ./../Libraries/EMlib/debug/libEMLib_efm32_debug.a(em_usbd.o)
                0x0002af2c                USBD_Init
 .text.USBD_Read
                0x0002b428      0x108 ./../Libraries/EMlib/debug/libEMLib_efm32_debug.a(em_usbd.o)
                0x0002b428                USBD_Read
 .text.USBD_SetUsbState
                0x0002b530       0x98 ./../Libraries/EMlib/debug/libEMLib_efm32_debug.a(em_usbd.o)
                0x0002b530                USBD_SetUsbState
 .text.USBD_Write
                0x0002b5c8      0x10c ./../Libraries/EMlib/debug/libEMLib_efm32_debug.a(em_usbd.o)
                0x0002b5c8                USBD_Write
 .text.NVIC_ClearPendingIRQ
                0x0002b6d4       0x3c ./../Libraries/EMlib/debug/libEMLib_efm32_debug.a(em_usbhal.o)
 .text.INT_Disable
                0x0002b710       0x40 ./../Libraries/EMlib/debug/libEMLib_efm32_debug.a(em_usbhal.o)
 .text.INT_Enable
                0x0002b750       0x54 ./../Libraries/EMlib/debug/libEMLib_efm32_debug.a(em_usbhal.o)
 .text.USBHAL_FlushRxFifo
                0x0002b7a4       0x3c ./../Libraries/EMlib/debug/libEMLib_efm32_debug.a(em_usbhal.o)
 .text.USBHAL_FlushTxFifo
                0x0002b7e0       0x4c ./../Libraries/EMlib/debug/libEMLib_efm32_debug.a(em_usbhal.o)
 .text.USBDHAL_DeactivateEp
                0x0002b82c       0x88 ./../Libraries/EMlib/debug/libEMLib_efm32_debug.a(em_usbhal.o)
 .text.USBDHAL_GetInEpInts
                0x0002b8b4       0x44 ./../Libraries/EMlib/debug/libEMLib_efm32_debug.a(em_usbhal.o)
 .text.USBDHAL_GetOutEpInts
                0x0002b8f8       0x44 ./../Libraries/EMlib/debug/libEMLib_efm32_debug.a(em_usbhal.o)
 .text.USBDHAL_SetEPDISNAK
                0x0002b93c       0xac ./../Libraries/EMlib/debug/libEMLib_efm32_debug.a(em_usbhal.o)
 .text.USBD_GetEpFromAddr
                0x0002b9e8       0xa0 ./../Libraries/EMlib/debug/libEMLib_efm32_debug.a(em_usbhal.o)
 .text.USBHAL_CoreReset
                0x0002ba88       0xbc ./../Libraries/EMlib/debug/libEMLib_efm32_debug.a(em_usbhal.o)
                0x0002ba88                USBHAL_CoreReset
 .text.USBDHAL_CoreInit
                0x0002bb44      0x3ec ./../Libraries/EMlib/debug/libEMLib_efm32_debug.a(em_usbhal.o)
                0x0002bb44                USBDHAL_CoreInit
 .text.USBDHAL_Disconnect
                0x0002bf30       0x3c ./../Libraries/EMlib/debug/libEMLib_efm32_debug.a(em_usbhal.o)
                0x0002bf30                USBDHAL_Disconnect
 .text.USBDHAL_AbortAllEps
                0x0002bf6c      0x53c ./../Libraries/EMlib/debug/libEMLib_efm32_debug.a(em_usbhal.o)
                0x0002bf6c                USBDHAL_AbortAllEps
 .text.USBDHAL_AbortAllTransfers
                0x0002c4a8       0xc8 ./../Libraries/EMlib/debug/libEMLib_efm32_debug.a(em_usbhal.o)
                0x0002c4a8                USBDHAL_AbortAllTransfers
 .text.USBDHAL_ReenableEp0Setup
                0x0002c570       0x60 ./../Libraries/EMlib/debug/libEMLib_efm32_debug.a(em_usbdep.o)
 .text.USBDHAL_StallEp
                0x0002c5d0       0xcc ./../Libraries/EMlib/debug/libEMLib_efm32_debug.a(em_usbdep.o)
 .text.USBDHAL_StartEp0In
                0x0002c69c       0x5c ./../Libraries/EMlib/debug/libEMLib_efm32_debug.a(em_usbdep.o)
 .text.USBDHAL_StartEp0Out
                0x0002c6f8       0x5c ./../Libraries/EMlib/debug/libEMLib_efm32_debug.a(em_usbdep.o)
 .text.USBD_GetEpFromAddr
                0x0002c754       0xa0 ./../Libraries/EMlib/debug/libEMLib_efm32_debug.a(em_usbdep.o)
 .text.USBD_ReArmEp0
                0x0002c7f4       0x64 ./../Libraries/EMlib/debug/libEMLib_efm32_debug.a(em_usbdep.o)
 .text.USBDEP_Ep0Handler
                0x0002c858      0x300 ./../Libraries/EMlib/debug/libEMLib_efm32_debug.a(em_usbdep.o)
                0x0002c858                USBDEP_Ep0Handler
 .text.USBDEP_EpHandler
                0x0002cb58       0x60 ./../Libraries/EMlib/debug/libEMLib_efm32_debug.a(em_usbdep.o)
                0x0002cb58                USBDEP_EpHandler
 .text.TIMER_CounterGet
                0x0002cbb8       0x18 ./../Libraries/EMlib/debug/libEMLib_efm32_debug.a(em_usbtimer.o)
 .text.TIMER_TopSet
                0x0002cbd0       0x1c ./../Libraries/EMlib/debug/libEMLib_efm32_debug.a(em_usbtimer.o)
 .text.DelayTicks
                0x0002cbec       0x4c ./../Libraries/EMlib/debug/libEMLib_efm32_debug.a(em_usbtimer.o)
 .text.USBTIMER_DelayMs
                0x0002cc38       0x84 ./../Libraries/EMlib/debug/libEMLib_efm32_debug.a(em_usbtimer.o)
                0x0002cc38                USBTIMER_DelayMs
 .text.USBTIMER_DelayUs
                0x0002ccbc      0x124 ./../Libraries/EMlib/debug/libEMLib_efm32_debug.a(em_usbtimer.o)
                0x0002ccbc                USBTIMER_DelayUs
 .text.USBTIMER_Init
                0x0002cde0      0x188 ./../Libraries/EMlib/debug/libEMLib_efm32_debug.a(em_usbtimer.o)
                0x0002cde0                USBTIMER_Init
 .text.GetProdRev
                0x0002cf68       0x1c ./../Libraries/EMlib/debug/libEMLib_efm32_debug.a(system_efm32gg.o)
 .text.SystemCoreClockGet
                0x0002cf84       0x58 ./../Libraries/EMlib/debug/libEMLib_efm32_debug.a(system_efm32gg.o)
                0x0002cf84                SystemCoreClockGet
 .text.SystemHFClockGet
                0x0002cfdc      0x110 ./../Libraries/EMlib/debug/libEMLib_efm32_debug.a(system_efm32gg.o)
                0x0002cfdc                SystemHFClockGet
 .text.SystemHFXOClockGet
                0x0002d0ec       0x18 ./../Libraries/EMlib/debug/libEMLib_efm32_debug.a(system_efm32gg.o)
                0x0002d0ec                SystemHFXOClockGet
 .text.SystemInit
                0x0002d104        0xc ./../Libraries/EMlib/debug/libEMLib_efm32_debug.a(system_efm32gg.o)
                0x0002d104                SystemInit
 .text.SystemLFRCOClockGet
                0x0002d110       0x10 ./../Libraries/EMlib/debug/libEMLib_efm32_debug.a(system_efm32gg.o)
                0x0002d110                SystemLFRCOClockGet
 .text.SystemULFRCOClockGet
                0x0002d120       0x10 ./../Libraries/EMlib/debug/libEMLib_efm32_debug.a(system_efm32gg.o)
                0x0002d120                SystemULFRCOClockGet
 .text.SystemLFXOClockGet
                0x0002d130       0x18 ./../Libraries/EMlib/debug/libEMLib_efm32_debug.a(system_efm32gg.o)
                0x0002d130                SystemLFXOClockGet
 .text.TIMER_Init
                0x0002d148      0x134 ./../Libraries/EMlib/debug/libEMLib_efm32_debug.a(em_timer.o)
                0x0002d148                TIMER_Init
 .text.TIMER_InitCC
                0x0002d27c       0xec ./../Libraries/EMlib/debug/libEMLib_efm32_debug.a(em_timer.o)
                0x0002d27c                TIMER_InitCC
 .text.USBDHAL_ActivateEp
                0x0002d368      0x148 ./../Libraries/EMlib/debug/libEMLib_efm32_debug.a(em_usbdch9.o)
 .text.USBDHAL_DeactivateEp
                0x0002d4b0       0x88 ./../Libraries/EMlib/debug/libEMLib_efm32_debug.a(em_usbdch9.o)
 .text.USBDHAL_GetStallStatusEp
                0x0002d538       0xc0 ./../Libraries/EMlib/debug/libEMLib_efm32_debug.a(em_usbdch9.o)
 .text.USBDHAL_SetAddr
                0x0002d5f8       0x3c ./../Libraries/EMlib/debug/libEMLib_efm32_debug.a(em_usbdch9.o)
 .text.USBDHAL_StallEp
                0x0002d634       0xcc ./../Libraries/EMlib/debug/libEMLib_efm32_debug.a(em_usbdch9.o)
 .text.USBDHAL_UnStallEp
                0x0002d700       0xe4 ./../Libraries/EMlib/debug/libEMLib_efm32_debug.a(em_usbdch9.o)
 .text.USBD_ActivateAllEps
                0x0002d7e4       0x54 ./../Libraries/EMlib/debug/libEMLib_efm32_debug.a(em_usbdch9.o)
 .text.USBD_DeactivateAllEps
                0x0002d838       0x68 ./../Libraries/EMlib/debug/libEMLib_efm32_debug.a(em_usbdch9.o)
 .text.USBD_GetEpFromAddr
                0x0002d8a0       0xa0 ./../Libraries/EMlib/debug/libEMLib_efm32_debug.a(em_usbdch9.o)
 .text.USBDCH9_SetupCmd
                0x0002d940       0xec ./../Libraries/EMlib/debug/libEMLib_efm32_debug.a(em_usbdch9.o)
                0x0002d940                USBDCH9_SetupCmd
 .text.ClearFeature
                0x0002da2c       0xcc ./../Libraries/EMlib/debug/libEMLib_efm32_debug.a(em_usbdch9.o)
 .text.GetConfiguration
                0x0002daf8       0xb8 ./../Libraries/EMlib/debug/libEMLib_efm32_debug.a(em_usbdch9.o)
 .text.GetDescriptor
                0x0002dbb0      0x10c ./../Libraries/EMlib/debug/libEMLib_efm32_debug.a(em_usbdch9.o)
 .text.GetInterface
                0x0002dcbc       0x94 ./../Libraries/EMlib/debug/libEMLib_efm32_debug.a(em_usbdch9.o)
 .text.GetStatus
                0x0002dd50      0x1b4 ./../Libraries/EMlib/debug/libEMLib_efm32_debug.a(em_usbdch9.o)
 .text.SetAddress
                0x0002df04       0xb4 ./../Libraries/EMlib/debug/libEMLib_efm32_debug.a(em_usbdch9.o)
 .text.SetConfiguration
                0x0002dfb8      0x10c ./../Libraries/EMlib/debug/libEMLib_efm32_debug.a(em_usbdch9.o)
 .text.SetFeature
                0x0002e0c4      0x100 ./../Libraries/EMlib/debug/libEMLib_efm32_debug.a(em_usbdch9.o)
 .text.SetInterface
                0x0002e1c4       0x68 ./../Libraries/EMlib/debug/libEMLib_efm32_debug.a(em_usbdch9.o)
 .text._sl_BuildAddress
                0x0002e22c       0x60 ./../Libraries/WiFi/debug/libWiFi_efm32_debug.a(socket.o)
 .text._sl_TruncatePayloadByProtocol
                0x0002e28c       0x44 ./../Libraries/WiFi/debug/libWiFi_efm32_debug.a(socket.o)
 .text.sl_Socket
                0x0002e2d0       0x7c ./../Libraries/WiFi/debug/libWiFi_efm32_debug.a(socket.o)
                0x0002e2d0                sl_Socket
 .text.sl_Close
                0x0002e34c       0x5c ./../Libraries/WiFi/debug/libWiFi_efm32_debug.a(socket.o)
                0x0002e34c                sl_Close
 .text.sl_SendTo
                0x0002e3a8      0x138 ./../Libraries/WiFi/debug/libWiFi_efm32_debug.a(socket.o)
                0x0002e3a8                sl_SendTo
 .text._sl_HandleAsync_Connect
                0x0002e4e0       0xd4 ./../Libraries/WiFi/debug/libWiFi_efm32_debug.a(socket.o)
                0x0002e4e0                _sl_HandleAsync_Connect
 .text.sl_Htonl
                0x0002e5b4       0x58 ./../Libraries/WiFi/debug/libWiFi_efm32_debug.a(socket.o)
                0x0002e5b4                sl_Htonl
 .text.sl_Htons
                0x0002e60c       0x48 ./../Libraries/WiFi/debug/libWiFi_efm32_debug.a(socket.o)
                0x0002e60c                sl_Htons
 .text._sl_HandleAsync_Accept
                0x0002e654       0xa8 ./../Libraries/WiFi/debug/libWiFi_efm32_debug.a(socket.o)
                0x0002e654                _sl_HandleAsync_Accept
 .text._sl_HandleAsync_Select
                0x0002e6fc       0x94 ./../Libraries/WiFi/debug/libWiFi_efm32_debug.a(socket.o)
                0x0002e6fc                _sl_HandleAsync_Select
 .text._SlDrvProtectAsyncRespSetting
                0x0002e790       0x5c ./../Libraries/WiFi/debug/libWiFi_efm32_debug.a(driver.o)
                0x0002e790                _SlDrvProtectAsyncRespSetting
 .text._SlDrvDriverCBInit
                0x0002e7ec      0x25c ./../Libraries/WiFi/debug/libWiFi_efm32_debug.a(driver.o)
                0x0002e7ec                _SlDrvDriverCBInit
 .text._SlDrvDriverCBDeinit
                0x0002ea48      0x190 ./../Libraries/WiFi/debug/libWiFi_efm32_debug.a(driver.o)
                0x0002ea48                _SlDrvDriverCBDeinit
 .text._SlDrvRxIrqHandler
                0x0002ebd8       0x80 ./../Libraries/WiFi/debug/libWiFi_efm32_debug.a(driver.o)
                0x0002ebd8                _SlDrvRxIrqHandler
 .text._SlDrvCmdOp
                0x0002ec58       0xe4 ./../Libraries/WiFi/debug/libWiFi_efm32_debug.a(driver.o)
                0x0002ec58                _SlDrvCmdOp
 .text._SlDrvDataWriteOp
                0x0002ed3c      0x1c8 ./../Libraries/WiFi/debug/libWiFi_efm32_debug.a(driver.o)
                0x0002ed3c                _SlDrvDataWriteOp
 .text._SlDrvMsgWrite
                0x0002ef04      0x248 ./../Libraries/WiFi/debug/libWiFi_efm32_debug.a(driver.o)
 .text._SlDrvMsgRead
                0x0002f14c      0x7a0 ./../Libraries/WiFi/debug/libWiFi_efm32_debug.a(driver.o)
 .text._SlAsyncEventGenericHandler
                0x0002f8ec      0x120 ./../Libraries/WiFi/debug/libWiFi_efm32_debug.a(driver.o)
 .text._SlDrvMsgReadCmdCtx
                0x0002fa0c      0x19c ./../Libraries/WiFi/debug/libWiFi_efm32_debug.a(driver.o)
 .text._SlDrvMsgReadSpawnCtx
                0x0002fba8      0x10c ./../Libraries/WiFi/debug/libWiFi_efm32_debug.a(driver.o)
                0x0002fba8                _SlDrvMsgReadSpawnCtx
 .text._SlDrvClassifyRxMsg
                0x0002fcb4       0xf0 ./../Libraries/WiFi/debug/libWiFi_efm32_debug.a(driver.o)
 .text._SlDrvRxHdrRead
                0x0002fda4      0x2d4 ./../Libraries/WiFi/debug/libWiFi_efm32_debug.a(driver.o)
 .text._SlDrvCmdSend
                0x00030078       0x9c ./../Libraries/WiFi/debug/libWiFi_efm32_debug.a(driver.o)
                0x00030078                _SlDrvCmdSend
 .text._SlDrvWaitForPoolObj
                0x00030114      0x254 ./../Libraries/WiFi/debug/libWiFi_efm32_debug.a(driver.o)
                0x00030114                _SlDrvWaitForPoolObj
 .text._SlDrvReleasePoolObj
                0x00030368      0x2fc ./../Libraries/WiFi/debug/libWiFi_efm32_debug.a(driver.o)
                0x00030368                _SlDrvReleasePoolObj
 .text._SlRemoveFromList
                0x00030664      0x114 ./../Libraries/WiFi/debug/libWiFi_efm32_debug.a(driver.o)
 .text._SlFindAndSetActiveObj
                0x00030778      0x1f4 ./../Libraries/WiFi/debug/libWiFi_efm32_debug.a(driver.o)
 .text._SlDrvDispatchHttpServerEvents
                0x0003096c       0x1c ./../Libraries/WiFi/debug/libWiFi_efm32_debug.a(driver.o)
                0x0003096c                _SlDrvDispatchHttpServerEvents
 .text._SlDrvSyncObjSignal
                0x00030988       0x30 ./../Libraries/WiFi/debug/libWiFi_efm32_debug.a(driver.o)
                0x00030988                _SlDrvSyncObjSignal
 .text._SlDrvObjLockWaitForever
                0x000309b8       0x34 ./../Libraries/WiFi/debug/libWiFi_efm32_debug.a(driver.o)
                0x000309b8                _SlDrvObjLockWaitForever
 .text._SlDrvProtectionObjLockWaitForever
                0x000309ec       0x40 ./../Libraries/WiFi/debug/libWiFi_efm32_debug.a(driver.o)
                0x000309ec                _SlDrvProtectionObjLockWaitForever
 .text._SlDrvObjUnLock
                0x00030a2c       0x30 ./../Libraries/WiFi/debug/libWiFi_efm32_debug.a(driver.o)
                0x00030a2c                _SlDrvObjUnLock
 .text._SlDrvProtectionObjUnLock
                0x00030a5c       0x3c ./../Libraries/WiFi/debug/libWiFi_efm32_debug.a(driver.o)
                0x00030a5c                _SlDrvProtectionObjUnLock
 .text._SlDrvObjGlobalLockWaitForever
                0x00030a98       0x3c ./../Libraries/WiFi/debug/libWiFi_efm32_debug.a(driver.o)
 .text._SlDrvGlobalObjUnLock
                0x00030ad4       0x3c ./../Libraries/WiFi/debug/libWiFi_efm32_debug.a(driver.o)
                0x00030ad4                _SlDrvGlobalObjUnLock
 .text._SlDrvMemZero
                0x00030b10       0x24 ./../Libraries/WiFi/debug/libWiFi_efm32_debug.a(driver.o)
                0x00030b10                _SlDrvMemZero
 .text._SlDrvResetCmdExt
                0x00030b34       0x1c ./../Libraries/WiFi/debug/libWiFi_efm32_debug.a(driver.o)
                0x00030b34                _SlDrvResetCmdExt
 .text._SlDrvSyncObjWaitForever
                0x00030b50       0x38 ./../Libraries/WiFi/debug/libWiFi_efm32_debug.a(driver.o)
                0x00030b50                _SlDrvSyncObjWaitForever
 .text._SlDrvSyncObjWaitTimeout
                0x00030b88       0x58 ./../Libraries/WiFi/debug/libWiFi_efm32_debug.a(driver.o)
                0x00030b88                _SlDrvSyncObjWaitTimeout
 .text._SlDriverHandleError
                0x00030be0       0xb4 ./../Libraries/WiFi/debug/libWiFi_efm32_debug.a(driver.o)
                0x00030be0                _SlDriverHandleError
 .text.sl_NetAppStop
                0x00030c94       0x58 ./../Libraries/WiFi/debug/libWiFi_efm32_debug.a(netapp.o)
                0x00030c94                sl_NetAppStop
 .text._sl_HandleAsync_DnsGetHostByService
                0x00030cec      0x114 ./../Libraries/WiFi/debug/libWiFi_efm32_debug.a(netapp.o)
                0x00030cec                _sl_HandleAsync_DnsGetHostByService
 .text._sl_HandleAsync_DnsGetHostByName
                0x00030e00      0x108 ./../Libraries/WiFi/debug/libWiFi_efm32_debug.a(netapp.o)
                0x00030e00                _sl_HandleAsync_DnsGetHostByName
 .text.CopyPingResultsToReport
                0x00030f08       0x44 ./../Libraries/WiFi/debug/libWiFi_efm32_debug.a(netapp.o)
 .text._sl_HandleAsync_PingResponse
                0x00030f4c       0xf4 ./../Libraries/WiFi/debug/libWiFi_efm32_debug.a(netapp.o)
                0x00030f4c                _sl_HandleAsync_PingResponse
 .text._sl_NetAppSendTokenValue
                0x00031040       0x88 ./../Libraries/WiFi/debug/libWiFi_efm32_debug.a(netapp.o)
                0x00031040                _sl_NetAppSendTokenValue
 .text._SlDrvNetAppEventHandler
                0x000310c8      0x148 ./../Libraries/WiFi/debug/libWiFi_efm32_debug.a(netapp.o)
                0x000310c8                _SlDrvNetAppEventHandler
 .text._sl_GetStartResponseConvert
                0x00031210       0x28 ./../Libraries/WiFi/debug/libWiFi_efm32_debug.a(device.o)
 .text.sl_Start
                0x00031238      0x130 ./../Libraries/WiFi/debug/libWiFi_efm32_debug.a(device.o)
                0x00031238                sl_Start
 .text._sl_HandleAsync_InitComplete
                0x00031368       0xe8 ./../Libraries/WiFi/debug/libWiFi_efm32_debug.a(device.o)
                0x00031368                _sl_HandleAsync_InitComplete
 .text._sl_HandleAsync_Stop
                0x00031450       0x90 ./../Libraries/WiFi/debug/libWiFi_efm32_debug.a(device.o)
                0x00031450                _sl_HandleAsync_Stop
 .text.sl_Stop  0x000314e0      0x110 ./../Libraries/WiFi/debug/libWiFi_efm32_debug.a(device.o)
                0x000314e0                sl_Stop
 .text._SlDrvDeviceEventHandler
                0x000315f0       0xb8 ./../Libraries/WiFi/debug/libWiFi_efm32_debug.a(device.o)
                0x000315f0                _SlDrvDeviceEventHandler
 .text.Retcode_Initialize
                0x000316a8       0x60 ./../Platform/Essentials/release/libEssentials_efm32.a(Retcode.o)
                0x000316a8                Retcode_Initialize
 .text.Retcode_RaiseError
                0x00031708       0x24 ./../Platform/Essentials/release/libEssentials_efm32.a(Retcode.o)
                0x00031708                Retcode_RaiseError
 .text.Retcode_RaiseErrorFromIsr
                0x0003172c       0x24 ./../Platform/Essentials/release/libEssentials_efm32.a(Retcode.o)
                0x0003172c                Retcode_RaiseErrorFromIsr
 .text.GPIO_PinOutClear
                0x00031750       0x4c ./../Platform/Essentials/release/libEssentials_efm32.a(Gpio.o)
 .text.GPIO_PinOutSet
                0x0003179c       0x4c ./../Platform/Essentials/release/libEssentials_efm32.a(Gpio.o)
 .text.MCU_GPIO_Initialize
                0x000317e8       0x18 ./../Platform/Essentials/release/libEssentials_efm32.a(Gpio.o)
                0x000317e8                MCU_GPIO_Initialize
 .text.MCU_GPIO_WritePin
                0x00031800       0x6c ./../Platform/Essentials/release/libEssentials_efm32.a(Gpio.o)
                0x00031800                MCU_GPIO_WritePin
 .text.USART_IntClear
                0x0003186c       0x1c ./../Platform/Essentials/release/libEssentials_efm32.a(UART.o)
 .text.USART_IntDisable
                0x00031888       0x24 ./../Platform/Essentials/release/libEssentials_efm32.a(UART.o)
 .text.USART_IntEnable
                0x000318ac       0x20 ./../Platform/Essentials/release/libEssentials_efm32.a(UART.o)
 .text.MCU_UART_IRQ_RX_Callback
                0x000318cc       0xa4 ./../Platform/Essentials/release/libEssentials_efm32.a(UART.o)
 .text.MCU_UART_IRQ_TX_Callback
                0x00031970       0xd8 ./../Platform/Essentials/release/libEssentials_efm32.a(UART.o)
 .text.MCU_UART_DMA_RX_Callback
                0x00031a48       0x64 ./../Platform/Essentials/release/libEssentials_efm32.a(UART.o)
 .text.MCU_UART_DMA_TX_Callback
                0x00031aac       0x2c ./../Platform/Essentials/release/libEssentials_efm32.a(UART.o)
 .text.MCU_UART_Initialize
                0x00031ad8      0x238 ./../Platform/Essentials/release/libEssentials_efm32.a(UART.o)
                0x00031ad8                MCU_UART_Initialize
 .text.MCU_UART_Receive
                0x00031d10       0x60 ./../Platform/Essentials/release/libEssentials_efm32.a(UART.o)
                0x00031d10                MCU_UART_Receive
 .text.UART_GetRxCountIntMode
                0x00031d70       0x28 ./../Platform/Essentials/release/libEssentials_efm32.a(UART.o)
 .text.UART_Send_Async
                0x00031d98       0xe8 ./../Platform/Essentials/release/libEssentials_efm32.a(UART.o)
 .text.UART_Receive_Async
                0x00031e80       0xe0 ./../Platform/Essentials/release/libEssentials_efm32.a(UART.o)
 .text.UART_Abort_TX_IntMode
                0x00031f60       0x4c ./../Platform/Essentials/release/libEssentials_efm32.a(UART.o)
 .text.UART_Abort_RX_IntMode
                0x00031fac       0x4c ./../Platform/Essentials/release/libEssentials_efm32.a(UART.o)
 .text.RTC_IntClear
                0x00031ff8       0x20 ./../Platform/Essentials/release/libEssentials_efm32.a(Timer.o)
 .text.RTC_IntDisable
                0x00032018       0x30 ./../Platform/Essentials/release/libEssentials_efm32.a(Timer.o)
 .text.RTC_IntGet
                0x00032048       0x18 ./../Platform/Essentials/release/libEssentials_efm32.a(Timer.o)
 .text.TIMER_IntClear
                0x00032060       0x1c ./../Platform/Essentials/release/libEssentials_efm32.a(Timer.o)
 .text.TIMER_IntDisable
                0x0003207c       0x24 ./../Platform/Essentials/release/libEssentials_efm32.a(Timer.o)
 .text.TIMER_IntGet
                0x000320a0       0x18 ./../Platform/Essentials/release/libEssentials_efm32.a(Timer.o)
 .text.LETIMER_IntClear
                0x000320b8       0x1c ./../Platform/Essentials/release/libEssentials_efm32.a(Timer.o)
 .text.LETIMER_IntDisable
                0x000320d4       0x24 ./../Platform/Essentials/release/libEssentials_efm32.a(Timer.o)
 .text.LETIMER_IntGet
                0x000320f8       0x18 ./../Platform/Essentials/release/libEssentials_efm32.a(Timer.o)
 .text.MCU_Timer_Initialize
                0x00032110       0xe4 ./../Platform/Essentials/release/libEssentials_efm32.a(Timer.o)
                0x00032110                MCU_Timer_Initialize
 .text.MCU_Timer_Callback
                0x000321f4       0x5c ./../Platform/Essentials/release/libEssentials_efm32.a(Timer.o)
                0x000321f4                MCU_Timer_Callback
 .text.ValidateTimerHandle
                0x00032250       0x40 ./../Platform/Essentials/release/libEssentials_efm32.a(Timer.o)
 .text.getTimerEvent
                0x00032290       0xc8 ./../Platform/Essentials/release/libEssentials_efm32.a(Timer.o)
 .text.extractFlags_RTC
                0x00032358       0x9c ./../Platform/Essentials/release/libEssentials_efm32.a(Timer.o)
 .text.extractFlags_LETIMER
                0x000323f4       0x9c ./../Platform/Essentials/release/libEssentials_efm32.a(Timer.o)
 .text.extractFlags_TIMER
                0x00032490       0xd0 ./../Platform/Essentials/release/libEssentials_efm32.a(Timer.o)
 .text.MCU_Timer_GetRtcHandle
                0x00032560       0x14 ./../Platform/Essentials/release/libEssentials_efm32.a(Timer.o)
                0x00032560                MCU_Timer_GetRtcHandle
 .text.MCU_Timer_HandleRtcIrq
                0x00032574       0x14 ./../Platform/Essentials/release/libEssentials_efm32.a(Timer.o)
                0x00032574                MCU_Timer_HandleRtcIrq
 .text.CmdProcessor_Initialize
                0x00032588       0xe0 ./../Platform/Utils/release/libUtils_efm32.a(CmdProcessor.o)
                0x00032588                CmdProcessor_Initialize
 .text.CmdProcessor_Enqueue
                0x00032668       0x74 ./../Platform/Utils/release/libUtils_efm32.a(CmdProcessor.o)
                0x00032668                CmdProcessor_Enqueue
 .text.Run      0x000326dc       0x14 ./../Platform/Utils/release/libUtils_efm32.a(CmdProcessor.o)
 .text.Dequeue  0x000326f0       0x80 ./../Platform/Utils/release/libUtils_efm32.a(CmdProcessor.o)
 .text.NVM_Initialize
                0x00032770       0x4c ./../Platform/Drivers/release/libDrivers_efm32.a(BCDS_NVM.o)
                0x00032770                NVM_Initialize
 .text.objectConsistencyCheck
                0x000327bc       0x58 ./../Platform/Drivers/release/libDrivers_efm32.a(BCDS_NVM.o)
 .text.NVM_Read
                0x00032814       0x7c ./../Platform/Drivers/release/libDrivers_efm32.a(BCDS_NVM.o)
                0x00032814                NVM_Read