Archive member included because of file (symbol)

./../Platform/Sensors/debug/libSensors_efm32_debug.a(Environmental.o)
                              C:/Users/Seb/XDK-Workspace/AirQualityDrone_XDK_Github/testUart/debug/objects/testUart.o (Environmental_init)
./../Platform/Sensors/debug/libSensors_efm32_debug.a(EnvironmentalUtils.o)
                              ./../Platform/Sensors/debug/libSensors_efm32_debug.a(Environmental.o) (SetAmbientTemperatureOffset)
./../Platform/BSP/debug/libBSP_efm32_debug.a(BSP_LED.o)
                              C:/Users/Seb/XDK-Workspace/AirQualityDrone_XDK_Github/testUart/debug/objects/source/SystemStartup.o (BSP_LED_Connect)
./../Platform/BSP/debug/libBSP_efm32_debug.a(BSP_Board.o)
                              C:/Users/Seb/XDK-Workspace/AirQualityDrone_XDK_Github/testUart/debug/objects/source/SystemStartup.o (BSP_Board_OSTickInitialize)
./../Platform/BSP/debug/libBSP_efm32_debug.a(BSP_USB.o)
                              ./../Platform/BSP/debug/libBSP_efm32_debug.a(BSP_Board.o) (USB_init)
./../Platform/BSP/debug/libBSP_efm32_debug.a(BSP_DMA.o)
                              ./../Platform/BSP/debug/libBSP_efm32_debug.a(BSP_Board.o) (BSP_DMA_Initialize)
./../Platform/BSP/debug/libBSP_efm32_debug.a(BSP_IrqHandler.o)
                              ./../Platform/BSP/debug/libBSP_efm32_debug.a(BSP_Board.o) (IrqHandler_SysTickDummyHandler)
./../Platform/BSP/debug/libBSP_efm32_debug.a(BSP_ExtensionPort.o)
                              ./../Platform/BSP/debug/libBSP_efm32_debug.a(BSP_IrqHandler.o) (BSP_ExtensionPort_I2cIsr)
./../Platform/BSP/debug/libBSP_efm32_debug.a(BSP_WiFi_cc3100mod.o)
                              ./../Platform/BSP/debug/libBSP_efm32_debug.a(BSP_IrqHandler.o) (WiFi_CC3100MOD_SPIRxISR)
./../Platform/BSP/debug/libBSP_efm32_debug.a(BSP_BT_EM9301.o)
                              ./../Platform/BSP/debug/libBSP_efm32_debug.a(BSP_IrqHandler.o) (BT_EM9301_UART_TxISR)
./../Platform/BSP/debug/libBSP_efm32_debug.a(BSP_SensorNode.o)
                              ./../Platform/BSP/debug/libBSP_efm32_debug.a(BSP_IrqHandler.o) (SensorNode_I2CISR)
./../Platform/BSP/debug/libBSP_efm32_debug.a(BSP_SDCard.o)
                              ./../Platform/BSP/debug/libBSP_efm32_debug.a(BSP_IrqHandler.o) (SDCard_SPIRxISR)
./../Libraries/FreeRTOS/debug/libFreeRTOS_efm32_debug.a(tasks.o)
                              C:/Users/Seb/XDK-Workspace/AirQualityDrone_XDK_Github/testUart/debug/objects/testUart.o (xTaskGenericCreate)
./../Libraries/FreeRTOS/debug/libFreeRTOS_efm32_debug.a(timers.o)
                              ./../Libraries/FreeRTOS/debug/libFreeRTOS_efm32_debug.a(tasks.o) (xTimerCreateTimerTask)
./../Libraries/FreeRTOS/debug/libFreeRTOS_efm32_debug.a(heap_4.o)
                              ./../Libraries/FreeRTOS/debug/libFreeRTOS_efm32_debug.a(tasks.o) (pvPortMalloc)
./../Libraries/FreeRTOS/debug/libFreeRTOS_efm32_debug.a(port.o)
                              ./../Libraries/FreeRTOS/debug/libFreeRTOS_efm32_debug.a(tasks.o) (pxPortInitialiseStack)
./../Libraries/FreeRTOS/debug/libFreeRTOS_efm32_debug.a(list.o)
                              ./../Libraries/FreeRTOS/debug/libFreeRTOS_efm32_debug.a(tasks.o) (vListInitialise)
./../Libraries/FreeRTOS/debug/libFreeRTOS_efm32_debug.a(queue.o)
                              ./../Libraries/FreeRTOS/debug/libFreeRTOS_efm32_debug.a(timers.o) (xQueueGenericCreate)
./../Libraries/EMlib/debug/libEMLib_efm32_debug.a(em_adc.o)
                              C:/Users/Seb/XDK-Workspace/AirQualityDrone_XDK_Github/testUart/debug/objects/testUart.o (ADC_Init)
./../Libraries/EMlib/debug/libEMLib_efm32_debug.a(em_cmu.o)
                              ./../Platform/BSP/debug/libBSP_efm32_debug.a(BSP_Board.o) (CMU_ClockDivSet)
./../Libraries/EMlib/debug/libEMLib_efm32_debug.a(em_msc.o)
                              ./../Platform/BSP/debug/libBSP_efm32_debug.a(BSP_Board.o) (MSC_Init)
./../Libraries/EMlib/debug/libEMLib_efm32_debug.a(em_dma.o)
                              ./../Platform/BSP/debug/libBSP_efm32_debug.a(BSP_DMA.o) (DMA_Reset)
./../Libraries/EMlib/debug/libEMLib_efm32_debug.a(em_emu.o)
                              ./../Libraries/EMlib/debug/libEMLib_efm32_debug.a(em_cmu.o) (EMU_UpdateOscConfig)
./../Libraries/EMlib/debug/libEMLib_efm32_debug.a(em_gpio.o)
                              ./../Platform/BSP/debug/libBSP_efm32_debug.a(BSP_Board.o) (GPIO_DriveModeSet)
./../Libraries/EMlib/debug/libEMLib_efm32_debug.a(em_int.o)
                              C:/Users/Seb/XDK-Workspace/AirQualityDrone_XDK_Github/testUart/debug/objects/./../Libraries/EMlib/3rd-party/EMLib/usb/src/em_usbdint.o (INT_LockCnt)
./../Libraries/EMlib/debug/libEMLib_efm32_debug.a(em_i2c.o)
                              ./../Platform/BSP/debug/libBSP_efm32_debug.a(BSP_ExtensionPort.o) (I2C_Enable)
./../Libraries/EMlib/debug/libEMLib_efm32_debug.a(em_usart.o)
                              ./../Platform/BSP/debug/libBSP_efm32_debug.a(BSP_Board.o) (USART_BaudrateSyncSet)
[...]
Memory Configuration

Name             Origin             Length             Attributes
FLASH            0x00020200         0x000dfe00         xr
RAM              0x20000000         0x00020000         xrw
*default*        0x00000000         0xffffffff

Linker script and memory map

LOAD c:/xdk-workbench/xdk/armgcc/bin/../lib/gcc/arm-none-eabi/4.7.4/armv7-m/crti.o
LOAD c:/xdk-workbench/xdk/armgcc/bin/../lib/gcc/arm-none-eabi/4.7.4/armv7-m/crtbegin.o
LOAD c:/xdk-workbench/xdk/armgcc/bin/../lib/gcc/arm-none-eabi/4.7.4/../../../../arm-none-eabi/lib/armv7-m/crt0.o
LOAD C:/Users/Seb/XDK-Workspace/AirQualityDrone_XDK_Github/testUart/debug/objects/source/Assert.o
LOAD C:/Users/Seb/XDK-Workspace/AirQualityDrone_XDK_Github/testUart/debug/objects/source/RetargetStdio.o
LOAD C:/Users/Seb/XDK-Workspace/AirQualityDrone_XDK_Github/testUart/debug/objects/source/BleDeviceInfoService.o
LOAD C:/Users/Seb/XDK-Workspace/AirQualityDrone_XDK_Github/testUart/debug/objects/source/cJSON.o
LOAD C:/Users/Seb/XDK-Workspace/AirQualityDrone_XDK_Github/testUart/debug/objects/source/UsbResetUtility.o
LOAD C:/Users/Seb/XDK-Workspace/AirQualityDrone_XDK_Github/testUart/debug/objects/source/SensorHandle.o
LOAD C:/Users/Seb/XDK-Workspace/AirQualityDrone_XDK_Github/testUart/debug/objects/source/SystemStartup.o
LOAD C:/Users/Seb/XDK-Workspace/AirQualityDrone_XDK_Github/testUart/debug/objects/source/XdkVersion.o
LOAD C:/Users/Seb/XDK-Workspace/AirQualityDrone_XDK_Github/testUart/debug/objects/legacy/source/ServalPAL_WiFi.o
LOAD C:/Users/Seb/XDK-Workspace/AirQualityDrone_XDK_Github/testUart/debug/objects/./../Libraries/EMlib/3rd-party/EMLib/usb/src/em_usbdint.o
LOAD C:/Users/Seb/XDK-Workspace/AirQualityDrone_XDK_Github/testUart/debug/objects/Main.o
LOAD C:/Users/Seb/XDK-Workspace/AirQualityDrone_XDK_Github/testUart/debug/objects/testUart.o
LOAD C:/Users/Seb/XDK-Workspace/AirQualityDrone_XDK_Github/testUart/debug/objects/startup_efm32gg.o
START GROUP
LOAD ./../Platform/SensorUtils/debug/libSensorUtils_efm32_debug.a
LOAD ./../Platform/Sensors/debug/libSensors_efm32_debug.a
LOAD ./../Platform/BSP/debug/libBSP_efm32_debug.a
LOAD ./../Libraries/FreeRTOS/debug/libFreeRTOS_efm32_debug.a
LOAD ./../Libraries/EMlib/debug/libEMLib_efm32_debug.a
LOAD ./../Libraries/BSTLib/debug/libBSTLib_efm32_debug.a
LOAD ./../Libraries/WiFi/debug/libWiFi_efm32_debug.a
LOAD ./../Libraries/FATfs/debug/libFATfs_efm32_debug.a
LOAD ./../Platform/Essentials/release/libEssentials_efm32.a
LOAD ./../Platform/Utils/release/libUtils_efm32.a
LOAD ./../Platform/Drivers/release/libDrivers_efm32.a
LOAD ./../Platform/FOTA/release/libFOTA_efm32.a
LOAD ./../Platform/Wlan/release/libWlan_efm32.a
LOAD ./../Platform/BLE/release/libBLE_efm32.a
LOAD ./../Platform/SensorToolbox/release/libSensorToolbox_efm32.a
LOAD ./../Libraries/BLEStack/3rd-party/Alpwise/ALPW-BLESDKCM3/BLESW_AlertNotification/Libraries/BLESW_ANP_Server_CM3.a
LOAD ./../Libraries/BLEStack/3rd-party/Alpwise/ALPW-BLESDKCM3/BLESW_AlertNotification/Libraries/BLESW_ANP_Client_CM3.a
LOAD ./../Libraries/BLEStack/3rd-party/Alpwise/ALPW-BLESDKCM3/BLESW_ALPWDataExchange/Libraries/BLESW_ALPWDEP_Server_CM3.a
LOAD ./../Libraries/BLEStack/3rd-party/Alpwise/ALPW-BLESDKCM3/BLESW_ALPWDataExchange/Libraries/BLESW_ALPWDEP_Client_CM3.a
LOAD ./../Libraries/BLEStack/3rd-party/Alpwise/ALPW-BLESDKCM3/BLESW_AppleNotificationCenter/Libraries/BLESW_ANCP_Consumer_CM3.a
LOAD ./../Libraries/BLEStack/3rd-party/Alpwise/ALPW-BLESDKCM3/BLESW_BloodPressure/Libraries/BLESW_BLP_Sensor_CM3.a
LOAD ./../Libraries/BLEStack/3rd-party/Alpwise/ALPW-BLESDKCM3/BLESW_BloodPressure/Libraries/BLESW_BLP_Collector_CM3.a
LOAD ./../Libraries/BLEStack/3rd-party/Alpwise/ALPW-BLESDKCM3/BLESW_CoreStack/Libraries/BLESW_CPS_CM3.a
LOAD ./../Libraries/BLEStack/3rd-party/Alpwise/ALPW-BLESDKCM3/BLESW_CoreStack/Libraries/BLESW_CoreStack_CM3.a
LOAD ./../Libraries/BLEStack/3rd-party/Alpwise/ALPW-BLESDKCM3/BLESW_CoreStack/Libraries/BLESW_CSCS_CM3.a
LOAD ./../Libraries/BLEStack/3rd-party/Alpwise/ALPW-BLESDKCM3/BLESW_CoreStack/Libraries/BLESW_RTUS_CM3.a
LOAD ./../Libraries/BLEStack/3rd-party/Alpwise/ALPW-BLESDKCM3/BLESW_CoreStack/Libraries/BLESW_HRS_CM3.a
LOAD ./../Libraries/BLEStack/3rd-party/Alpwise/ALPW-BLESDKCM3/BLESW_CoreStack/Libraries/BLESW_CTS_CM3.a
LOAD ./../Libraries/BLEStack/3rd-party/Alpwise/ALPW-BLESDKCM3/BLESW_CoreStack/Libraries/BLESW_CoreStack_Monitor_CM3.a
LOAD ./../Libraries/BLEStack/3rd-party/Alpwise/ALPW-BLESDKCM3/BLESW_CoreStack/Libraries/BLESW_UDS_CM3.a
LOAD ./../Libraries/BLEStack/3rd-party/Alpwise/ALPW-BLESDKCM3/BLESW_CoreStack/Libraries/BLESW_NDCS_CM3.a
LOAD ./../Libraries/BLEStack/3rd-party/Alpwise/ALPW-BLESDKCM3/BLESW_CoreStack/Libraries/BLESW_TPS_CM3.a
LOAD ./../Libraries/BLEStack/3rd-party/Alpwise/ALPW-BLESDKCM3/BLESW_CoreStack/Libraries/BLESW_BLS_CM3.a
LOAD ./../Libraries/BLEStack/3rd-party/Alpwise/ALPW-BLESDKCM3/BLESW_CoreStack/Libraries/BLESW_LNS_CM3.a
LOAD ./../Libraries/BLEStack/3rd-party/Alpwise/ALPW-BLESDKCM3/BLESW_CoreStack/Libraries/BLESW_LLS_CM3.a
LOAD ./../Libraries/BLEStack/3rd-party/Alpwise/ALPW-BLESDKCM3/BLESW_CoreStack/Libraries/BLESW_WSS_CM3.a
LOAD ./../Libraries/BLEStack/3rd-party/Alpwise/ALPW-BLESDKCM3/BLESW_CoreStack/Libraries/BLESW_RSCS_CM3.a
LOAD ./../Libraries/BLEStack/3rd-party/Alpwise/ALPW-BLESDKCM3/BLESW_CoreStack/Libraries/BLESW_BAS_CM3.a
LOAD ./../Libraries/BLEStack/3rd-party/Alpwise/ALPW-BLESDKCM3/BLESW_CoreStack/Libraries/BLESW_IAS_CM3.a
LOAD ./../Libraries/BLEStack/3rd-party/Alpwise/ALPW-BLESDKCM3/BLESW_CoreStack/Libraries/BLESW_PASS_CM3.a
LOAD ./../Libraries/BLEStack/3rd-party/Alpwise/ALPW-BLESDKCM3/BLESW_CoreStack/Libraries/BLESW_HTS_CM3.a
LOAD ./../Libraries/BLEStack/3rd-party/Alpwise/ALPW-BLESDKCM3/BLESW_CoreStack/Libraries/BLESW_ALPWDES_CM3.a
LOAD ./../Libraries/BLEStack/3rd-party/Alpwise/ALPW-BLESDKCM3/BLESW_CoreStack/Libraries/BLESW_BCS_CM3.a
LOAD ./../Libraries/BLEStack/3rd-party/Alpwise/ALPW-BLESDKCM3/BLESW_CoreStack/Libraries/BLESW_ANS_CM3.a
LOAD ./../Libraries/BLEStack/3rd-party/Alpwise/ALPW-BLESDKCM3/BLESW_CoreStack/Libraries/BLESW_HIDS_CM3.a
LOAD ./../Libraries/BLEStack/3rd-party/Alpwise/ALPW-BLESDKCM3/BLESW_CoreStack/Libraries/BLESW_GLS_CM3.a
LOAD ./../Libraries/BLEStack/3rd-party/Alpwise/ALPW-BLESDKCM3/BLESW_CoreStack/Libraries/BLESW_NWAS_CM3.a
LOAD ./../Libraries/BLEStack/3rd-party/Alpwise/ALPW-BLESDKCM3/BLESW_CoreStack/Libraries/BLESW_DIS_CM3.a
LOAD ./../Libraries/BLEStack/3rd-party/Alpwise/ALPW-BLESDKCM3/BLESW_CyclingPower/Libraries/BLESW_CPP_Sensor_CM3.a
LOAD ./../Libraries/BLEStack/3rd-party/Alpwise/ALPW-BLESDKCM3/BLESW_CyclingPower/Libraries/BLESW_CPP_Collector_CM3.a
LOAD ./../Libraries/BLEStack/3rd-party/Alpwise/ALPW-BLESDKCM3/BLESW_CyclingSpeedAndCadence/Libraries/BLESW_CSCP_Sensor_CM3.a
LOAD ./../Libraries/BLEStack/3rd-party/Alpwise/ALPW-BLESDKCM3/BLESW_CyclingSpeedAndCadence/Libraries/BLESW_CSCP_Collector_CM3.a
LOAD ./../Libraries/BLEStack/3rd-party/Alpwise/ALPW-BLESDKCM3/BLESW_FindMe/Libraries/BLESW_FMP_Target_CM3.a
LOAD ./../Libraries/BLEStack/3rd-party/Alpwise/ALPW-BLESDKCM3/BLESW_FindMe/Libraries/BLESW_FMP_Locator_CM3.a
LOAD ./../Libraries/BLEStack/3rd-party/Alpwise/ALPW-BLESDKCM3/BLESW_Glucose/Libraries/BLESW_GLP_Sensor_CM3.a
LOAD ./../Libraries/BLEStack/3rd-party/Alpwise/ALPW-BLESDKCM3/BLESW_Glucose/Libraries/BLESW_GLP_Collector_CM3.a
LOAD ./../Libraries/BLEStack/3rd-party/Alpwise/ALPW-BLESDKCM3/BLESW_HealthThermometer/Libraries/BLESW_HTP_Thermometer_CM3.a
LOAD ./../Libraries/BLEStack/3rd-party/Alpwise/ALPW-BLESDKCM3/BLESW_HealthThermometer/Libraries/BLESW_HTP_Collector_CM3.a
LOAD ./../Libraries/BLEStack/3rd-party/Alpwise/ALPW-BLESDKCM3/BLESW_HeartRate/Libraries/BLESW_HRP_Sensor_CM3.a
LOAD ./../Libraries/BLEStack/3rd-party/Alpwise/ALPW-BLESDKCM3/BLESW_HeartRate/Libraries/BLESW_HRP_Collector_CM3.a
LOAD ./../Libraries/BLEStack/3rd-party/Alpwise/ALPW-BLESDKCM3/BLESW_HumanInterfaceDevice/Libraries/BLESW_HID_Device_CM3.a
LOAD ./../Libraries/BLEStack/3rd-party/Alpwise/ALPW-BLESDKCM3/BLESW_HumanInterfaceDevice/Libraries/BLESW_HID_Host_CM3.a
LOAD ./../Libraries/BLEStack/3rd-party/Alpwise/ALPW-BLESDKCM3/BLESW_iBeacon/Libraries/BLESW_IBN_Reporter_CM3.a
LOAD ./../Libraries/BLEStack/3rd-party/Alpwise/ALPW-BLESDKCM3/BLESW_LocationAndNavigation/Libraries/BLESW_LNP_Sensor_CM3.a
LOAD ./../Libraries/BLEStack/3rd-party/Alpwise/ALPW-BLESDKCM3/BLESW_LocationAndNavigation/Libraries/BLESW_LNP_Collector_CM3.a
LOAD ./../Libraries/BLEStack/3rd-party/Alpwise/ALPW-BLESDKCM3/BLESW_NetworkAvailability/Libraries/BLESW_NWAP_Monitor_CM3.a
LOAD ./../Libraries/BLEStack/3rd-party/Alpwise/ALPW-BLESDKCM3/BLESW_NetworkAvailability/Libraries/BLESW_NWAP_Reporter_CM3.a
LOAD ./../Libraries/BLEStack/3rd-party/Alpwise/ALPW-BLESDKCM3/BLESW_PhoneAlertStatus/Libraries/BLESW_PASP_Client_CM3.a
LOAD ./../Libraries/BLEStack/3rd-party/Alpwise/ALPW-BLESDKCM3/BLESW_PhoneAlertStatus/Libraries/BLESW_PASP_Server_CM3.a
LOAD ./../Libraries/BLEStack/3rd-party/Alpwise/ALPW-BLESDKCM3/BLESW_Proximity/Libraries/BLESW_PXP_Reporter_CM3.a
LOAD ./../Libraries/BLEStack/3rd-party/Alpwise/ALPW-BLESDKCM3/BLESW_Proximity/Libraries/BLESW_PXP_Monitor_CM3.a
LOAD ./../Libraries/BLEStack/3rd-party/Alpwise/ALPW-BLESDKCM3/BLESW_RunningSpeedAndCadence/Libraries/BLESW_RSCP_Sensor_CM3.a
LOAD ./../Libraries/BLEStack/3rd-party/Alpwise/ALPW-BLESDKCM3/BLESW_RunningSpeedAndCadence/Libraries/BLESW_RSCP_Collector_CM3.a
LOAD ./../Libraries/BLEStack/3rd-party/Alpwise/ALPW-BLESDKCM3/BLESW_Time/Libraries/BLESW_TIP_Server_CM3.a
LOAD ./../Libraries/BLEStack/3rd-party/Alpwise/ALPW-BLESDKCM3/BLESW_Time/Libraries/BLESW_TIP_Client_CM3.a
LOAD ./../Libraries/EMlib/3rd-party/EMLib/CMSIS/Lib/GCC/libarm_cortexM3l_math.a
LOAD ./../Libraries/BSX/BSX4/Source/algo/algo_bsx/Lib/libalgobsxm3/libalgobsx.a
LOAD ./../Platform/LoRaDrivers/release/libLoRaDrivers_efm32.a
LOAD ./../Platform/ServalPAL/release/libServalPal_efm32.a
LOAD ./../Libraries/Escrypt_CycurTLS/release/libEscrypt_CycurTLS_efm32.a
END GROUP
START GROUP
LOAD c:/xdk-workbench/xdk/armgcc/bin/../lib/gcc/arm-none-eabi/4.7.4/armv7-m\libgcc.a
LOAD c:/xdk-workbench/xdk/armgcc/bin/../lib/gcc/arm-none-eabi/4.7.4/../../../../arm-none-eabi/lib/armv7-m\libc.a
LOAD c:/xdk-workbench/xdk/armgcc/bin/../lib/gcc/arm-none-eabi/4.7.4/../../../../arm-none-eabi/lib/armv7-m\libm.a
END GROUP
START GROUP
LOAD c:/xdk-workbench/xdk/armgcc/bin/../lib/gcc/arm-none-eabi/4.7.4/armv7-m\libgcc.a
LOAD c:/xdk-workbench/xdk/armgcc/bin/../lib/gcc/arm-none-eabi/4.7.4/../../../../arm-none-eabi/lib/armv7-m\libc.a
END GROUP
LOAD c:/xdk-workbench/xdk/armgcc/bin/../lib/gcc/arm-none-eabi/4.7.4/armv7-m/crtend.o
LOAD c:/xdk-workbench/xdk/armgcc/bin/../lib/gcc/arm-none-eabi/4.7.4/armv7-m/crtn.o

.text           0x00020200    0x22e8c
 *(.isr_vector)
 .isr_vector    0x00020200      0x100 C:/Users/Seb/XDK-Workspace/AirQualityDrone_XDK_Github/testUart/debug/objects/startup_efm32gg.o
                0x00020200                __isr_vector
 *(.text*)
 .text          0x00020300       0x54 c:/xdk-workbench/xdk/armgcc/bin/../lib/gcc/arm-none-eabi/4.7.4/armv7-m/crtbegin.o
 .text          0x00020354       0x70 c:/xdk-workbench/xdk/armgcc/bin/../lib/gcc/arm-none-eabi/4.7.4/../../../../arm-none-eabi/lib/armv7-m/crt0.o
                0x00020354                _start
                0x00020354                start
                0x00020354                _mainCRTStartup
 .text.Assert_Initialize
                0x000203c4       0x40 C:/Users/Seb/XDK-Workspace/AirQualityDrone_XDK_Github/testUart/debug/objects/source/Assert.o
                0x000203c4                Assert_Initialize
 .text.Assert_Dynamic
                0x00020404       0x2c C:/Users/Seb/XDK-Workspace/AirQualityDrone_XDK_Github/testUart/debug/objects/source/Assert.o
                0x00020404                Assert_Dynamic
 .text._close   0x00020430       0x18 C:/Users/Seb/XDK-Workspace/AirQualityDrone_XDK_Github/testUart/debug/objects/source/RetargetStdio.o
                0x00020430                _close
 .text._exit    0x00020448        0xc C:/Users/Seb/XDK-Workspace/AirQualityDrone_XDK_Github/testUart/debug/objects/source/RetargetStdio.o
                0x00020448                _exit
 .text._fstat   0x00020454       0x24 C:/Users/Seb/XDK-Workspace/AirQualityDrone_XDK_Github/testUart/debug/objects/source/RetargetStdio.o
                0x00020454                _fstat
 .text._isatty  0x00020478       0x18 C:/Users/Seb/XDK-Workspace/AirQualityDrone_XDK_Github/testUart/debug/objects/source/RetargetStdio.o
                0x00020478                _isatty
 .text._lseek   0x00020490       0x1c C:/Users/Seb/XDK-Workspace/AirQualityDrone_XDK_Github/testUart/debug/objects/source/RetargetStdio.o
                0x00020490                _lseek
 .text._read    0x000204ac       0x70 C:/Users/Seb/XDK-Workspace/AirQualityDrone_XDK_Github/testUart/debug/objects/source/RetargetStdio.o
                0x000204ac                _read
 .text._sbrk    0x0002051c       0xa0 C:/Users/Seb/XDK-Workspace/AirQualityDrone_XDK_Github/testUart/debug/objects/source/RetargetStdio.o
                0x0002051c                _sbrk
 .text._write   0x000205bc       0x20 C:/Users/Seb/XDK-Workspace/AirQualityDrone_XDK_Github/testUart/debug/objects/source/RetargetStdio.o
                0x000205bc                _write
 .text.NVIC_SystemReset
                0x000205dc       0x30 C:/Users/Seb/XDK-Workspace/AirQualityDrone_XDK_Github/testUart/debug/objects/source/UsbResetUtility.o
 .text.UsbResetUtility_SystemReset
                0x0002060c       0x10 C:/Users/Seb/XDK-Workspace/AirQualityDrone_XDK_Github/testUart/debug/objects/source/UsbResetUtility.o
 .text.UsbResetUtility_InteruptHandling
                0x0002061c       0x54 C:/Users/Seb/XDK-Workspace/AirQualityDrone_XDK_Github/testUart/debug/objects/source/UsbResetUtility.o
 .text.UsbResetUtility_Init
                0x00020670       0x40 C:/Users/Seb/XDK-Workspace/AirQualityDrone_XDK_Github/testUart/debug/objects/source/UsbResetUtility.o
                0x00020670                UsbResetUtility_Init
 .text.UsbResetUtility_UsbISRCallback
                0x000206b0      0x138 C:/Users/Seb/XDK-Workspace/AirQualityDrone_XDK_Github/testUart/debug/objects/source/UsbResetUtility.o
                0x000206b0                UsbResetUtility_UsbISRCallback
 .text.Retcode_GetPackage
                0x000207e8       0x1c C:/Users/Seb/XDK-Workspace/AirQualityDrone_XDK_Github/testUart/debug/objects/source/SystemStartup.o
 .text.Retcode_GetModuleId
                0x00020804       0x1c C:/Users/Seb/XDK-Workspace/AirQualityDrone_XDK_Github/testUart/debug/objects/source/SystemStartup.o
 .text.Retcode_GetSeverity
                0x00020820       0x24 C:/Users/Seb/XDK-Workspace/AirQualityDrone_XDK_Github/testUart/debug/objects/source/SystemStartup.o
 .text.Retcode_GetCode
                0x00020844       0x20 C:/Users/Seb/XDK-Workspace/AirQualityDrone_XDK_Github/testUart/debug/objects/source/SystemStartup.o
 .text.bleGetMacAddress
                0x00020864       0xec C:/Users/Seb/XDK-Workspace/AirQualityDrone_XDK_Github/testUart/debug/objects/source/SystemStartup.o
 .text.SysTickPreCallback
                0x00020950       0x14 C:/Users/Seb/XDK-Workspace/AirQualityDrone_XDK_Github/testUart/debug/objects/source/SystemStartup.o
 .text.DefaultErrorHandlingFunc
                0x00020964       0xf4 C:/Users/Seb/XDK-Workspace/AirQualityDrone_XDK_Github/testUart/debug/objects/source/SystemStartup.o
                0x00020964                DefaultErrorHandlingFunc
 .text.assertIndicationMapping
                0x00020a58       0x44 C:/Users/Seb/XDK-Workspace/AirQualityDrone_XDK_Github/testUart/debug/objects/source/SystemStartup.o
                0x00020a58                assertIndicationMapping
 .text.systemStartup
                0x00020a9c      0x154 C:/Users/Seb/XDK-Workspace/AirQualityDrone_XDK_Github/testUart/debug/objects/source/SystemStartup.o
                0x00020a9c                systemStartup
 .text.vApplicationStackOverflowHook
                0x00020bf0       0x5c C:/Users/Seb/XDK-Workspace/AirQualityDrone_XDK_Github/testUart/debug/objects/source/SystemStartup.o
                0x00020bf0                vApplicationStackOverflowHook
 .text.vApplicationMallocFailedHook
                0x00020c4c       0x14 C:/Users/Seb/XDK-Workspace/AirQualityDrone_XDK_Github/testUart/debug/objects/source/SystemStartup.o
                0x00020c4c                vApplicationMallocFailedHook
 .text.INT_Disable
                0x00020c60       0x40 C:/Users/Seb/XDK-Workspace/AirQualityDrone_XDK_Github/testUart/debug/objects/./../Libraries/EMlib/3rd-party/EMLib/usb/src/em_usbdint.o
 .text.INT_Enable
                0x00020ca0       0x54 C:/Users/Seb/XDK-Workspace/AirQualityDrone_XDK_Github/testUart/debug/objects/./../Libraries/EMlib/3rd-party/EMLib/usb/src/em_usbdint.o
 .text.USBHAL_FlushTxFifo
                0x00020cf4       0x4c C:/Users/Seb/XDK-Workspace/AirQualityDrone_XDK_Github/testUart/debug/objects/./../Libraries/EMlib/3rd-party/EMLib/usb/src/em_usbdint.o
 .text.USBHAL_GetCoreInts
                0x00020d40       0x40 C:/Users/Seb/XDK-Workspace/AirQualityDrone_XDK_Github/testUart/debug/objects/./../Libraries/EMlib/3rd-party/EMLib/usb/src/em_usbdint.o
 .text.USBDHAL_EnableInts
                0x00020d80       0x70 C:/Users/Seb/XDK-Workspace/AirQualityDrone_XDK_Github/testUart/debug/objects/./../Libraries/EMlib/3rd-party/EMLib/usb/src/em_usbdint.o
 .text.USBDHAL_Ep0Activate
                0x00020df0       0x70 C:/Users/Seb/XDK-Workspace/AirQualityDrone_XDK_Github/testUart/debug/objects/./../Libraries/EMlib/3rd-party/EMLib/usb/src/em_usbdint.o
 .text.USBDHAL_GetAllInEpInts
                0x00020e60       0x48 C:/Users/Seb/XDK-Workspace/AirQualityDrone_XDK_Github/testUart/debug/objects/./../Libraries/EMlib/3rd-party/EMLib/usb/src/em_usbdint.o
 .text.USBDHAL_GetAllOutEpInts
                0x00020ea8       0x44 C:/Users/Seb/XDK-Workspace/AirQualityDrone_XDK_Github/testUart/debug/objects/./../Libraries/EMlib/3rd-party/EMLib/usb/src/em_usbdint.o
 .text.USBDHAL_GetInEpInts
                0x00020eec       0x44 C:/Users/Seb/XDK-Workspace/AirQualityDrone_XDK_Github/testUart/debug/objects/./../Libraries/EMlib/3rd-party/EMLib/usb/src/em_usbdint.o
 .text.USBDHAL_GetOutEpInts
                0x00020f30       0x44 C:/Users/Seb/XDK-Workspace/AirQualityDrone_XDK_Github/testUart/debug/objects/./../Libraries/EMlib/3rd-party/EMLib/usb/src/em_usbdint.o
 .text.USBDHAL_StartEp0Setup
                0x00020f74       0x88 C:/Users/Seb/XDK-Workspace/AirQualityDrone_XDK_Github/testUart/debug/objects/./../Libraries/EMlib/3rd-party/EMLib/usb/src/em_usbdint.o
 .text.USBD_GetEpFromAddr
                0x00020ffc       0xa0 C:/Users/Seb/XDK-Workspace/AirQualityDrone_XDK_Github/testUart/debug/objects/./../Libraries/EMlib/3rd-party/EMLib/usb/src/em_usbdint.o
 .text.USB_IRQHandler
                0x0002109c      0x16c C:/Users/Seb/XDK-Workspace/AirQualityDrone_XDK_Github/testUart/debug/objects/./../Libraries/EMlib/3rd-party/EMLib/usb/src/em_usbdint.o
                0x0002109c                USB_IRQHandler
 .text.Handle_USB_GINTSTS_ENUMDONE
                0x00021208       0x3c C:/Users/Seb/XDK-Workspace/AirQualityDrone_XDK_Github/testUart/debug/objects/./../Libraries/EMlib/3rd-party/EMLib/usb/src/em_usbdint.o
 .text.Handle_USB_GINTSTS_IEPINT
                0x00021244      0x118 C:/Users/Seb/XDK-Workspace/AirQualityDrone_XDK_Github/testUart/debug/objects/./../Libraries/EMlib/3rd-party/EMLib/usb/src/em_usbdint.o
 .text.Handle_USB_GINTSTS_OEPINT
                0x0002135c      0x230 C:/Users/Seb/XDK-Workspace/AirQualityDrone_XDK_Github/testUart/debug/objects/./../Libraries/EMlib/3rd-party/EMLib/usb/src/em_usbdint.o
 .text.Handle_USB_GINTSTS_RESETDET
                0x0002158c       0x40 C:/Users/Seb/XDK-Workspace/AirQualityDrone_XDK_Github/testUart/debug/objects/./../Libraries/EMlib/3rd-party/EMLib/usb/src/em_usbdint.o
 .text.Handle_USB_GINTSTS_SOF
                0x000215cc       0x64 C:/Users/Seb/XDK-Workspace/AirQualityDrone_XDK_Github/testUart/debug/objects/./../Libraries/EMlib/3rd-party/EMLib/usb/src/em_usbdint.o
 .text.Handle_USB_GINTSTS_USBRST
                0x00021630      0x150 C:/Users/Seb/XDK-Workspace/AirQualityDrone_XDK_Github/testUart/debug/objects/./../Libraries/EMlib/3rd-party/EMLib/usb/src/em_usbdint.o
 .text.Handle_USB_GINTSTS_USBSUSP
                0x00021780       0x68 C:/Users/Seb/XDK-Workspace/AirQualityDrone_XDK_Github/testUart/debug/objects/./../Libraries/EMlib/3rd-party/EMLib/usb/src/em_usbdint.o
 .text.Handle_USB_GINTSTS_WKUPINT
                0x000217e8       0x30 C:/Users/Seb/XDK-Workspace/AirQualityDrone_XDK_Github/testUart/debug/objects/./../Libraries/EMlib/3rd-party/EMLib/usb/src/em_usbdint.o
 .text.main     0x00021818       0xa8 C:/Users/Seb/XDK-Workspace/AirQualityDrone_XDK_Github/testUart/debug/objects/Main.o
                0x00021818                main
 .text.ADC_DataScanGet
                0x000218c0       0x18 C:/Users/Seb/XDK-Workspace/AirQualityDrone_XDK_Github/testUart/debug/objects/testUart.o
 .text.ADC_Start
                0x000218d8       0x1c C:/Users/Seb/XDK-Workspace/AirQualityDrone_XDK_Github/testUart/debug/objects/testUart.o
 .text.initUART
                0x000218f4      0x148 C:/Users/Seb/XDK-Workspace/AirQualityDrone_XDK_Github/testUart/debug/objects/testUart.o
                0x000218f4                initUART
 .text.initUDP  0x00021a3c       0xc0 C:/Users/Seb/XDK-Workspace/AirQualityDrone_XDK_Github/testUart/debug/objects/testUart.o
 .text.scanAdcInit
                0x00021afc      0x12c C:/Users/Seb/XDK-Workspace/AirQualityDrone_XDK_Github/testUart/debug/objects/testUart.o
 .text.gpioInit
                0x00021c28       0x64 C:/Users/Seb/XDK-Workspace/AirQualityDrone_XDK_Github/testUart/debug/objects/testUart.o
                0x00021c28                gpioInit
 .text.createNewUARTTask
                0x00021c8c       0x48 C:/Users/Seb/XDK-Workspace/AirQualityDrone_XDK_Github/testUart/debug/objects/testUart.o
                0x00021c8c                createNewUARTTask
 .text.initEnvironmental
                0x00021cd4       0xe8 C:/Users/Seb/XDK-Workspace/AirQualityDrone_XDK_Github/testUart/debug/objects/testUart.o
 .text.gpioTask
                0x00021dbc      0x244 C:/Users/Seb/XDK-Workspace/AirQualityDrone_XDK_Github/testUart/debug/objects/testUart.o
 .text.scanAdc  0x00022000      0x244 C:/Users/Seb/XDK-Workspace/AirQualityDrone_XDK_Github/testUart/debug/objects/testUart.o
 .text.wifiUdpSend
                0x00022244      0x26c C:/Users/Seb/XDK-Workspace/AirQualityDrone_XDK_Github/testUart/debug/objects/testUart.o
 .text.uartTask
                0x000224b0      0x16c C:/Users/Seb/XDK-Workspace/AirQualityDrone_XDK_Github/testUart/debug/objects/testUart.o
 .text.readEnvironmental
                0x0002261c       0xbc C:/Users/Seb/XDK-Workspace/AirQualityDrone_XDK_Github/testUart/debug/objects/testUart.o
 .text.uartCallback
                0x000226d8       0x1c C:/Users/Seb/XDK-Workspace/AirQualityDrone_XDK_Github/testUart/debug/objects/testUart.o
                0x000226d8                uartCallback
 .text.WlanEventCallback
                0x000226f4      0x100 C:/Users/Seb/XDK-Workspace/AirQualityDrone_XDK_Github/testUart/debug/objects/testUart.o
 .text.PrintDeviceIP
                0x000227f4       0xbc C:/Users/Seb/XDK-Workspace/AirQualityDrone_XDK_Github/testUart/debug/objects/testUart.o
 .text.EnqueueDatatoWifi
                0x000228b0       0x58 C:/Users/Seb/XDK-Workspace/AirQualityDrone_XDK_Github/testUart/debug/objects/testUart.o
 .text.wifiConnect
                0x00022908       0xa8 C:/Users/Seb/XDK-Workspace/AirQualityDrone_XDK_Github/testUart/debug/objects/testUart.o
 .text.appInitSystem
                0x000229b0       0x84 C:/Users/Seb/XDK-Workspace/AirQualityDrone_XDK_Github/testUart/debug/objects/testUart.o
                0x000229b0                appInitSystem
 .text          0x00022a34       0x98 C:/Users/Seb/XDK-Workspace/AirQualityDrone_XDK_Github/testUart/debug/objects/startup_efm32gg.o
                0x00022a34                Reset_Handler
                0x00022a68                Default_Handler
                0x00022a6a                NMI_Handler
                0x00022a6c                HardFault_Handler
                0x00022a6e                MemManage_Handler
                0x00022a70                BusFault_Handler
                0x00022a72                UsageFault_Handler
                0x00022a76                DebugMon_Handler
                0x00022a80                TIMER0_IRQHandler
                0x00022a86                ACMP0_IRQHandler
                0x00022a8a                ADC0_IRQHandler
                0x00022a8c                DAC0_IRQHandler
                0x00022a94                TIMER1_IRQHandler
                0x00022a96                TIMER2_IRQHandler
                0x00022a98                TIMER3_IRQHandler
                0x00022a9e                LESENSE_IRQHandler
                0x00022aac                LEUART0_IRQHandler
                0x00022aae                LEUART1_IRQHandler
                0x00022ab0                LETIMER0_IRQHandler
                0x00022ab2                PCNT0_IRQHandler
                0x00022ab4                PCNT1_IRQHandler
                0x00022ab6                PCNT2_IRQHandler
                0x00022aba                BURTC_IRQHandler
                0x00022abc                CMU_IRQHandler
                0x00022abe                VCMP_IRQHandler
                0x00022ac0                LCD_IRQHandler
                0x00022ac2                MSC_IRQHandler
                0x00022ac4                AES_IRQHandler
                0x00022ac6                EBI_IRQHandler
                0x00022ac8                EMU_IRQHandler
 .text.Retcode_GetPackage
                0x00022acc       0x1c ./../Platform/Sensors/debug/libSensors_efm32_debug.a(Environmental.o)
 .text.bme280LibErrorMapping
                0x00022ae8       0x48 ./../Platform/Sensors/debug/libSensors_efm32_debug.a(Environmental.o)
 .text.mappingEnumForGetFunctions
                0x00022b30       0x5c ./../Platform/Sensors/debug/libSensors_efm32_debug.a(Environmental.o)
 .text.setOverSampling
                0x00022b8c      0x1e4 ./../Platform/Sensors/debug/libSensors_efm32_debug.a(Environmental.o)
 .text.Environmental_init
                0x00022d70       0x9c ./../Platform/Sensors/debug/libSensors_efm32_debug.a(Environmental.o)
                0x00022d70                Environmental_init
 .text.Environmental_setPowerMode
                0x00022e0c       0xbc ./../Platform/Sensors/debug/libSensors_efm32_debug.a(Environmental.o)
                0x00022e0c                Environmental_setPowerMode
 .text.Environmental_getPowerMode
                0x00022ec8       0xe4 ./../Platform/Sensors/debug/libSensors_efm32_debug.a(Environmental.o)
                0x00022ec8                Environmental_getPowerMode
 .text.Environmental_readData
                0x00022fac       0xd0 ./../Platform/Sensors/debug/libSensors_efm32_debug.a(Environmental.o)
                0x00022fac                Environmental_readData
 .text.Environmental_setFilterCoefficient
                0x0002307c       0xbc ./../Platform/Sensors/debug/libSensors_efm32_debug.a(Environmental.o)
                0x0002307c                Environmental_setFilterCoefficient
 .text.Environmental_setOverSamplingPressure
                0x00023138       0x28 ./../Platform/Sensors/debug/libSensors_efm32_debug.a(Environmental.o)
                0x00023138                Environmental_setOverSamplingPressure
 .text.GPIO_PinOutClear
                0x00023160       0x4c ./../Platform/BSP/debug/libBSP_efm32_debug.a(BSP_LED.o)
 .text.GPIO_PinOutSet
                0x000231ac       0x4c ./../Platform/BSP/debug/libBSP_efm32_debug.a(BSP_LED.o)
 .text.GPIO_PinOutToggle
                0x000231f8       0x4c ./../Platform/BSP/debug/libBSP_efm32_debug.a(BSP_LED.o)
 .text.BSP_LED_Connect
                0x00023244       0x48 ./../Platform/BSP/debug/libBSP_efm32_debug.a(BSP_LED.o)
                0x00023244                BSP_LED_Connect
 .text.BSP_LED_EnableAll
                0x0002328c       0x3c ./../Platform/BSP/debug/libBSP_efm32_debug.a(BSP_LED.o)
                0x0002328c                BSP_LED_EnableAll
 .text.BSP_LED_Switch
                0x000232c8      0x15c ./../Platform/BSP/debug/libBSP_efm32_debug.a(BSP_LED.o)
                0x000232c8                BSP_LED_Switch
 .text.BSP_LED_SwitchAll
                0x00023424       0xd0 ./../Platform/BSP/debug/libBSP_efm32_debug.a(BSP_LED.o)
                0x00023424                BSP_LED_SwitchAll
 .text.NVIC_SetPriorityGrouping
                0x000234f4       0x50 ./../Platform/BSP/debug/libBSP_efm32_debug.a(BSP_Board.o)
 .text.NVIC_EnableIRQ
                0x00023544       0x38 ./../Platform/BSP/debug/libBSP_efm32_debug.a(BSP_Board.o)
 .text.NVIC_DisableIRQ
                0x0002357c       0x3c ./../Platform/BSP/debug/libBSP_efm32_debug.a(BSP_Board.o)
 .text.NVIC_ClearPendingIRQ
                0x000235b8       0x3c ./../Platform/BSP/debug/libBSP_efm32_debug.a(BSP_Board.o)
 .text.NVIC_SetPriority
                0x000235f4       0x5c ./../Platform/BSP/debug/libBSP_efm32_debug.a(BSP_Board.o)
 .text.SysTick_Config
                0x00023650       0x64 ./../Platform/BSP/debug/libBSP_efm32_debug.a(BSP_Board.o)
 .text.CHIP_Init
                0x000236b4       0x50 ./../Platform/BSP/debug/libBSP_efm32_debug.a(BSP_Board.o)
 .text.GPIO_PinOutClear
                0x00023704       0x4c ./../Platform/BSP/debug/libBSP_efm32_debug.a(BSP_Board.o)
 .text.GPIO_PinOutSet
                0x00023750       0x4c ./../Platform/BSP/debug/libBSP_efm32_debug.a(BSP_Board.o)
 .text.INT_Disable
                0x0002379c       0x40 ./../Platform/BSP/debug/libBSP_efm32_debug.a(BSP_Board.o)
 .text.INT_Enable
                0x000237dc       0x54 ./../Platform/BSP/debug/libBSP_efm32_debug.a(BSP_Board.o)
 .text.BSP_Board_OSTickInitialize
                0x00023830       0x2c ./../Platform/BSP/debug/libBSP_efm32_debug.a(BSP_Board.o)
                0x00023830                BSP_Board_OSTickInitialize
 .text.BSP_Board_Initialize
                0x0002385c      0x150 ./../Platform/BSP/debug/libBSP_efm32_debug.a(BSP_Board.o)
                0x0002385c                BSP_Board_Initialize
 .text.BSP_Board_Delay
                0x000239ac       0x30 ./../Platform/BSP/debug/libBSP_efm32_debug.a(BSP_Board.o)
                0x000239ac                BSP_Board_Delay
 .text.BSP_Board_SetOStoBSPDelayFunc
                0x000239dc       0x20 ./../Platform/BSP/debug/libBSP_efm32_debug.a(BSP_Board.o)
                0x000239dc                BSP_Board_SetOStoBSPDelayFunc
 .text.Board_GPIOInterruptInit
                0x000239fc       0x30 ./../Platform/BSP/debug/libBSP_efm32_debug.a(BSP_Board.o)
                0x000239fc                Board_GPIOInterruptInit
 .text.Board_GPIOInterruptGetCallback
                0x00023a2c       0x24 ./../Platform/BSP/debug/libBSP_efm32_debug.a(BSP_Board.o)
                0x00023a2c                Board_GPIOInterruptGetCallback
 .text.Board_GPIOInterruptRegisterCallback
                0x00023a50       0x38 ./../Platform/BSP/debug/libBSP_efm32_debug.a(BSP_Board.o)
                0x00023a50                Board_GPIOInterruptRegisterCallback
 .text.Board_GPIOInterruptDispatch
                0x00023a88       0x64 ./../Platform/BSP/debug/libBSP_efm32_debug.a(BSP_Board.o)
                0x00023a88                Board_GPIOInterruptDispatch
 .text.Board_UART0_UART_Init
                0x00023aec       0xcc ./../Platform/BSP/debug/libBSP_efm32_debug.a(BSP_Board.o)
                0x00023aec                Board_UART0_UART_Init
 .text.Board_UART1_UART_Init
                0x00023bb8       0xcc ./../Platform/BSP/debug/libBSP_efm32_debug.a(BSP_Board.o)
                0x00023bb8                Board_UART1_UART_Init
 .text.Board_USART0_SPI_Init
                0x00023c84       0xa8 ./../Platform/BSP/debug/libBSP_efm32_debug.a(BSP_Board.o)
                0x00023c84                Board_USART0_SPI_Init
 .text.Board_USART1_SPI_Init
                0x00023d2c       0x8c ./../Platform/BSP/debug/libBSP_efm32_debug.a(BSP_Board.o)
                0x00023d2c                Board_USART1_SPI_Init
 .text.Board_GPIO_Init
                0x00023db8       0x6c ./../Platform/BSP/debug/libBSP_efm32_debug.a(BSP_Board.o)
                0x00023db8                Board_GPIO_Init
 .text.Board_WakeupPowerSupply2V5
                0x00023e24       0x50 ./../Platform/BSP/debug/libBSP_efm32_debug.a(BSP_Board.o)
                0x00023e24                Board_WakeupPowerSupply2V5
 .text.Board_SnoozePowerSupply2V5
                0x00023e74       0x4c ./../Platform/BSP/debug/libBSP_efm32_debug.a(BSP_Board.o)
                0x00023e74                Board_SnoozePowerSupply2V5
 .text.Board_EnablePowerSupply3V3
                0x00023ec0       0x50 ./../Platform/BSP/debug/libBSP_efm32_debug.a(BSP_Board.o)
                0x00023ec0                Board_EnablePowerSupply3V3
 .text.PowerSupply2V5UpdateRegister
                0x00023f10      0x268 ./../Platform/BSP/debug/libBSP_efm32_debug.a(BSP_Board.o)
                0x00023f10                PowerSupply2V5UpdateRegister
 .text.PowerSupply3V3UpdateRegister
                0x00024178       0x7c ./../Platform/BSP/debug/libBSP_efm32_debug.a(BSP_Board.o)
                0x00024178                PowerSupply3V3UpdateRegister
 .text.Board_ADC_Init
                0x000241f4       0x78 ./../Platform/BSP/debug/libBSP_efm32_debug.a(BSP_Board.o)
                0x000241f4                Board_ADC_Init
 .text.Board_I2C0_Init
                0x0002426c       0x54 ./../Platform/BSP/debug/libBSP_efm32_debug.a(BSP_Board.o)
                0x0002426c                Board_I2C0_Init
 .text.Board_I2C1_Init
                0x000242c0       0x54 ./../Platform/BSP/debug/libBSP_efm32_debug.a(BSP_Board.o)
                0x000242c0                Board_I2C1_Init
 .text.Board_USB_Init
                0x00024314       0x70 ./../Platform/BSP/debug/libBSP_efm32_debug.a(BSP_Board.o)
                0x00024314                Board_USB_Init
 .text.Board_IncTick
                0x00024384       0x24 ./../Platform/BSP/debug/libBSP_efm32_debug.a(BSP_Board.o)
                0x00024384                Board_IncTick
 .text.Board_GetTick
                0x000243a8       0x18 ./../Platform/BSP/debug/libBSP_efm32_debug.a(BSP_Board.o)
                0x000243a8                Board_GetTick
 .text.Board_Delay
                0x000243c0       0x30 ./../Platform/BSP/debug/libBSP_efm32_debug.a(BSP_Board.o)
                0x000243c0                Board_Delay
 .text.Board_RTC_Init
                0x000243f0       0xa0 ./../Platform/BSP/debug/libBSP_efm32_debug.a(BSP_Board.o)
                0x000243f0                Board_RTC_Init
 .text.Board_BURTC_Init
                0x00024490       0x28 ./../Platform/BSP/debug/libBSP_efm32_debug.a(BSP_Board.o)
                0x00024490                Board_BURTC_Init
 .text.BSP_Board_EnableSysTick
                0x000244b8       0x38 ./../Platform/BSP/debug/libBSP_efm32_debug.a(BSP_Board.o)
                0x000244b8                BSP_Board_EnableSysTick
 .text.USB_setSerialNumber
                0x000244f0       0x7c ./../Platform/BSP/debug/libBSP_efm32_debug.a(BSP_USB.o)
 .text.USB_dataReceivedCallback
                0x0002456c       0x98 ./../Platform/BSP/debug/libBSP_efm32_debug.a(BSP_USB.o)
 .text.USB_dataTransferred
                0x00024604       0x4c ./../Platform/BSP/debug/libBSP_efm32_debug.a(BSP_USB.o)
 .text.USB_stateChange
                0x00024650       0x58 ./../Platform/BSP/debug/libBSP_efm32_debug.a(BSP_USB.o)
                0x00024650                USB_stateChange
 .text.USB_setupCommand
                0x000246a8      0x108 ./../Platform/BSP/debug/libBSP_efm32_debug.a(BSP_USB.o)
                0x000246a8                USB_setupCommand
 .text.USB_init
                0x000247b0       0xd0 ./../Platform/BSP/debug/libBSP_efm32_debug.a(BSP_USB.o)
                0x000247b0                USB_init
 .text.USB_receiveByte
                0x00024880       0xa0 ./../Platform/BSP/debug/libBSP_efm32_debug.a(BSP_USB.o)
                0x00024880                USB_receiveByte
 .text.RETARGET_WriteChar
                0x00024920       0x2c ./../Platform/BSP/debug/libBSP_efm32_debug.a(BSP_USB.o)
                0x00024920                RETARGET_WriteChar
 .text.USB_transmitData
                0x0002494c       0xc4 ./../Platform/BSP/debug/libBSP_efm32_debug.a(BSP_USB.o)
                0x0002494c                USB_transmitData
 .text.RETARGET_ReadChar
                0x00024a10       0x24 ./../Platform/BSP/debug/libBSP_efm32_debug.a(BSP_USB.o)
                0x00024a10                RETARGET_ReadChar
 .text.USB_callBackMapping
                0x00024a34       0x38 ./../Platform/BSP/debug/libBSP_efm32_debug.a(BSP_USB.o)
                0x00024a34                USB_callBackMapping
 .text.NVIC_EnableIRQ
                0x00024a6c       0x38 ./../Platform/BSP/debug/libBSP_efm32_debug.a(BSP_DMA.o)
 .text.NVIC_ClearPendingIRQ
                0x00024aa4       0x3c ./../Platform/BSP/debug/libBSP_efm32_debug.a(BSP_DMA.o)
 .text.NVIC_SetPriority
                0x00024ae0       0x5c ./../Platform/BSP/debug/libBSP_efm32_debug.a(BSP_DMA.o)
 .text.BSP_DMA_Initialize
                0x00024b3c       0x88 ./../Platform/BSP/debug/libBSP_efm32_debug.a(BSP_DMA.o)
                0x00024b3c                BSP_DMA_Initialize
 .text.BSP_DMA_Enable
                0x00024bc4       0x54 ./../Platform/BSP/debug/libBSP_efm32_debug.a(BSP_DMA.o)
                0x00024bc4                BSP_DMA_Enable
 .text.GPIO_IntClear
                0x00024c18       0x20 ./../Platform/BSP/debug/libBSP_efm32_debug.a(BSP_IrqHandler.o)
 .text.GPIO_IntGetEnabled
                0x00024c38       0x30 ./../Platform/BSP/debug/libBSP_efm32_debug.a(BSP_IrqHandler.o)
 .text.SysTick_Handler
                0x00024c68       0x40 ./../Platform/BSP/debug/libBSP_efm32_debug.a(BSP_IrqHandler.o)
                0x00024c68                SysTick_Handler
 .text.GPIO_EVEN_IRQHandler
                0x00024ca8       0x28 ./../Platform/BSP/debug/libBSP_efm32_debug.a(BSP_IrqHandler.o)
                0x00024ca8                GPIO_EVEN_IRQHandler
 .text.GPIO_ODD_IRQHandler
                0x00024cd0       0x28 ./../Platform/BSP/debug/libBSP_efm32_debug.a(BSP_IrqHandler.o)
                0x00024cd0                GPIO_ODD_IRQHandler
 .text.UART0_TX_IRQHandler
                0x00024cf8        0xc ./../Platform/BSP/debug/libBSP_efm32_debug.a(BSP_IrqHandler.o)
                0x00024cf8                UART0_TX_IRQHandler
 .text.UART0_RX_IRQHandler
                0x00024d04        0xc ./../Platform/BSP/debug/libBSP_efm32_debug.a(BSP_IrqHandler.o)
                0x00024d04                UART0_RX_IRQHandler
 .text.USART0_TX_IRQHandler
                0x00024d10        0xc ./../Platform/BSP/debug/libBSP_efm32_debug.a(BSP_IrqHandler.o)
                0x00024d10                USART0_TX_IRQHandler
 .text.USART0_RX_IRQHandler
                0x00024d1c        0xc ./../Platform/BSP/debug/libBSP_efm32_debug.a(BSP_IrqHandler.o)
                0x00024d1c                USART0_RX_IRQHandler
 .text.I2C0_IRQHandler
                0x00024d28        0xc ./../Platform/BSP/debug/libBSP_efm32_debug.a(BSP_IrqHandler.o)
                0x00024d28                I2C0_IRQHandler
 .text.I2C1_IRQHandler
                0x00024d34        0xc ./../Platform/BSP/debug/libBSP_efm32_debug.a(BSP_IrqHandler.o)
                0x00024d34                I2C1_IRQHandler
 .text.USART2_TX_IRQHandler
                0x00024d40        0xc ./../Platform/BSP/debug/libBSP_efm32_debug.a(BSP_IrqHandler.o)
                0x00024d40                USART2_TX_IRQHandler
 .text.USART2_RX_IRQHandler
                0x00024d4c        0xc ./../Platform/BSP/debug/libBSP_efm32_debug.a(BSP_IrqHandler.o)
                0x00024d4c                USART2_RX_IRQHandler
 .text.UART1_TX_IRQHandler
                0x00024d58        0xc ./../Platform/BSP/debug/libBSP_efm32_debug.a(BSP_IrqHandler.o)
                0x00024d58                UART1_TX_IRQHandler
 .text.UART1_RX_IRQHandler
                0x00024d64        0xc ./../Platform/BSP/debug/libBSP_efm32_debug.a(BSP_IrqHandler.o)
                0x00024d64                UART1_RX_IRQHandler
 .text.USART1_TX_IRQHandler
                0x00024d70        0xc ./../Platform/BSP/debug/libBSP_efm32_debug.a(BSP_IrqHandler.o)
                0x00024d70                USART1_TX_IRQHandler
 .text.USART1_RX_IRQHandler
                0x00024d7c        0xc ./../Platform/BSP/debug/libBSP_efm32_debug.a(BSP_IrqHandler.o)
                0x00024d7c                USART1_RX_IRQHandler
 .text.RTC_IRQHandler
                0x00024d88        0xc ./../Platform/BSP/debug/libBSP_efm32_debug.a(BSP_IrqHandler.o)
                0x00024d88                RTC_IRQHandler
 .text.IrqHandler_SysTickDummyHandler
                0x00024d94       0x10 ./../Platform/BSP/debug/libBSP_efm32_debug.a(BSP_IrqHandler.o)
                0x00024d94                IrqHandler_SysTickDummyHandler
 .text.NVIC_EnableIRQ
                0x00024da4       0x38 ./../Platform/BSP/debug/libBSP_efm32_debug.a(BSP_ExtensionPort.o)
 .text.NVIC_ClearPendingIRQ
                0x00024ddc       0x3c ./../Platform/BSP/debug/libBSP_efm32_debug.a(BSP_ExtensionPort.o)
 .text.NVIC_SetPriority
                0x00024e18       0x5c ./../Platform/BSP/debug/libBSP_efm32_debug.a(BSP_ExtensionPort.o)
 .text.SetUartOwnership
                0x00024e74       0x4c ./../Platform/BSP/debug/libBSP_efm32_debug.a(BSP_ExtensionPort.o)
 .text.IsUartPortAvailable
                0x00024ec0       0x64 ./../Platform/BSP/debug/libBSP_efm32_debug.a(BSP_ExtensionPort.o)
 .text.BSP_ExtensionPort_SetGpioOwner
                0x00024f24       0x54 ./../Platform/BSP/debug/libBSP_efm32_debug.a(BSP_ExtensionPort.o)
                0x00024f24                BSP_ExtensionPort_SetGpioOwner
 .text.BSP_ExtensionPort_GetGpioOwner
                0x00024f78       0x50 ./../Platform/BSP/debug/libBSP_efm32_debug.a(BSP_ExtensionPort.o)
                0x00024f78                BSP_ExtensionPort_GetGpioOwner
 .text.BSP_ExtensionPort_I2cIsr
                0x00024fc8       0x5c ./../Platform/BSP/debug/libBSP_efm32_debug.a(BSP_ExtensionPort.o)
                0x00024fc8                BSP_ExtensionPort_I2cIsr
 .text.BSP_ExtensionPort_SpiRxIsr
                0x00025024       0x5c ./../Platform/BSP/debug/libBSP_efm32_debug.a(BSP_ExtensionPort.o)
                0x00025024                BSP_ExtensionPort_SpiRxIsr
 .text.BSP_ExtensionPort_SpiTxIsr
                0x00025080       0x5c ./../Platform/BSP/debug/libBSP_efm32_debug.a(BSP_ExtensionPort.o)
                0x00025080                BSP_ExtensionPort_SpiTxIsr
 .text.BSP_ExtensionPort_GetUartHandle
                0x000250dc       0x20 ./../Platform/BSP/debug/libBSP_efm32_debug.a(BSP_ExtensionPort.o)
                0x000250dc                BSP_ExtensionPort_GetUartHandle
 .text.BSP_ExtensionPort_ConnectUart
                0x000250fc       0xd4 ./../Platform/BSP/debug/libBSP_efm32_debug.a(BSP_ExtensionPort.o)
                0x000250fc                BSP_ExtensionPort_ConnectUart
 .text.BSP_ExtensionPort_SetUartConfig
                0x000251d0       0xc8 ./../Platform/BSP/debug/libBSP_efm32_debug.a(BSP_ExtensionPort.o)
                0x000251d0                BSP_ExtensionPort_SetUartConfig
 .text.BSP_ExtensionPort_EnableUart
                0x00025298      0x230 ./../Platform/BSP/debug/libBSP_efm32_debug.a(BSP_ExtensionPort.o)
                0x00025298                BSP_ExtensionPort_EnableUart
 .text.BSP_ExtensionPort_UARTRxIsr
                0x000254c8       0x5c ./../Platform/BSP/debug/libBSP_efm32_debug.a(BSP_ExtensionPort.o)
                0x000254c8                BSP_ExtensionPort_UARTRxIsr
 .text.BSP_ExtensionPort_UARTTxIsr
                0x00025524       0x5c ./../Platform/BSP/debug/libBSP_efm32_debug.a(BSP_ExtensionPort.o)
                0x00025524                BSP_ExtensionPort_UARTTxIsr
 .text.NVIC_EnableIRQ
                0x00025580       0x38 ./../Platform/BSP/debug/libBSP_efm32_debug.a(BSP_WiFi_cc3100mod.o)
 .text.NVIC_DisableIRQ
                0x000255b8       0x3c ./../Platform/BSP/debug/libBSP_efm32_debug.a(BSP_WiFi_cc3100mod.o)
 .text.NVIC_ClearPendingIRQ
                0x000255f4       0x3c ./../Platform/BSP/debug/libBSP_efm32_debug.a(BSP_WiFi_cc3100mod.o)
 .text.NVIC_SetPriority
                0x00025630       0x5c ./../Platform/BSP/debug/libBSP_efm32_debug.a(BSP_WiFi_cc3100mod.o)
 .text.GPIO_IntClear
                0x0002568c       0x20 ./../Platform/BSP/debug/libBSP_efm32_debug.a(BSP_WiFi_cc3100mod.o)
 .text.GPIO_IntDisable
                0x000256ac       0x34 ./../Platform/BSP/debug/libBSP_efm32_debug.a(BSP_WiFi_cc3100mod.o)
 .text.GPIO_IntEnable
                0x000256e0       0x30 ./../Platform/BSP/debug/libBSP_efm32_debug.a(BSP_WiFi_cc3100mod.o)
 .text.GPIO_PinOutClear
                0x00025710       0x4c ./../Platform/BSP/debug/libBSP_efm32_debug.a(BSP_WiFi_cc3100mod.o)
 .text.GPIO_PinOutSet
                0x0002575c       0x4c ./../Platform/BSP/debug/libBSP_efm32_debug.a(BSP_WiFi_cc3100mod.o)
 .text.Board_GPIOInterruptUnregisterCallback
                0x000257a8       0x20 ./../Platform/BSP/debug/libBSP_efm32_debug.a(BSP_WiFi_cc3100mod.o)
 .text.BSP_WiFi_CC3100MOD_Connect
                0x000257c8      0x1e8 ./../Platform/BSP/debug/libBSP_efm32_debug.a(BSP_WiFi_cc3100mod.o)
                0x000257c8                BSP_WiFi_CC3100MOD_Connect
 .text.BSP_WiFi_CC3100MOD_Enable
                0x000259b0      0x1a4 ./../Platform/BSP/debug/libBSP_efm32_debug.a(BSP_WiFi_cc3100mod.o)
                0x000259b0                BSP_WiFi_CC3100MOD_Enable
 .text.BSP_WiFi_CC3100MOD_Disable
                0x00025b54       0xb0 ./../Platform/BSP/debug/libBSP_efm32_debug.a(BSP_WiFi_cc3100mod.o)
                0x00025b54                BSP_WiFi_CC3100MOD_Disable
 .text.BSP_WiFi_CC3100MOD_GetSPIHandle
                0x00025c04       0x14 ./../Platform/BSP/debug/libBSP_efm32_debug.a(BSP_WiFi_cc3100mod.o)
                0x00025c04                BSP_WiFi_CC3100MOD_GetSPIHandle
 .text.BSP_WiFi_CC3100MOD_SetCSLow
                0x00025c18       0x18 ./../Platform/BSP/debug/libBSP_efm32_debug.a(BSP_WiFi_cc3100mod.o)
                0x00025c18                BSP_WiFi_CC3100MOD_SetCSLow
 .text.BSP_WiFi_CC3100MOD_SetCSHigh
                0x00025c30       0x18 ./../Platform/BSP/debug/libBSP_efm32_debug.a(BSP_WiFi_cc3100mod.o)
                0x00025c30                BSP_WiFi_CC3100MOD_SetCSHigh
 .text.WiFi_CC3100MOD_SPIRxISR
                0x00025c48       0x28 ./../Platform/BSP/debug/libBSP_efm32_debug.a(BSP_WiFi_cc3100mod.o)
                0x00025c48                WiFi_CC3100MOD_SPIRxISR
 .text.WiFi_CC3100MOD_SPITxISR
                0x00025c70       0x28 ./../Platform/BSP/debug/libBSP_efm32_debug.a(BSP_WiFi_cc3100mod.o)
                0x00025c70                WiFi_CC3100MOD_SPITxISR
 .text.WiFi_CC3100MOD_SPI_RxDMAComplete
                0x00025c98       0x38 ./../Platform/BSP/debug/libBSP_efm32_debug.a(BSP_WiFi_cc3100mod.o)
                0x00025c98                WiFi_CC3100MOD_SPI_RxDMAComplete
 .text.WiFi_CC3100MOD_SPI_TxDMAComplete
                0x00025cd0       0x38 ./../Platform/BSP/debug/libBSP_efm32_debug.a(BSP_WiFi_cc3100mod.o)
                0x00025cd0                WiFi_CC3100MOD_SPI_TxDMAComplete
 .text.WiFi_INT_InterruptCallback
                0x00025d08       0x14 ./../Platform/BSP/debug/libBSP_efm32_debug.a(BSP_WiFi_cc3100mod.o)
 .text.BT_EM9301_UART_TxISR
                0x00025d1c       0x28 ./../Platform/BSP/debug/libBSP_efm32_debug.a(BSP_BT_EM9301.o)
                0x00025d1c                BT_EM9301_UART_TxISR
 .text.BT_EM9301_UART_RxISR
                0x00025d44       0x28 ./../Platform/BSP/debug/libBSP_efm32_debug.a(BSP_BT_EM9301.o)
                0x00025d44                BT_EM9301_UART_RxISR
 .text.NVIC_EnableIRQ
                0x00025d6c       0x38 ./../Platform/BSP/debug/libBSP_efm32_debug.a(BSP_SensorNode.o)
 .text.NVIC_DisableIRQ
                0x00025da4       0x3c ./../Platform/BSP/debug/libBSP_efm32_debug.a(BSP_SensorNode.o)
 .text.NVIC_SetPriority
                0x00025de0       0x5c ./../Platform/BSP/debug/libBSP_efm32_debug.a(BSP_SensorNode.o)
 .text.GPIO_PinInGet
                0x00025e3c       0x4c ./../Platform/BSP/debug/libBSP_efm32_debug.a(BSP_SensorNode.o)
 .text.GPIO_PinOutSet
                0x00025e88       0x4c ./../Platform/BSP/debug/libBSP_efm32_debug.a(BSP_SensorNode.o)
 .text.BSP_SensorNode_Connect
                0x00025ed4      0x190 ./../Platform/BSP/debug/libBSP_efm32_debug.a(BSP_SensorNode.o)
                0x00025ed4                BSP_SensorNode_Connect
 .text.BSP_SensorNode_Enable
                0x00026064      0x408 ./../Platform/BSP/debug/libBSP_efm32_debug.a(BSP_SensorNode.o)
                0x00026064                BSP_SensorNode_Enable
 .text.BSP_SensorNode_GetI2CHandle
                0x0002646c       0x34 ./../Platform/BSP/debug/libBSP_efm32_debug.a(BSP_SensorNode.o)
                0x0002646c                BSP_SensorNode_GetI2CHandle
 .text.SensorNode_EnableBus
                0x000264a0       0x6c ./../Platform/BSP/debug/libBSP_efm32_debug.a(BSP_SensorNode.o)
 .text.BMA280_INT_InterruptCallback
                0x0002650c       0x44 ./../Platform/BSP/debug/libBSP_efm32_debug.a(BSP_SensorNode.o)
 .text.BMA280_INT2_InterruptCallback
                0x00026550       0x44 ./../Platform/BSP/debug/libBSP_efm32_debug.a(BSP_SensorNode.o)
 .text.MAX44009_INTN_InterruptCallback
                0x00026594       0x44 ./../Platform/BSP/debug/libBSP_efm32_debug.a(BSP_SensorNode.o)
 .text.SensorNode_I2CISR
                0x000265d8       0x28 ./../Platform/BSP/debug/libBSP_efm32_debug.a(BSP_SensorNode.o)
                0x000265d8                SensorNode_I2CISR
 .text.SDCard_SPIRxISR
                0x00026600       0x28 ./../Platform/BSP/debug/libBSP_efm32_debug.a(BSP_SDCard.o)
                0x00026600                SDCard_SPIRxISR
 .text.SDCard_SPITxISR
                0x00026628       0x28 ./../Platform/BSP/debug/libBSP_efm32_debug.a(BSP_SDCard.o)
                0x00026628                SDCard_SPITxISR
 .text.xTaskGenericCreate
                0x00026650      0x1d0 ./../Libraries/FreeRTOS/debug/libFreeRTOS_efm32_debug.a(tasks.o)
                0x00026650                xTaskGenericCreate
 .text.vTaskDelay
                0x00026820       0xac ./../Libraries/FreeRTOS/debug/libFreeRTOS_efm32_debug.a(tasks.o)
                0x00026820                vTaskDelay
 .text.vTaskStartScheduler
                0x000268cc       0xa0 ./../Libraries/FreeRTOS/debug/libFreeRTOS_efm32_debug.a(tasks.o)
                0x000268cc                vTaskStartScheduler
 .text.vTaskSuspendAll
                0x0002696c       0x24 ./../Libraries/FreeRTOS/debug/libFreeRTOS_efm32_debug.a(tasks.o)
                0x0002696c                vTaskSuspendAll
 .text.xTaskResumeAll
                0x00026990      0x180 ./../Libraries/FreeRTOS/debug/libFreeRTOS_efm32_debug.a(tasks.o)
                0x00026990                xTaskResumeAll
 .text.xTaskGetTickCount
                0x00026b10       0x20 ./../Libraries/FreeRTOS/debug/libFreeRTOS_efm32_debug.a(tasks.o)
                0x00026b10                xTaskGetTickCount
 .text.xTaskIncrementTick
                0x00026b30      0x20c ./../Libraries/FreeRTOS/debug/libFreeRTOS_efm32_debug.a(tasks.o)
                0x00026b30                xTaskIncrementTick
 .text.vTaskSwitchContext
                0x00026d3c      0x150 ./../Libraries/FreeRTOS/debug/libFreeRTOS_efm32_debug.a(tasks.o)
                0x00026d3c                vTaskSwitchContext
 .text.vTaskPlaceOnEventList
                0x00026e8c       0xc4 ./../Libraries/FreeRTOS/debug/libFreeRTOS_efm32_debug.a(tasks.o)
                0x00026e8c                vTaskPlaceOnEventList
 .text.vTaskPlaceOnEventListRestricted
                0x00026f50       0xc4 ./../Libraries/FreeRTOS/debug/libFreeRTOS_efm32_debug.a(tasks.o)
                0x00026f50                vTaskPlaceOnEventListRestricted
 .text.xTaskRemoveFromEventList
                0x00027014       0xe8 ./../Libraries/FreeRTOS/debug/libFreeRTOS_efm32_debug.a(tasks.o)
                0x00027014                xTaskRemoveFromEventList
 .text.vTaskSetTimeOutState
                0x000270fc       0x44 ./../Libraries/FreeRTOS/debug/libFreeRTOS_efm32_debug.a(tasks.o)
                0x000270fc                vTaskSetTimeOutState
 .text.xTaskCheckForTimeOut
                0x00027140       0xc4 ./../Libraries/FreeRTOS/debug/libFreeRTOS_efm32_debug.a(tasks.o)
                0x00027140                xTaskCheckForTimeOut
 .text.vTaskMissedYield
                0x00027204       0x18 ./../Libraries/FreeRTOS/debug/libFreeRTOS_efm32_debug.a(tasks.o)
                0x00027204                vTaskMissedYield
 .text.prvIdleTask
                0x0002721c       0x10 ./../Libraries/FreeRTOS/debug/libFreeRTOS_efm32_debug.a(tasks.o)
 .text.prvInitialiseTCBVariables
                0x0002722c       0xbc ./../Libraries/FreeRTOS/debug/libFreeRTOS_efm32_debug.a(tasks.o)
 .text.prvInitialiseTaskLists
                0x000272e8       0xa4 ./../Libraries/FreeRTOS/debug/libFreeRTOS_efm32_debug.a(tasks.o)
 .text.prvCheckTasksWaitingTermination
                0x0002738c       0x9c ./../Libraries/FreeRTOS/debug/libFreeRTOS_efm32_debug.a(tasks.o)
 .text.prvAddCurrentTaskToDelayedList
                0x00027428       0x8c ./../Libraries/FreeRTOS/debug/libFreeRTOS_efm32_debug.a(tasks.o)
 .text.prvAllocateTCBAndStack
                0x000274b4       0x7c ./../Libraries/FreeRTOS/debug/libFreeRTOS_efm32_debug.a(tasks.o)
 .text.prvDeleteTCB
                0x00027530       0x20 ./../Libraries/FreeRTOS/debug/libFreeRTOS_efm32_debug.a(tasks.o)
 .text.prvResetNextTaskUnblockTime
                0x00027550       0x5c ./../Libraries/FreeRTOS/debug/libFreeRTOS_efm32_debug.a(tasks.o)
 .text.xTaskGetSchedulerState
                0x000275ac       0x48 ./../Libraries/FreeRTOS/debug/libFreeRTOS_efm32_debug.a(tasks.o)
                0x000275ac                xTaskGetSchedulerState
 .text.vTaskPriorityInherit
                0x000275f4      0x144 ./../Libraries/FreeRTOS/debug/libFreeRTOS_efm32_debug.a(tasks.o)
                0x000275f4                vTaskPriorityInherit
 .text.xTaskPriorityDisinherit
                0x00027738      0x13c ./../Libraries/FreeRTOS/debug/libFreeRTOS_efm32_debug.a(tasks.o)
                0x00027738                xTaskPriorityDisinherit
 .text.pvTaskIncrementMutexHeldCount
                0x00027874       0x38 ./../Libraries/FreeRTOS/debug/libFreeRTOS_efm32_debug.a(tasks.o)
                0x00027874                pvTaskIncrementMutexHeldCount
 .text.xTimerCreateTimerTask
                0x000278ac       0x78 ./../Libraries/FreeRTOS/debug/libFreeRTOS_efm32_debug.a(timers.o)
                0x000278ac                xTimerCreateTimerTask
 .text.xTimerCreate
                0x00027924       0x7c ./../Libraries/FreeRTOS/debug/libFreeRTOS_efm32_debug.a(timers.o)
                0x00027924                xTimerCreate
 .text.xTimerGenericCommand
                0x000279a0       0xac ./../Libraries/FreeRTOS/debug/libFreeRTOS_efm32_debug.a(timers.o)
                0x000279a0                xTimerGenericCommand
 .text.prvProcessExpiredTimer
                0x00027a4c       0x88 ./../Libraries/FreeRTOS/debug/libFreeRTOS_efm32_debug.a(timers.o)
 .text.prvTimerTask
                0x00027ad4       0x24 ./../Libraries/FreeRTOS/debug/libFreeRTOS_efm32_debug.a(timers.o)
 .text.prvProcessTimerOrBlockTask
                0x00027af8       0x78 ./../Libraries/FreeRTOS/debug/libFreeRTOS_efm32_debug.a(timers.o)
 .text.prvGetNextExpireTime
                0x00027b70       0x54 ./../Libraries/FreeRTOS/debug/libFreeRTOS_efm32_debug.a(timers.o)
 .text.prvSampleTimeNow
                0x00027bc4       0x4c ./../Libraries/FreeRTOS/debug/libFreeRTOS_efm32_debug.a(timers.o)
 .text.prvInsertTimerInActiveList
                0x00027c10       0x94 ./../Libraries/FreeRTOS/debug/libFreeRTOS_efm32_debug.a(timers.o)
 .text.prvProcessReceivedCommands
                0x00027ca4      0x174 ./../Libraries/FreeRTOS/debug/libFreeRTOS_efm32_debug.a(timers.o)
 .text.prvSwitchTimerLists
                0x00027e18       0xf0 ./../Libraries/FreeRTOS/debug/libFreeRTOS_efm32_debug.a(timers.o)
 .text.prvCheckForValidListAndQueue
                0x00027f08       0xb8 ./../Libraries/FreeRTOS/debug/libFreeRTOS_efm32_debug.a(timers.o)
 .text.xTimerPendFunctionCallFromISR
                0x00027fc0       0x4c ./../Libraries/FreeRTOS/debug/libFreeRTOS_efm32_debug.a(timers.o)
                0x00027fc0                xTimerPendFunctionCallFromISR
 .text.pvPortMalloc
                0x0002800c      0x1e0 ./../Libraries/FreeRTOS/debug/libFreeRTOS_efm32_debug.a(heap_4.o)
                0x0002800c                pvPortMalloc
 .text.vPortFree
                0x000281ec       0xcc ./../Libraries/FreeRTOS/debug/libFreeRTOS_efm32_debug.a(heap_4.o)
                0x000281ec                vPortFree
 .text.prvHeapInit
                0x000282b8       0xfc ./../Libraries/FreeRTOS/debug/libFreeRTOS_efm32_debug.a(heap_4.o)
 .text.prvInsertBlockIntoFreeList
                0x000283b4       0xbc ./../Libraries/FreeRTOS/debug/libFreeRTOS_efm32_debug.a(heap_4.o)
 .text.pxPortInitialiseStack
                0x00028470       0x64 ./../Libraries/FreeRTOS/debug/libFreeRTOS_efm32_debug.a(port.o)
                0x00028470                pxPortInitialiseStack
 .text.prvTaskExitError
                0x000284d4       0x2c ./../Libraries/FreeRTOS/debug/libFreeRTOS_efm32_debug.a(port.o)
 .text.SVC_Handler
                0x00028500       0x24 ./../Libraries/FreeRTOS/debug/libFreeRTOS_efm32_debug.a(port.o)
                0x00028500                SVC_Handler
 .text.prvPortStartFirstTask
                0x00028524       0x20 ./../Libraries/FreeRTOS/debug/libFreeRTOS_efm32_debug.a(port.o)
 .text.xPortStartScheduler
                0x00028544      0x10c ./../Libraries/FreeRTOS/debug/libFreeRTOS_efm32_debug.a(port.o)
                0x00028544                xPortStartScheduler
 .text.vPortYield
                0x00028650       0x20 ./../Libraries/FreeRTOS/debug/libFreeRTOS_efm32_debug.a(port.o)
                0x00028650                vPortYield
 .text.vPortEnterCritical
                0x00028670       0x58 ./../Libraries/FreeRTOS/debug/libFreeRTOS_efm32_debug.a(port.o)
                0x00028670                vPortEnterCritical
 .text.vPortExitCritical
                0x000286c8       0x54 ./../Libraries/FreeRTOS/debug/libFreeRTOS_efm32_debug.a(port.o)
                0x000286c8                vPortExitCritical
 .text.ulPortSetInterruptMask
                0x0002871c       0x14 ./../Libraries/FreeRTOS/debug/libFreeRTOS_efm32_debug.a(port.o)
                0x0002871c                ulPortSetInterruptMask
 .text.vPortClearInterruptMask
                0x00028730        0x8 ./../Libraries/FreeRTOS/debug/libFreeRTOS_efm32_debug.a(port.o)
                0x00028730                vPortClearInterruptMask
 .text.PendSV_Handler
                0x00028738       0x44 ./../Libraries/FreeRTOS/debug/libFreeRTOS_efm32_debug.a(port.o)
                0x00028738                PendSV_Handler
 .text.xPortSysTickHandler
                0x0002877c       0x2c ./../Libraries/FreeRTOS/debug/libFreeRTOS_efm32_debug.a(port.o)
                0x0002877c                xPortSysTickHandler
 .text.vPortSetupTimerInterrupt
                0x000287a8       0x28 ./../Libraries/FreeRTOS/debug/libFreeRTOS_efm32_debug.a(port.o)
                0x000287a8                vPortSetupTimerInterrupt
 .text.vPortValidateInterruptPriority
                0x000287d0       0x78 ./../Libraries/FreeRTOS/debug/libFreeRTOS_efm32_debug.a(port.o)
                0x000287d0                vPortValidateInterruptPriority
 .text.vListInitialise
                0x00028848       0x40 ./../Libraries/FreeRTOS/debug/libFreeRTOS_efm32_debug.a(list.o)
                0x00028848                vListInitialise
 .text.vListInitialiseItem
                0x00028888       0x1c ./../Libraries/FreeRTOS/debug/libFreeRTOS_efm32_debug.a(list.o)
                0x00028888                vListInitialiseItem
 .text.vListInsertEnd
                0x000288a4       0x48 ./../Libraries/FreeRTOS/debug/libFreeRTOS_efm32_debug.a(list.o)
                0x000288a4                vListInsertEnd
 .text.vListInsert
                0x000288ec       0x74 ./../Libraries/FreeRTOS/debug/libFreeRTOS_efm32_debug.a(list.o)
                0x000288ec                vListInsert
 .text.uxListRemove
                0x00028960       0x58 ./../Libraries/FreeRTOS/debug/libFreeRTOS_efm32_debug.a(list.o)
                0x00028960                uxListRemove
 .text.xQueueGenericReset
                0x000289b8       0xc8 ./../Libraries/FreeRTOS/debug/libFreeRTOS_efm32_debug.a(queue.o)
                0x000289b8                xQueueGenericReset
 .text.xQueueGenericCreate
                0x00028a80       0xb8 ./../Libraries/FreeRTOS/debug/libFreeRTOS_efm32_debug.a(queue.o)
                0x00028a80                xQueueGenericCreate
 .text.xQueueCreateMutex
                0x00028b38       0xb8 ./../Libraries/FreeRTOS/debug/libFreeRTOS_efm32_debug.a(queue.o)
                0x00028b38                xQueueCreateMutex
 .text.xQueueGenericSend
                0x00028bf0      0x1c8 ./../Libraries/FreeRTOS/debug/libFreeRTOS_efm32_debug.a(queue.o)
                0x00028bf0                xQueueGenericSend
 .text.xQueueGenericSendFromISR
                0x00028db8      0x110 ./../Libraries/FreeRTOS/debug/libFreeRTOS_efm32_debug.a(queue.o)
                0x00028db8                xQueueGenericSendFromISR
 .text.xQueueGiveFromISR
                0x00028ec8      0x108 ./../Libraries/FreeRTOS/debug/libFreeRTOS_efm32_debug.a(queue.o)
                0x00028ec8                xQueueGiveFromISR
 .text.xQueueGenericReceive
                0x00028fd0      0x1e0 ./../Libraries/FreeRTOS/debug/libFreeRTOS_efm32_debug.a(queue.o)
                0x00028fd0                xQueueGenericReceive
 .text.vQueueDelete
                0x000291b0       0x38 ./../Libraries/FreeRTOS/debug/libFreeRTOS_efm32_debug.a(queue.o)
                0x000291b0                vQueueDelete
 .text.prvCopyDataToQueue
                0x000291e8       0xe8 ./../Libraries/FreeRTOS/debug/libFreeRTOS_efm32_debug.a(queue.o)
 .text.prvCopyDataFromQueue
                0x000292d0       0x50 ./../Libraries/FreeRTOS/debug/libFreeRTOS_efm32_debug.a(queue.o)
 .text.prvUnlockQueue
                0x00029320       0xc0 ./../Libraries/FreeRTOS/debug/libFreeRTOS_efm32_debug.a(queue.o)
 .text.prvIsQueueEmpty
                0x000293e0       0x34 ./../Libraries/FreeRTOS/debug/libFreeRTOS_efm32_debug.a(queue.o)
 .text.prvIsQueueFull
                0x00029414       0x38 ./../Libraries/FreeRTOS/debug/libFreeRTOS_efm32_debug.a(queue.o)
 .text.vQueueAddToRegistry
                0x0002944c       0x64 ./../Libraries/FreeRTOS/debug/libFreeRTOS_efm32_debug.a(queue.o)
                0x0002944c                vQueueAddToRegistry
 .text.vQueueUnregisterQueue
                0x000294b0       0x54 ./../Libraries/FreeRTOS/debug/libFreeRTOS_efm32_debug.a(queue.o)
                0x000294b0                vQueueUnregisterQueue
 .text.vQueueWaitForMessageRestricted
                0x00029504       0x64 ./../Libraries/FreeRTOS/debug/libFreeRTOS_efm32_debug.a(queue.o)
                0x00029504                vQueueWaitForMessageRestricted
 .text.prvNotifyQueueSetContainer
                0x00029568       0xa8 ./../Libraries/FreeRTOS/debug/libFreeRTOS_efm32_debug.a(queue.o)
 .text.ADC_CalibrateLoadScan
                0x00029610      0x180 ./../Libraries/EMlib/debug/libEMLib_efm32_debug.a(em_adc.o)
 .text.ADC_Init
                0x00029790       0x68 ./../Libraries/EMlib/debug/libEMLib_efm32_debug.a(em_adc.o)
                0x00029790                ADC_Init
 .text.ADC_InitScan
                0x000297f8       0x9c ./../Libraries/EMlib/debug/libEMLib_efm32_debug.a(em_adc.o)
                0x000297f8                ADC_InitScan
 .text.ADC_PrescaleCalc
                0x00029894       0x78 ./../Libraries/EMlib/debug/libEMLib_efm32_debug.a(em_adc.o)
                0x00029894                ADC_PrescaleCalc
 .text.ADC_TimebaseCalc
                0x0002990c       0x74 ./../Libraries/EMlib/debug/libEMLib_efm32_debug.a(em_adc.o)
                0x0002990c                ADC_TimebaseCalc
 .text.BITBAND_Peripheral
                0x00029980       0x30 ./../Libraries/EMlib/debug/libEMLib_efm32_debug.a(em_cmu.o)
 .text.CMU_MaxFreqHfle
                0x000299b0       0xb8 ./../Libraries/EMlib/debug/libEMLib_efm32_debug.a(em_cmu.o)
 .text.CMU_FlashWaitStateMax
                0x00029a68       0x68 ./../Libraries/EMlib/debug/libEMLib_efm32_debug.a(em_cmu.o)
 .text.CMU_DivToLog2
                0x00029ad0       0x38 ./../Libraries/EMlib/debug/libEMLib_efm32_debug.a(em_cmu.o)
 .text.CMU_FlashWaitStateControl
                0x00029b08       0xf4 ./../Libraries/EMlib/debug/libEMLib_efm32_debug.a(em_cmu.o)
 .text.CMU_USBCClkGet
                0x00029bfc       0x50 ./../Libraries/EMlib/debug/libEMLib_efm32_debug.a(em_cmu.o)
 .text.CMU_AUXClkGet
                0x00029c4c       0x9c ./../Libraries/EMlib/debug/libEMLib_efm32_debug.a(em_cmu.o)
 .text.CMU_DBGClkGet
                0x00029ce8       0x64 ./../Libraries/EMlib/debug/libEMLib_efm32_debug.a(em_cmu.o)
 .text.CMU_LFClkGet
                0x00029d4c       0xd4 ./../Libraries/EMlib/debug/libEMLib_efm32_debug.a(em_cmu.o)
 .text.CMU_Sync
                0x00029e20       0x3c ./../Libraries/EMlib/debug/libEMLib_efm32_debug.a(em_cmu.o)
 .text.CMU_ClockDivSet
                0x00029e5c      0x298 ./../Libraries/EMlib/debug/libEMLib_efm32_debug.a(em_cmu.o)
                0x00029e5c                CMU_ClockDivSet
 .text.CMU_ClockEnable
                0x0002a0f4      0x10c ./../Libraries/EMlib/debug/libEMLib_efm32_debug.a(em_cmu.o)
                0x0002a0f4                CMU_ClockEnable
 .text.CMU_ClockFreqGet
                0x0002a200      0x1e8 ./../Libraries/EMlib/debug/libEMLib_efm32_debug.a(em_cmu.o)
                0x0002a200                CMU_ClockFreqGet
 .text.CMU_ClockSelectGet
                0x0002a3e8      0x1a4 ./../Libraries/EMlib/debug/libEMLib_efm32_debug.a(em_cmu.o)
                0x0002a3e8                CMU_ClockSelectGet
 .text.CMU_ClockSelectSet
                0x0002a58c      0x38c ./../Libraries/EMlib/debug/libEMLib_efm32_debug.a(em_cmu.o)
                0x0002a58c                CMU_ClockSelectSet
 .text.CMU_OscillatorEnable
                0x0002a918       0xe8 ./../Libraries/EMlib/debug/libEMLib_efm32_debug.a(em_cmu.o)
                0x0002a918                CMU_OscillatorEnable
 .text.MSC_Init
                0x0002aa00      0x108 ./../Libraries/EMlib/debug/libEMLib_efm32_debug.a(em_msc.o)
                0x0002aa00                MSC_Init
 .text.MSC_Deinit
                0x0002ab08       0x30 ./../Libraries/EMlib/debug/libEMLib_efm32_debug.a(em_msc.o)
                0x0002ab08                MSC_Deinit
 .text.NVIC_DisableIRQ
                0x0002ab38       0x3c ./../Libraries/EMlib/debug/libEMLib_efm32_debug.a(em_dma.o)
 .text.BITBAND_Peripheral
                0x0002ab74       0x30 ./../Libraries/EMlib/debug/libEMLib_efm32_debug.a(em_dma.o)
 .text.DMA_Prepare
                0x0002aba4      0x138 ./../Libraries/EMlib/debug/libEMLib_efm32_debug.a(em_dma.o)
 .text.DMA_IRQHandler
                0x0002acdc      0x110 ./../Libraries/EMlib/debug/libEMLib_efm32_debug.a(em_dma.o)
                0x0002acdc                DMA_IRQHandler
 .text.DMA_ActivateBasic
                0x0002adec       0x48 ./../Libraries/EMlib/debug/libEMLib_efm32_debug.a(em_dma.o)
                0x0002adec                DMA_ActivateBasic
 .text.DMA_CfgChannel
                0x0002ae34       0xc0 ./../Libraries/EMlib/debug/libEMLib_efm32_debug.a(em_dma.o)
                0x0002ae34                DMA_CfgChannel
 .text.DMA_CfgDescr
                0x0002aef4       0x84 ./../Libraries/EMlib/debug/libEMLib_efm32_debug.a(em_dma.o)
                0x0002aef4                DMA_CfgDescr
 .text.DMA_Reset
                0x0002af78       0xd4 ./../Libraries/EMlib/debug/libEMLib_efm32_debug.a(em_dma.o)
                0x0002af78                DMA_Reset
 .text.EMU_UpdateOscConfig
                0x0002b04c       0x20 ./../Libraries/EMlib/debug/libEMLib_efm32_debug.a(em_emu.o)
                0x0002b04c                EMU_UpdateOscConfig
 .text.BITBAND_Peripheral
                0x0002b06c       0x30 ./../Libraries/EMlib/debug/libEMLib_efm32_debug.a(em_gpio.o)
 .text.GPIO_DriveModeSet
                0x0002b09c       0x60 ./../Libraries/EMlib/debug/libEMLib_efm32_debug.a(em_gpio.o)
                0x0002b09c                GPIO_DriveModeSet
 .text.GPIO_IntConfig
                0x0002b0fc       0xf4 ./../Libraries/EMlib/debug/libEMLib_efm32_debug.a(em_gpio.o)
                0x0002b0fc                GPIO_IntConfig
 .text.GPIO_PinModeSet
                0x0002b1f0      0x1b8 ./../Libraries/EMlib/debug/libEMLib_efm32_debug.a(em_gpio.o)
                0x0002b1f0                GPIO_PinModeSet
 .text.BITBAND_Peripheral
                0x0002b3a8       0x30 ./../Libraries/EMlib/debug/libEMLib_efm32_debug.a(em_i2c.o)
 .text.I2C_BusFreqSet
                0x0002b3d8       0x94 ./../Libraries/EMlib/debug/libEMLib_efm32_debug.a(em_i2c.o)
                0x0002b3d8                I2C_BusFreqSet
 .text.I2C_Enable
                0x0002b46c       0x40 ./../Libraries/EMlib/debug/libEMLib_efm32_debug.a(em_i2c.o)
                0x0002b46c                I2C_Enable
 .text.I2C_Init
                0x0002b4ac       0x84 ./../Libraries/EMlib/debug/libEMLib_efm32_debug.a(em_i2c.o)
                0x0002b4ac                I2C_Init
 .text.I2C_Transfer
                0x0002b530      0x4ec ./../Libraries/EMlib/debug/libEMLib_efm32_debug.a(em_i2c.o)
                0x0002b530                I2C_Transfer
 .text.I2C_TransferInit
                0x0002ba1c      0x104 ./../Libraries/EMlib/debug/libEMLib_efm32_debug.a(em_i2c.o)
                0x0002ba1c                I2C_TransferInit
 .text.USART_BaudrateAsyncSet
                0x0002bb20       0xd0 ./../Libraries/EMlib/debug/libEMLib_efm32_debug.a(em_usart.o)
                0x0002bb20                USART_BaudrateAsyncSet
 .text.USART_BaudrateSyncSet
                0x0002bbf0       0x7c ./../Libraries/EMlib/debug/libEMLib_efm32_debug.a(em_usart.o)
                0x0002bbf0                USART_BaudrateSyncSet
 .text.USART_Enable
                0x0002bc6c       0x7c ./../Libraries/EMlib/debug/libEMLib_efm32_debug.a(em_usart.o)
                0x0002bc6c                USART_Enable
 .text.USART_InitAsync
                0x0002bce8       0xbc ./../Libraries/EMlib/debug/libEMLib_efm32_debug.a(em_usart.o)
                0x0002bce8                USART_InitAsync
 .text.USART_Reset
                0x0002bda4       0xd8 ./../Libraries/EMlib/debug/libEMLib_efm32_debug.a(em_usart.o)
                0x0002bda4                USART_Reset
 .text.USART_Tx
                0x0002be7c       0x2c ./../Libraries/EMlib/debug/libEMLib_efm32_debug.a(em_usart.o)
                0x0002be7c                USART_Tx
 .text.SYSTEM_ChipRevisionGet
                0x0002bea8       0x94 ./../Libraries/EMlib/debug/libEMLib_efm32_debug.a(em_system.o)
                0x0002bea8                SYSTEM_ChipRevisionGet
 .text.NVIC_EnableIRQ
                0x0002bf3c       0x38 ./../Libraries/EMlib/debug/libEMLib_efm32_debug.a(em_usbd.o)
 .text.NVIC_ClearPendingIRQ
                0x0002bf74       0x3c ./../Libraries/EMlib/debug/libEMLib_efm32_debug.a(em_usbd.o)
 .text.INT_Disable
                0x0002bfb0       0x40 ./../Libraries/EMlib/debug/libEMLib_efm32_debug.a(em_usbd.o)
 .text.INT_Enable
                0x0002bff0       0x54 ./../Libraries/EMlib/debug/libEMLib_efm32_debug.a(em_usbd.o)
 .text.USBHAL_DisableGlobalInt
                0x0002c044       0x34 ./../Libraries/EMlib/debug/libEMLib_efm32_debug.a(em_usbd.o)
 .text.USBHAL_EnableGlobalInt
                0x0002c078       0x34 ./../Libraries/EMlib/debug/libEMLib_efm32_debug.a(em_usbd.o)
 .text.USBDHAL_EnableUsbResetAndSuspendInt
                0x0002c0ac       0x38 ./../Libraries/EMlib/debug/libEMLib_efm32_debug.a(em_usbd.o)
 .text.USBDHAL_EpIsStalled
                0x0002c0e4       0x3c ./../Libraries/EMlib/debug/libEMLib_efm32_debug.a(em_usbd.o)
 .text.USBDHAL_GetStallStatusEp
                0x0002c120       0xc0 ./../Libraries/EMlib/debug/libEMLib_efm32_debug.a(em_usbd.o)
 .text.USBDHAL_SetEp0InDmaPtr
                0x0002c1e0       0x28 ./../Libraries/EMlib/debug/libEMLib_efm32_debug.a(em_usbd.o)
 .text.USBDHAL_SetEp0OutDmaPtr
                0x0002c208       0x28 ./../Libraries/EMlib/debug/libEMLib_efm32_debug.a(em_usbd.o)
 .text.USBDHAL_StartEp0In
                0x0002c230       0x5c ./../Libraries/EMlib/debug/libEMLib_efm32_debug.a(em_usbd.o)
 .text.USBDHAL_StartEp0Out
                0x0002c28c       0x5c ./../Libraries/EMlib/debug/libEMLib_efm32_debug.a(em_usbd.o)
 .text.USBDHAL_StartEpIn
                0x0002c2e8       0xc8 ./../Libraries/EMlib/debug/libEMLib_efm32_debug.a(em_usbd.o)
 .text.USBDHAL_StartEpOut
                0x0002c3b0       0xd4 ./../Libraries/EMlib/debug/libEMLib_efm32_debug.a(em_usbd.o)
 .text.USBD_ArmEp
                0x0002c484       0x28 ./../Libraries/EMlib/debug/libEMLib_efm32_debug.a(em_usbd.o)
 .text.USBD_ArmEp0
                0x0002c4ac       0x88 ./../Libraries/EMlib/debug/libEMLib_efm32_debug.a(em_usbd.o)
 .text.USBD_ArmEpN
                0x0002c534       0x28 ./../Libraries/EMlib/debug/libEMLib_efm32_debug.a(em_usbd.o)
 .text.USBD_GetEpFromAddr
                0x0002c55c       0xa0 ./../Libraries/EMlib/debug/libEMLib_efm32_debug.a(em_usbd.o)
 .text.USBD_Disconnect
                0x0002c5fc       0x14 ./../Libraries/EMlib/debug/libEMLib_efm32_debug.a(em_usbd.o)
                0x0002c5fc                USBD_Disconnect
 .text.USBD_GetUsbState
                0x0002c610       0x1c ./../Libraries/EMlib/debug/libEMLib_efm32_debug.a(em_usbd.o)
                0x0002c610                USBD_GetUsbState
 .text.USBD_Init
                0x0002c62c      0x4fc ./../Libraries/EMlib/debug/libEMLib_efm32_debug.a(em_usbd.o)
                0x0002c62c                USBD_Init
 .text.USBD_Read
                0x0002cb28      0x108 ./../Libraries/EMlib/debug/libEMLib_efm32_debug.a(em_usbd.o)
                0x0002cb28                USBD_Read
 .text.USBD_SetUsbState
                0x0002cc30       0x98 ./../Libraries/EMlib/debug/libEMLib_efm32_debug.a(em_usbd.o)
                0x0002cc30                USBD_SetUsbState
 .text.USBD_Write
                0x0002ccc8      0x10c ./../Libraries/EMlib/debug/libEMLib_efm32_debug.a(em_usbd.o)
                0x0002ccc8                USBD_Write
 .text.NVIC_ClearPendingIRQ
                0x0002cdd4       0x3c ./../Libraries/EMlib/debug/libEMLib_efm32_debug.a(em_usbhal.o)
 .text.INT_Disable
                0x0002ce10       0x40 ./../Libraries/EMlib/debug/libEMLib_efm32_debug.a(em_usbhal.o)
 .text.INT_Enable
                0x0002ce50       0x54 ./../Libraries/EMlib/debug/libEMLib_efm32_debug.a(em_usbhal.o)
 .text.USBHAL_FlushRxFifo
                0x0002cea4       0x3c ./../Libraries/EMlib/debug/libEMLib_efm32_debug.a(em_usbhal.o)
 .text.USBHAL_FlushTxFifo
                0x0002cee0       0x4c ./../Libraries/EMlib/debug/libEMLib_efm32_debug.a(em_usbhal.o)
 .text.USBDHAL_DeactivateEp
                0x0002cf2c       0x88 ./../Libraries/EMlib/debug/libEMLib_efm32_debug.a(em_usbhal.o)
 .text.USBDHAL_GetInEpInts
                0x0002cfb4       0x44 ./../Libraries/EMlib/debug/libEMLib_efm32_debug.a(em_usbhal.o)
 .text.USBDHAL_GetOutEpInts
                0x0002cff8       0x44 ./../Libraries/EMlib/debug/libEMLib_efm32_debug.a(em_usbhal.o)
 .text.USBDHAL_SetEPDISNAK
                0x0002d03c       0xac ./../Libraries/EMlib/debug/libEMLib_efm32_debug.a(em_usbhal.o)
 .text.USBD_GetEpFromAddr
                0x0002d0e8       0xa0 ./../Libraries/EMlib/debug/libEMLib_efm32_debug.a(em_usbhal.o)
 .text.USBHAL_CoreReset
                0x0002d188       0xbc ./../Libraries/EMlib/debug/libEMLib_efm32_debug.a(em_usbhal.o)
                0x0002d188                USBHAL_CoreReset
 .text.USBDHAL_CoreInit
                0x0002d244      0x3ec ./../Libraries/EMlib/debug/libEMLib_efm32_debug.a(em_usbhal.o)
                0x0002d244                USBDHAL_CoreInit
 .text.USBDHAL_Disconnect
                0x0002d630       0x3c ./../Libraries/EMlib/debug/libEMLib_efm32_debug.a(em_usbhal.o)
                0x0002d630                USBDHAL_Disconnect
 .text.USBDHAL_AbortAllEps
                0x0002d66c      0x53c ./../Libraries/EMlib/debug/libEMLib_efm32_debug.a(em_usbhal.o)
                0x0002d66c                USBDHAL_AbortAllEps
 .text.USBDHAL_AbortAllTransfers
                0x0002dba8       0xc8 ./../Libraries/EMlib/debug/libEMLib_efm32_debug.a(em_usbhal.o)
                0x0002dba8                USBDHAL_AbortAllTransfers
 .text.USBDHAL_ReenableEp0Setup
                0x0002dc70       0x60 ./../Libraries/EMlib/debug/libEMLib_efm32_debug.a(em_usbdep.o)
 .text.USBDHAL_StallEp
                0x0002dcd0       0xcc ./../Libraries/EMlib/debug/libEMLib_efm32_debug.a(em_usbdep.o)
 .text.USBDHAL_StartEp0In
                0x0002dd9c       0x5c ./../Libraries/EMlib/debug/libEMLib_efm32_debug.a(em_usbdep.o)
 .text.USBDHAL_StartEp0Out
                0x0002ddf8       0x5c ./../Libraries/EMlib/debug/libEMLib_efm32_debug.a(em_usbdep.o)
 .text.USBD_GetEpFromAddr
                0x0002de54       0xa0 ./../Libraries/EMlib/debug/libEMLib_efm32_debug.a(em_usbdep.o)
 .text.USBD_ReArmEp0
                0x0002def4       0x64 ./../Libraries/EMlib/debug/libEMLib_efm32_debug.a(em_usbdep.o)
 .text.USBDEP_Ep0Handler
                0x0002df58      0x300 ./../Libraries/EMlib/debug/libEMLib_efm32_debug.a(em_usbdep.o)
                0x0002df58                USBDEP_Ep0Handler
 .text.USBDEP_EpHandler
                0x0002e258       0x60 ./../Libraries/EMlib/debug/libEMLib_efm32_debug.a(em_usbdep.o)
                0x0002e258                USBDEP_EpHandler
 .text.TIMER_CounterGet
                0x0002e2b8       0x18 ./../Libraries/EMlib/debug/libEMLib_efm32_debug.a(em_usbtimer.o)
 .text.TIMER_TopSet
                0x0002e2d0       0x1c ./../Libraries/EMlib/debug/libEMLib_efm32_debug.a(em_usbtimer.o)
 .text.DelayTicks
                0x0002e2ec       0x4c ./../Libraries/EMlib/debug/libEMLib_efm32_debug.a(em_usbtimer.o)
 .text.USBTIMER_DelayMs
                0x0002e338       0x84 ./../Libraries/EMlib/debug/libEMLib_efm32_debug.a(em_usbtimer.o)
                0x0002e338                USBTIMER_DelayMs
 .text.USBTIMER_DelayUs
                0x0002e3bc      0x124 ./../Libraries/EMlib/debug/libEMLib_efm32_debug.a(em_usbtimer.o)
                0x0002e3bc                USBTIMER_DelayUs
 .text.USBTIMER_Init
                0x0002e4e0      0x188 ./../Libraries/EMlib/debug/libEMLib_efm32_debug.a(em_usbtimer.o)
                0x0002e4e0                USBTIMER_Init
 .text.GetProdRev
                0x0002e668       0x1c ./../Libraries/EMlib/debug/libEMLib_efm32_debug.a(system_efm32gg.o)
 .text.SystemCoreClockGet
                0x0002e684       0x58 ./../Libraries/EMlib/debug/libEMLib_efm32_debug.a(system_efm32gg.o)
                0x0002e684                SystemCoreClockGet
 .text.SystemHFClockGet
                0x0002e6dc      0x110 ./../Libraries/EMlib/debug/libEMLib_efm32_debug.a(system_efm32gg.o)
                0x0002e6dc                SystemHFClockGet
 .text.SystemHFXOClockGet
                0x0002e7ec       0x18 ./../Libraries/EMlib/debug/libEMLib_efm32_debug.a(system_efm32gg.o)
                0x0002e7ec                SystemHFXOClockGet
 .text.SystemInit
                0x0002e804        0xc ./../Libraries/EMlib/debug/libEMLib_efm32_debug.a(system_efm32gg.o)
                0x0002e804                SystemInit
 .text.SystemLFRCOClockGet
                0x0002e810       0x10 ./../Libraries/EMlib/debug/libEMLib_efm32_debug.a(system_efm32gg.o)
                0x0002e810                SystemLFRCOClockGet
 .text.SystemULFRCOClockGet
                0x0002e820       0x10 ./../Libraries/EMlib/debug/libEMLib_efm32_debug.a(system_efm32gg.o)
                0x0002e820                SystemULFRCOClockGet
 .text.SystemLFXOClockGet
                0x0002e830       0x18 ./../Libraries/EMlib/debug/libEMLib_efm32_debug.a(system_efm32gg.o)
                0x0002e830                SystemLFXOClockGet
 .text.TIMER_Init
                0x0002e848      0x134 ./../Libraries/EMlib/debug/libEMLib_efm32_debug.a(em_timer.o)
                0x0002e848                TIMER_Init
 .text.TIMER_InitCC
                0x0002e97c       0xec ./../Libraries/EMlib/debug/libEMLib_efm32_debug.a(em_timer.o)
                0x0002e97c                TIMER_InitCC
 .text.USBDHAL_ActivateEp
                0x0002ea68      0x148 ./../Libraries/EMlib/debug/libEMLib_efm32_debug.a(em_usbdch9.o)
 .text.USBDHAL_DeactivateEp
                0x0002ebb0       0x88 ./../Libraries/EMlib/debug/libEMLib_efm32_debug.a(em_usbdch9.o)
 .text.USBDHAL_GetStallStatusEp
                0x0002ec38       0xc0 ./../Libraries/EMlib/debug/libEMLib_efm32_debug.a(em_usbdch9.o)
 .text.USBDHAL_SetAddr
                0x0002ecf8       0x3c ./../Libraries/EMlib/debug/libEMLib_efm32_debug.a(em_usbdch9.o)
 .text.USBDHAL_StallEp
                0x0002ed34       0xcc ./../Libraries/EMlib/debug/libEMLib_efm32_debug.a(em_usbdch9.o)
 .text.USBDHAL_UnStallEp
                0x0002ee00       0xe4 ./../Libraries/EMlib/debug/libEMLib_efm32_debug.a(em_usbdch9.o)
 .text.USBD_ActivateAllEps
                0x0002eee4       0x54 ./../Libraries/EMlib/debug/libEMLib_efm32_debug.a(em_usbdch9.o)
 .text.USBD_DeactivateAllEps
                0x0002ef38       0x68 ./../Libraries/EMlib/debug/libEMLib_efm32_debug.a(em_usbdch9.o)
 .text.USBD_GetEpFromAddr
                0x0002efa0       0xa0 ./../Libraries/EMlib/debug/libEMLib_efm32_debug.a(em_usbdch9.o)
 .text.USBDCH9_SetupCmd
                0x0002f040       0xec ./../Libraries/EMlib/debug/libEMLib_efm32_debug.a(em_usbdch9.o)
                0x0002f040                USBDCH9_SetupCmd
 .text.ClearFeature
                0x0002f12c       0xcc ./../Libraries/EMlib/debug/libEMLib_efm32_debug.a(em_usbdch9.o)
 .text.GetConfiguration
                0x0002f1f8       0xb8 ./../Libraries/EMlib/debug/libEMLib_efm32_debug.a(em_usbdch9.o)
 .text.GetDescriptor
                0x0002f2b0      0x10c ./../Libraries/EMlib/debug/libEMLib_efm32_debug.a(em_usbdch9.o)
 .text.GetInterface
                0x0002f3bc       0x94 ./../Libraries/EMlib/debug/libEMLib_efm32_debug.a(em_usbdch9.o)
 .text.GetStatus
                0x0002f450      0x1b4 ./../Libraries/EMlib/debug/libEMLib_efm32_debug.a(em_usbdch9.o)
 .text.SetAddress
                0x0002f604       0xb4 ./../Libraries/EMlib/debug/libEMLib_efm32_debug.a(em_usbdch9.o)
 .text.SetConfiguration
                0x0002f6b8      0x10c ./../Libraries/EMlib/debug/libEMLib_efm32_debug.a(em_usbdch9.o)
 .text.SetFeature
                0x0002f7c4      0x100 ./../Libraries/EMlib/debug/libEMLib_efm32_debug.a(em_usbdch9.o)
 .text.SetInterface
                0x0002f8c4       0x68 ./../Libraries/EMlib/debug/libEMLib_efm32_debug.a(em_usbdch9.o)
 .text.bme280_init
                0x0002f92c       0xcc ./../Libraries/BSTLib/debug/libBSTLib_efm32_debug.a(bme280.o)
                0x0002f92c                bme280_init
 .text.bme280_compensate_temperature_int32
                0x0002f9f8       0xd0 ./../Libraries/BSTLib/debug/libBSTLib_efm32_debug.a(bme280.o)
                0x0002f9f8                bme280_compensate_temperature_int32
 .text.bme280_compensate_pressure_int32
                0x0002fac8      0x1d4 ./../Libraries/BSTLib/debug/libBSTLib_efm32_debug.a(bme280.o)
                0x0002fac8                bme280_compensate_pressure_int32
 .text.bme280_compensate_humidity_int32
                0x0002fc9c      0x110 ./../Libraries/BSTLib/debug/libBSTLib_efm32_debug.a(bme280.o)
                0x0002fc9c                bme280_compensate_humidity_int32
 .text.bme280_read_uncomp_pressure_temperature_humidity
                0x0002fdac       0xe0 ./../Libraries/BSTLib/debug/libBSTLib_efm32_debug.a(bme280.o)
                0x0002fdac                bme280_read_uncomp_pressure_temperature_humidity
 .text.bme280_read_pressure_temperature_humidity
                0x0002fe8c       0x8c ./../Libraries/BSTLib/debug/libBSTLib_efm32_debug.a(bme280.o)
                0x0002fe8c                bme280_read_pressure_temperature_humidity
 .text.bme280_get_calib_param
                0x0002ff18      0x2d8 ./../Libraries/BSTLib/debug/libBSTLib_efm32_debug.a(bme280.o)
                0x0002ff18                bme280_get_calib_param
 .text.bme280_set_oversamp_temperature
                0x000301f0      0x1e8 ./../Libraries/BSTLib/debug/libBSTLib_efm32_debug.a(bme280.o)
                0x000301f0                bme280_set_oversamp_temperature
 .text.bme280_set_oversamp_pressure
                0x000303d8      0x1dc ./../Libraries/BSTLib/debug/libBSTLib_efm32_debug.a(bme280.o)
                0x000303d8                bme280_set_oversamp_pressure
 .text.bme280_set_oversamp_humidity
                0x000305b4      0x228 ./../Libraries/BSTLib/debug/libBSTLib_efm32_debug.a(bme280.o)
                0x000305b4                bme280_set_oversamp_humidity
 .text.bme280_get_power_mode
                0x000307dc       0x74 ./../Libraries/BSTLib/debug/libBSTLib_efm32_debug.a(bme280.o)
                0x000307dc                bme280_get_power_mode
 .text.bme280_set_power_mode
                0x00030850      0x1e8 ./../Libraries/BSTLib/debug/libBSTLib_efm32_debug.a(bme280.o)
                0x00030850                bme280_set_power_mode
 .text.bme280_set_soft_rst
                0x00030a38       0x64 ./../Libraries/BSTLib/debug/libBSTLib_efm32_debug.a(bme280.o)
                0x00030a38                bme280_set_soft_rst
 .text.bme280_set_filter
                0x00030a9c      0x1e8 ./../Libraries/BSTLib/debug/libBSTLib_efm32_debug.a(bme280.o)
                0x00030a9c                bme280_set_filter
 .text.bme280_set_standby_durn
                0x00030c84      0x1e0 ./../Libraries/BSTLib/debug/libBSTLib_efm32_debug.a(bme280.o)
                0x00030c84                bme280_set_standby_durn
 .text.bme280_write_register
                0x00030e64       0x64 ./../Libraries/BSTLib/debug/libBSTLib_efm32_debug.a(bme280.o)
                0x00030e64                bme280_write_register
 .text.bme280_read_register
                0x00030ec8       0x64 ./../Libraries/BSTLib/debug/libBSTLib_efm32_debug.a(bme280.o)
                0x00030ec8                bme280_read_register
 .text._sl_BuildAddress
                0x00030f2c       0x60 ./../Libraries/WiFi/debug/libWiFi_efm32_debug.a(socket.o)
 .text._sl_TruncatePayloadByProtocol
                0x00030f8c       0x44 ./../Libraries/WiFi/debug/libWiFi_efm32_debug.a(socket.o)
 .text.sl_Socket
                0x00030fd0       0x7c ./../Libraries/WiFi/debug/libWiFi_efm32_debug.a(socket.o)
                0x00030fd0                sl_Socket
 .text.sl_Close
                0x0003104c       0x5c ./../Libraries/WiFi/debug/libWiFi_efm32_debug.a(socket.o)
                0x0003104c                sl_Close
 .text.sl_SendTo
                0x000310a8      0x138 ./../Libraries/WiFi/debug/libWiFi_efm32_debug.a(socket.o)
                0x000310a8                sl_SendTo
 .text._sl_HandleAsync_Connect
                0x000311e0       0xd4 ./../Libraries/WiFi/debug/libWiFi_efm32_debug.a(socket.o)
                0x000311e0                _sl_HandleAsync_Connect
 .text.sl_Htonl
                0x000312b4       0x58 ./../Libraries/WiFi/debug/libWiFi_efm32_debug.a(socket.o)
                0x000312b4                sl_Htonl
 .text.sl_Htons
                0x0003130c       0x48 ./../Libraries/WiFi/debug/libWiFi_efm32_debug.a(socket.o)
                0x0003130c                sl_Htons
 .text._sl_HandleAsync_Accept
                0x00031354       0xa8 ./../Libraries/WiFi/debug/libWiFi_efm32_debug.a(socket.o)
                0x00031354                _sl_HandleAsync_Accept
 .text._sl_HandleAsync_Select
                0x000313fc       0x94 ./../Libraries/WiFi/debug/libWiFi_efm32_debug.a(socket.o)
                0x000313fc                _sl_HandleAsync_Select
 .text._SlDrvProtectAsyncRespSetting
                0x00031490       0x5c ./../Libraries/WiFi/debug/libWiFi_efm32_debug.a(driver.o)
                0x00031490                _SlDrvProtectAsyncRespSetting
 .text._SlDrvDriverCBInit
                0x000314ec      0x25c ./../Libraries/WiFi/debug/libWiFi_efm32_debug.a(driver.o)
                0x000314ec                _SlDrvDriverCBInit
 .text._SlDrvDriverCBDeinit
                0x00031748      0x190 ./../Libraries/WiFi/debug/libWiFi_efm32_debug.a(driver.o)
                0x00031748                _SlDrvDriverCBDeinit
 .text._SlDrvRxIrqHandler
                0x000318d8       0x80 ./../Libraries/WiFi/debug/libWiFi_efm32_debug.a(driver.o)
                0x000318d8                _SlDrvRxIrqHandler
 .text._SlDrvCmdOp
                0x00031958       0xe4 ./../Libraries/WiFi/debug/libWiFi_efm32_debug.a(driver.o)
                0x00031958                _SlDrvCmdOp
 .text._SlDrvDataWriteOp
                0x00031a3c      0x1c8 ./../Libraries/WiFi/debug/libWiFi_efm32_debug.a(driver.o)
                0x00031a3c                _SlDrvDataWriteOp
 .text._SlDrvMsgWrite
                0x00031c04      0x248 ./../Libraries/WiFi/debug/libWiFi_efm32_debug.a(driver.o)
 .text._SlDrvMsgRead
                0x00031e4c      0x7a0 ./../Libraries/WiFi/debug/libWiFi_efm32_debug.a(driver.o)
 .text._SlAsyncEventGenericHandler
                0x000325ec      0x120 ./../Libraries/WiFi/debug/libWiFi_efm32_debug.a(driver.o)
 .text._SlDrvMsgReadCmdCtx
                0x0003270c      0x19c ./../Libraries/WiFi/debug/libWiFi_efm32_debug.a(driver.o)
 .text._SlDrvMsgReadSpawnCtx
                0x000328a8      0x10c ./../Libraries/WiFi/debug/libWiFi_efm32_debug.a(driver.o)
                0x000328a8                _SlDrvMsgReadSpawnCtx
 .text._SlDrvClassifyRxMsg
                0x000329b4       0xf0 ./../Libraries/WiFi/debug/libWiFi_efm32_debug.a(driver.o)
 .text._SlDrvRxHdrRead
                0x00032aa4      0x2d4 ./../Libraries/WiFi/debug/libWiFi_efm32_debug.a(driver.o)
 .text._SlDrvCmdSend
                0x00032d78       0x9c ./../Libraries/WiFi/debug/libWiFi_efm32_debug.a(driver.o)
                0x00032d78                _SlDrvCmdSend
 .text._SlDrvWaitForPoolObj
                0x00032e14      0x254 ./../Libraries/WiFi/debug/libWiFi_efm32_debug.a(driver.o)
                0x00032e14                _SlDrvWaitForPoolObj
 .text._SlDrvReleasePoolObj
                0x00033068      0x2fc ./../Libraries/WiFi/debug/libWiFi_efm32_debug.a(driver.o)
                0x00033068                _SlDrvReleasePoolObj
 .text._SlRemoveFromList
                0x00033364      0x114 ./../Libraries/WiFi/debug/libWiFi_efm32_debug.a(driver.o)
 .text._SlFindAndSetActiveObj
                0x00033478      0x1f4 ./../Libraries/WiFi/debug/libWiFi_efm32_debug.a(driver.o)
 .text._SlDrvDispatchHttpServerEvents
                0x0003366c       0x1c ./../Libraries/WiFi/debug/libWiFi_efm32_debug.a(driver.o)
                0x0003366c                _SlDrvDispatchHttpServerEvents
 .text._SlDrvSyncObjSignal
                0x00033688       0x30 ./../Libraries/WiFi/debug/libWiFi_efm32_debug.a(driver.o)
                0x00033688                _SlDrvSyncObjSignal
 .text._SlDrvObjLockWaitForever
                0x000336b8       0x34 ./../Libraries/WiFi/debug/libWiFi_efm32_debug.a(driver.o)
                0x000336b8                _SlDrvObjLockWaitForever
 .text._SlDrvProtectionObjLockWaitForever
                0x000336ec       0x40 ./../Libraries/WiFi/debug/libWiFi_efm32_debug.a(driver.o)
                0x000336ec                _SlDrvProtectionObjLockWaitForever
 .text._SlDrvObjUnLock
                0x0003372c       0x30 ./../Libraries/WiFi/debug/libWiFi_efm32_debug.a(driver.o)
                0x0003372c                _SlDrvObjUnLock
 .text._SlDrvProtectionObjUnLock
                0x0003375c       0x3c ./../Libraries/WiFi/debug/libWiFi_efm32_debug.a(driver.o)
                0x0003375c                _SlDrvProtectionObjUnLock
 .text._SlDrvObjGlobalLockWaitForever
                0x00033798       0x3c ./../Libraries/WiFi/debug/libWiFi_efm32_debug.a(driver.o)
 .text._SlDrvGlobalObjUnLock
                0x000337d4       0x3c ./../Libraries/WiFi/debug/libWiFi_efm32_debug.a(driver.o)
                0x000337d4                _SlDrvGlobalObjUnLock
 .text._SlDrvMemZero
                0x00033810       0x24 ./../Libraries/WiFi/debug/libWiFi_efm32_debug.a(driver.o)
                0x00033810                _SlDrvMemZero
 .text._SlDrvResetCmdExt
                0x00033834       0x1c ./../Libraries/WiFi/debug/libWiFi_efm32_debug.a(driver.o)
                0x00033834                _SlDrvResetCmdExt
 .text._SlDrvSyncObjWaitForever
                0x00033850       0x38 ./../Libraries/WiFi/debug/libWiFi_efm32_debug.a(driver.o)
                0x00033850                _SlDrvSyncObjWaitForever
 .text._SlDrvSyncObjWaitTimeout
                0x00033888       0x58 ./../Libraries/WiFi/debug/libWiFi_efm32_debug.a(driver.o)
                0x00033888                _SlDrvSyncObjWaitTimeout
 .text._SlDriverHandleError
                0x000338e0       0xb4 ./../Libraries/WiFi/debug/libWiFi_efm32_debug.a(driver.o)
                0x000338e0                _SlDriverHandleError
 .text.sl_NetAppStop
                0x00033994       0x58 ./../Libraries/WiFi/debug/libWiFi_efm32_debug.a(netapp.o)
                0x00033994                sl_NetAppStop
 .text._sl_HandleAsync_DnsGetHostByService
                0x000339ec      0x114 ./../Libraries/WiFi/debug/libWiFi_efm32_debug.a(netapp.o)
                0x000339ec                _sl_HandleAsync_DnsGetHostByService
 .text._sl_HandleAsync_DnsGetHostByName
                0x00033b00      0x108 ./../Libraries/WiFi/debug/libWiFi_efm32_debug.a(netapp.o)
                0x00033b00                _sl_HandleAsync_DnsGetHostByName
 .text.CopyPingResultsToReport
                0x00033c08       0x44 ./../Libraries/WiFi/debug/libWiFi_efm32_debug.a(netapp.o)
 .text._sl_HandleAsync_PingResponse
                0x00033c4c       0xf4 ./../Libraries/WiFi/debug/libWiFi_efm32_debug.a(netapp.o)
                0x00033c4c                _sl_HandleAsync_PingResponse
 .text._sl_NetAppSendTokenValue